// Validating benchmarks:
// ***** BenchmarkRunner: Start   *****
// ***** Found 3 benchmark(s) in total *****
// ***** Building 1 exe(s) in Parallel: Start   *****
// start dotnet  restore /p:UseSharedCompilation=false /p:BuildInParallel=false /m:1 /p:Deterministic=true /p:Optimize=true /p:IntermediateOutputPath="C:\HoGent24-25\Bachelorproef\PoC\Bachelorproef\WebshopBachelorproef\Webshop.Backend.Benchmarks\bin\Release\net8.0\1e17ca69-a5df-46d8-b112-e6c45843dda1\obj\Release\net8.0/" /p:OutDir="C:\HoGent24-25\Bachelorproef\PoC\Bachelorproef\WebshopBachelorproef\Webshop.Backend.Benchmarks\bin\Release\net8.0\1e17ca69-a5df-46d8-b112-e6c45843dda1\bin\Release\net8.0/" /p:OutputPath="C:\HoGent24-25\Bachelorproef\PoC\Bachelorproef\WebshopBachelorproef\Webshop.Backend.Benchmarks\bin\Release\net8.0\1e17ca69-a5df-46d8-b112-e6c45843dda1\bin\Release\net8.0/" in C:\HoGent24-25\Bachelorproef\PoC\Bachelorproef\WebshopBachelorproef\Webshop.Backend.Benchmarks\bin\Release\net8.0\1e17ca69-a5df-46d8-b112-e6c45843dda1
// command took 2.08 sec and exited with 0
// start dotnet  build -c Release --no-restore /p:UseSharedCompilation=false /p:BuildInParallel=false /m:1 /p:Deterministic=true /p:Optimize=true /p:IntermediateOutputPath="C:\HoGent24-25\Bachelorproef\PoC\Bachelorproef\WebshopBachelorproef\Webshop.Backend.Benchmarks\bin\Release\net8.0\1e17ca69-a5df-46d8-b112-e6c45843dda1\obj\Release\net8.0/" /p:OutDir="C:\HoGent24-25\Bachelorproef\PoC\Bachelorproef\WebshopBachelorproef\Webshop.Backend.Benchmarks\bin\Release\net8.0\1e17ca69-a5df-46d8-b112-e6c45843dda1\bin\Release\net8.0/" /p:OutputPath="C:\HoGent24-25\Bachelorproef\PoC\Bachelorproef\WebshopBachelorproef\Webshop.Backend.Benchmarks\bin\Release\net8.0\1e17ca69-a5df-46d8-b112-e6c45843dda1\bin\Release\net8.0/" --output "C:\HoGent24-25\Bachelorproef\PoC\Bachelorproef\WebshopBachelorproef\Webshop.Backend.Benchmarks\bin\Release\net8.0\1e17ca69-a5df-46d8-b112-e6c45843dda1\bin\Release\net8.0/" in C:\HoGent24-25\Bachelorproef\PoC\Bachelorproef\WebshopBachelorproef\Webshop.Backend.Benchmarks\bin\Release\net8.0\1e17ca69-a5df-46d8-b112-e6c45843dda1
// command took 13.96 sec and exited with 0
// ***** Done, took 00:00:16 (16.16 sec)   *****
// Found 3 benchmarks:
//   ProductDetailsBenchmark.'REST GET /api/products/details/{id}': DefaultJob [ProductId=1]
//   ProductDetailsBenchmark.'REST GET /api/products/details/{id}': DefaultJob [ProductId=50]
//   ProductDetailsBenchmark.'REST GET /api/products/details/{id}': DefaultJob [ProductId=100]

Setup power plan (GUID: 8c5e7fda-e8bf-4a96-9a85-a6e23a8c635c FriendlyName: Hoge prestaties)
// **************************
// Benchmark: ProductDetailsBenchmark.'REST GET /api/products/details/{id}': DefaultJob [ProductId=1]
// *** Execute ***
// Launch: 1 / 1
// Execute: dotnet 1e17ca69-a5df-46d8-b112-e6c45843dda1.dll --anonymousPipes 2520 2496 --benchmarkName "Webshop.Backend.Benchmarks.ProductDetailsBenchmark.GetProductDetails(ProductId: 1)" --job Default --benchmarkId 0 in C:\HoGent24-25\Bachelorproef\PoC\Bachelorproef\WebshopBachelorproef\Webshop.Backend.Benchmarks\bin\Release\net8.0\1e17ca69-a5df-46d8-b112-e6c45843dda1\bin\Release\net8.0
// BeforeAnythingElse

// Benchmark Process Environment Information:
// BenchmarkDotNet v0.14.0
// Runtime=.NET 8.0.8 (8.0.824.36612), X64 RyuJIT AVX2
// GC=Concurrent Workstation
// HardwareIntrinsics=AVX2,AES,BMI1,BMI2,FMA,LZCNT,PCLMUL,POPCNT,AvxVnni,SERIALIZE VectorSize=256
// Job: DefaultJob

OverheadJitting  1: 1 op, 333000.00 ns, 333.0000 us/op
WorkloadJitting  1: 1 op, 113602400.00 ns, 113.6024 ms/op

WorkloadPilot    1: 2 op, 12062100.00 ns, 6.0311 ms/op
WorkloadPilot    2: 3 op, 16495300.00 ns, 5.4984 ms/op
WorkloadPilot    3: 4 op, 21409000.00 ns, 5.3523 ms/op
WorkloadPilot    4: 5 op, 26988500.00 ns, 5.3977 ms/op
WorkloadPilot    5: 6 op, 31862400.00 ns, 5.3104 ms/op
WorkloadPilot    6: 7 op, 35290900.00 ns, 5.0416 ms/op
WorkloadPilot    7: 8 op, 41764400.00 ns, 5.2206 ms/op
WorkloadPilot    8: 9 op, 45370000.00 ns, 5.0411 ms/op
WorkloadPilot    9: 10 op, 53331600.00 ns, 5.3332 ms/op
WorkloadPilot   10: 11 op, 59189200.00 ns, 5.3808 ms/op
WorkloadPilot   11: 12 op, 59463200.00 ns, 4.9553 ms/op
WorkloadPilot   12: 13 op, 65343300.00 ns, 5.0264 ms/op
WorkloadPilot   13: 14 op, 70776200.00 ns, 5.0554 ms/op
WorkloadPilot   14: 15 op, 78818600.00 ns, 5.2546 ms/op
WorkloadPilot   15: 16 op, 84031800.00 ns, 5.2520 ms/op
WorkloadPilot   16: 32 op, 158547400.00 ns, 4.9546 ms/op
WorkloadPilot   17: 64 op, 330682500.00 ns, 5.1669 ms/op
WorkloadPilot   18: 128 op, 636223300.00 ns, 4.9705 ms/op

WorkloadWarmup   1: 128 op, 631090000.00 ns, 4.9304 ms/op
WorkloadWarmup   2: 128 op, 623202900.00 ns, 4.8688 ms/op
WorkloadWarmup   3: 128 op, 633495300.00 ns, 4.9492 ms/op
WorkloadWarmup   4: 128 op, 620466300.00 ns, 4.8474 ms/op
WorkloadWarmup   5: 128 op, 638364800.00 ns, 4.9872 ms/op
WorkloadWarmup   6: 128 op, 646093100.00 ns, 5.0476 ms/op
WorkloadWarmup   7: 128 op, 639553900.00 ns, 4.9965 ms/op

// BeforeActualRun
WorkloadActual   1: 128 op, 630051700.00 ns, 4.9223 ms/op
WorkloadActual   2: 128 op, 649768900.00 ns, 5.0763 ms/op
WorkloadActual   3: 128 op, 638208700.00 ns, 4.9860 ms/op
WorkloadActual   4: 128 op, 635414100.00 ns, 4.9642 ms/op
WorkloadActual   5: 128 op, 636093700.00 ns, 4.9695 ms/op
WorkloadActual   6: 128 op, 630326100.00 ns, 4.9244 ms/op
WorkloadActual   7: 128 op, 654669800.00 ns, 5.1146 ms/op
WorkloadActual   8: 128 op, 652686100.00 ns, 5.0991 ms/op
WorkloadActual   9: 128 op, 628034100.00 ns, 4.9065 ms/op
WorkloadActual  10: 128 op, 629225800.00 ns, 4.9158 ms/op
WorkloadActual  11: 128 op, 633670800.00 ns, 4.9506 ms/op
WorkloadActual  12: 128 op, 636027300.00 ns, 4.9690 ms/op
WorkloadActual  13: 128 op, 627820400.00 ns, 4.9048 ms/op
WorkloadActual  14: 128 op, 644601000.00 ns, 5.0359 ms/op
WorkloadActual  15: 128 op, 629088200.00 ns, 4.9148 ms/op

// AfterActualRun
WorkloadResult   1: 128 op, 630051700.00 ns, 4.9223 ms/op
WorkloadResult   2: 128 op, 649768900.00 ns, 5.0763 ms/op
WorkloadResult   3: 128 op, 638208700.00 ns, 4.9860 ms/op
WorkloadResult   4: 128 op, 635414100.00 ns, 4.9642 ms/op
WorkloadResult   5: 128 op, 636093700.00 ns, 4.9695 ms/op
WorkloadResult   6: 128 op, 630326100.00 ns, 4.9244 ms/op
WorkloadResult   7: 128 op, 654669800.00 ns, 5.1146 ms/op
WorkloadResult   8: 128 op, 652686100.00 ns, 5.0991 ms/op
WorkloadResult   9: 128 op, 628034100.00 ns, 4.9065 ms/op
WorkloadResult  10: 128 op, 629225800.00 ns, 4.9158 ms/op
WorkloadResult  11: 128 op, 633670800.00 ns, 4.9506 ms/op
WorkloadResult  12: 128 op, 636027300.00 ns, 4.9690 ms/op
WorkloadResult  13: 128 op, 627820400.00 ns, 4.9048 ms/op
WorkloadResult  14: 128 op, 644601000.00 ns, 5.0359 ms/op
WorkloadResult  15: 128 op, 629088200.00 ns, 4.9148 ms/op
// GC:  0 0 0 646760 128
// Threading:  391 14 128

// AfterAll
// Benchmark Process 37324 has exited with code 0.

Mean = 4.977 ms, StdErr = 0.018 ms (0.37%), N = 15, StdDev = 0.072 ms
Min = 4.905 ms, Q1 = 4.919 ms, Median = 4.964 ms, Q3 = 5.011 ms, Max = 5.115 ms
IQR = 0.092 ms, LowerFence = 4.781 ms, UpperFence = 5.149 ms
ConfidenceInterval = [4.900 ms; 5.053 ms] (CI 99.9%), Margin = 0.077 ms (1.54% of Mean)
Skewness = 0.74, Kurtosis = 2, MValue = 2

// ** Remained 2 (66,7%) benchmark(s) to run. Estimated finish 2025-05-05 14:16 (0h 0m from now) **
Setup power plan (GUID: 8c5e7fda-e8bf-4a96-9a85-a6e23a8c635c FriendlyName: Hoge prestaties)
// **************************
// Benchmark: ProductDetailsBenchmark.'REST GET /api/products/details/{id}': DefaultJob [ProductId=50]
// *** Execute ***
// Launch: 1 / 1
// Execute: dotnet 1e17ca69-a5df-46d8-b112-e6c45843dda1.dll --anonymousPipes 1408 2448 --benchmarkName "Webshop.Backend.Benchmarks.ProductDetailsBenchmark.GetProductDetails(ProductId: 50)" --job Default --benchmarkId 1 in C:\HoGent24-25\Bachelorproef\PoC\Bachelorproef\WebshopBachelorproef\Webshop.Backend.Benchmarks\bin\Release\net8.0\1e17ca69-a5df-46d8-b112-e6c45843dda1\bin\Release\net8.0
// BeforeAnythingElse

// Benchmark Process Environment Information:
// BenchmarkDotNet v0.14.0
// Runtime=.NET 8.0.8 (8.0.824.36612), X64 RyuJIT AVX2
// GC=Concurrent Workstation
// HardwareIntrinsics=AVX2,AES,BMI1,BMI2,FMA,LZCNT,PCLMUL,POPCNT,AvxVnni,SERIALIZE VectorSize=256
// Job: DefaultJob

OverheadJitting  1: 1 op, 379400.00 ns, 379.4000 us/op
WorkloadJitting  1: 1 op, 90433600.00 ns, 90.4336 ms/op

WorkloadPilot    1: 2 op, 12132400.00 ns, 6.0662 ms/op
WorkloadPilot    2: 3 op, 15302700.00 ns, 5.1009 ms/op
WorkloadPilot    3: 4 op, 21601300.00 ns, 5.4003 ms/op
WorkloadPilot    4: 5 op, 26086200.00 ns, 5.2172 ms/op
WorkloadPilot    5: 6 op, 29211600.00 ns, 4.8686 ms/op
WorkloadPilot    6: 7 op, 35034900.00 ns, 5.0050 ms/op
WorkloadPilot    7: 8 op, 41001200.00 ns, 5.1252 ms/op
WorkloadPilot    8: 9 op, 46860700.00 ns, 5.2067 ms/op
WorkloadPilot    9: 10 op, 52297700.00 ns, 5.2298 ms/op
WorkloadPilot   10: 11 op, 58971800.00 ns, 5.3611 ms/op
WorkloadPilot   11: 12 op, 60565200.00 ns, 5.0471 ms/op
WorkloadPilot   12: 13 op, 63988800.00 ns, 4.9222 ms/op
WorkloadPilot   13: 14 op, 71028900.00 ns, 5.0735 ms/op
WorkloadPilot   14: 15 op, 76722000.00 ns, 5.1148 ms/op
WorkloadPilot   15: 16 op, 79200200.00 ns, 4.9500 ms/op
WorkloadPilot   16: 32 op, 161876100.00 ns, 5.0586 ms/op
WorkloadPilot   17: 64 op, 308963100.00 ns, 4.8275 ms/op
WorkloadPilot   18: 128 op, 626798300.00 ns, 4.8969 ms/op

WorkloadWarmup   1: 128 op, 606488500.00 ns, 4.7382 ms/op
WorkloadWarmup   2: 128 op, 613636900.00 ns, 4.7940 ms/op
WorkloadWarmup   3: 128 op, 629745500.00 ns, 4.9199 ms/op
WorkloadWarmup   4: 128 op, 609856900.00 ns, 4.7645 ms/op
WorkloadWarmup   5: 128 op, 608376600.00 ns, 4.7529 ms/op
WorkloadWarmup   6: 128 op, 604153500.00 ns, 4.7199 ms/op
WorkloadWarmup   7: 128 op, 600793500.00 ns, 4.6937 ms/op
WorkloadWarmup   8: 128 op, 620288700.00 ns, 4.8460 ms/op
WorkloadWarmup   9: 128 op, 603479200.00 ns, 4.7147 ms/op

// BeforeActualRun
WorkloadActual   1: 128 op, 604111600.00 ns, 4.7196 ms/op
WorkloadActual   2: 128 op, 605735200.00 ns, 4.7323 ms/op
WorkloadActual   3: 128 op, 609848900.00 ns, 4.7644 ms/op
WorkloadActual   4: 128 op, 605216400.00 ns, 4.7283 ms/op
WorkloadActual   5: 128 op, 634230400.00 ns, 4.9549 ms/op
WorkloadActual   6: 128 op, 602236000.00 ns, 4.7050 ms/op
WorkloadActual   7: 128 op, 615748700.00 ns, 4.8105 ms/op
WorkloadActual   8: 128 op, 618953000.00 ns, 4.8356 ms/op
WorkloadActual   9: 128 op, 597489300.00 ns, 4.6679 ms/op
WorkloadActual  10: 128 op, 604571100.00 ns, 4.7232 ms/op
WorkloadActual  11: 128 op, 601910300.00 ns, 4.7024 ms/op
WorkloadActual  12: 128 op, 599119700.00 ns, 4.6806 ms/op
WorkloadActual  13: 128 op, 604637600.00 ns, 4.7237 ms/op
WorkloadActual  14: 128 op, 622886300.00 ns, 4.8663 ms/op
WorkloadActual  15: 128 op, 617427600.00 ns, 4.8237 ms/op

// AfterActualRun
WorkloadResult   1: 128 op, 604111600.00 ns, 4.7196 ms/op
WorkloadResult   2: 128 op, 605735200.00 ns, 4.7323 ms/op
WorkloadResult   3: 128 op, 609848900.00 ns, 4.7644 ms/op
WorkloadResult   4: 128 op, 605216400.00 ns, 4.7283 ms/op
WorkloadResult   5: 128 op, 634230400.00 ns, 4.9549 ms/op
WorkloadResult   6: 128 op, 602236000.00 ns, 4.7050 ms/op
WorkloadResult   7: 128 op, 615748700.00 ns, 4.8105 ms/op
WorkloadResult   8: 128 op, 618953000.00 ns, 4.8356 ms/op
WorkloadResult   9: 128 op, 597489300.00 ns, 4.6679 ms/op
WorkloadResult  10: 128 op, 604571100.00 ns, 4.7232 ms/op
WorkloadResult  11: 128 op, 601910300.00 ns, 4.7024 ms/op
WorkloadResult  12: 128 op, 599119700.00 ns, 4.6806 ms/op
WorkloadResult  13: 128 op, 604637600.00 ns, 4.7237 ms/op
WorkloadResult  14: 128 op, 622886300.00 ns, 4.8663 ms/op
WorkloadResult  15: 128 op, 617427600.00 ns, 4.8237 ms/op
// GC:  0 0 0 655136 128
// Threading:  387 21 128

// AfterAll
// Benchmark Process 5568 has exited with code 0.

Mean = 4.763 ms, StdErr = 0.021 ms (0.43%), N = 15, StdDev = 0.080 ms
Min = 4.668 ms, Q1 = 4.712 ms, Median = 4.728 ms, Q3 = 4.817 ms, Max = 4.955 ms
IQR = 0.105 ms, LowerFence = 4.555 ms, UpperFence = 4.974 ms
ConfidenceInterval = [4.677 ms; 4.848 ms] (CI 99.9%), Margin = 0.085 ms (1.79% of Mean)
Skewness = 0.91, Kurtosis = 2.81, MValue = 2

// ** Remained 1 (33,3%) benchmark(s) to run. Estimated finish 2025-05-05 14:16 (0h 0m from now) **
Setup power plan (GUID: 8c5e7fda-e8bf-4a96-9a85-a6e23a8c635c FriendlyName: Hoge prestaties)
// **************************
// Benchmark: ProductDetailsBenchmark.'REST GET /api/products/details/{id}': DefaultJob [ProductId=100]
// *** Execute ***
// Launch: 1 / 1
// Execute: dotnet 1e17ca69-a5df-46d8-b112-e6c45843dda1.dll --anonymousPipes 2512 1852 --benchmarkName "Webshop.Backend.Benchmarks.ProductDetailsBenchmark.GetProductDetails(ProductId: 100)" --job Default --benchmarkId 2 in C:\HoGent24-25\Bachelorproef\PoC\Bachelorproef\WebshopBachelorproef\Webshop.Backend.Benchmarks\bin\Release\net8.0\1e17ca69-a5df-46d8-b112-e6c45843dda1\bin\Release\net8.0
// BeforeAnythingElse

// Benchmark Process Environment Information:
// BenchmarkDotNet v0.14.0
// Runtime=.NET 8.0.8 (8.0.824.36612), X64 RyuJIT AVX2
// GC=Concurrent Workstation
// HardwareIntrinsics=AVX2,AES,BMI1,BMI2,FMA,LZCNT,PCLMUL,POPCNT,AvxVnni,SERIALIZE VectorSize=256
// Job: DefaultJob

OverheadJitting  1: 1 op, 356900.00 ns, 356.9000 us/op
WorkloadJitting  1: 1 op, 90251200.00 ns, 90.2512 ms/op

WorkloadPilot    1: 2 op, 11664000.00 ns, 5.8320 ms/op
WorkloadPilot    2: 3 op, 16003900.00 ns, 5.3346 ms/op
WorkloadPilot    3: 4 op, 21264200.00 ns, 5.3161 ms/op
WorkloadPilot    4: 5 op, 25959600.00 ns, 5.1919 ms/op
WorkloadPilot    5: 6 op, 31644400.00 ns, 5.2741 ms/op
WorkloadPilot    6: 7 op, 36085300.00 ns, 5.1550 ms/op
WorkloadPilot    7: 8 op, 40370500.00 ns, 5.0463 ms/op
WorkloadPilot    8: 9 op, 44632400.00 ns, 4.9592 ms/op
WorkloadPilot    9: 10 op, 50247500.00 ns, 5.0248 ms/op
WorkloadPilot   10: 11 op, 53907000.00 ns, 4.9006 ms/op
WorkloadPilot   11: 12 op, 60075500.00 ns, 5.0063 ms/op
WorkloadPilot   12: 13 op, 62062600.00 ns, 4.7740 ms/op
WorkloadPilot   13: 14 op, 69437900.00 ns, 4.9599 ms/op
WorkloadPilot   14: 15 op, 70704700.00 ns, 4.7136 ms/op
WorkloadPilot   15: 16 op, 77554800.00 ns, 4.8472 ms/op
WorkloadPilot   16: 32 op, 156563700.00 ns, 4.8926 ms/op
WorkloadPilot   17: 64 op, 326365300.00 ns, 5.0995 ms/op
WorkloadPilot   18: 128 op, 631464200.00 ns, 4.9333 ms/op

WorkloadWarmup   1: 128 op, 612012400.00 ns, 4.7813 ms/op
WorkloadWarmup   2: 128 op, 603441000.00 ns, 4.7144 ms/op
WorkloadWarmup   3: 128 op, 613059800.00 ns, 4.7895 ms/op
WorkloadWarmup   4: 128 op, 620532600.00 ns, 4.8479 ms/op
WorkloadWarmup   5: 128 op, 614540800.00 ns, 4.8011 ms/op
WorkloadWarmup   6: 128 op, 616081900.00 ns, 4.8131 ms/op
WorkloadWarmup   7: 128 op, 611321000.00 ns, 4.7759 ms/op

// BeforeActualRun
WorkloadActual   1: 128 op, 635369700.00 ns, 4.9638 ms/op
WorkloadActual   2: 128 op, 597961200.00 ns, 4.6716 ms/op
WorkloadActual   3: 128 op, 607231100.00 ns, 4.7440 ms/op
WorkloadActual   4: 128 op, 614550500.00 ns, 4.8012 ms/op
WorkloadActual   5: 128 op, 616919300.00 ns, 4.8197 ms/op
WorkloadActual   6: 128 op, 620193100.00 ns, 4.8453 ms/op
WorkloadActual   7: 128 op, 615997600.00 ns, 4.8125 ms/op
WorkloadActual   8: 128 op, 598863400.00 ns, 4.6786 ms/op
WorkloadActual   9: 128 op, 608819100.00 ns, 4.7564 ms/op
WorkloadActual  10: 128 op, 610474100.00 ns, 4.7693 ms/op
WorkloadActual  11: 128 op, 619785300.00 ns, 4.8421 ms/op
WorkloadActual  12: 128 op, 613391800.00 ns, 4.7921 ms/op
WorkloadActual  13: 128 op, 613047000.00 ns, 4.7894 ms/op
WorkloadActual  14: 128 op, 614765600.00 ns, 4.8029 ms/op
WorkloadActual  15: 128 op, 611521500.00 ns, 4.7775 ms/op

// AfterActualRun
WorkloadResult   1: 128 op, 597961200.00 ns, 4.6716 ms/op
WorkloadResult   2: 128 op, 607231100.00 ns, 4.7440 ms/op
WorkloadResult   3: 128 op, 614550500.00 ns, 4.8012 ms/op
WorkloadResult   4: 128 op, 616919300.00 ns, 4.8197 ms/op
WorkloadResult   5: 128 op, 620193100.00 ns, 4.8453 ms/op
WorkloadResult   6: 128 op, 615997600.00 ns, 4.8125 ms/op
WorkloadResult   7: 128 op, 598863400.00 ns, 4.6786 ms/op
WorkloadResult   8: 128 op, 608819100.00 ns, 4.7564 ms/op
WorkloadResult   9: 128 op, 610474100.00 ns, 4.7693 ms/op
WorkloadResult  10: 128 op, 619785300.00 ns, 4.8421 ms/op
WorkloadResult  11: 128 op, 613391800.00 ns, 4.7921 ms/op
WorkloadResult  12: 128 op, 613047000.00 ns, 4.7894 ms/op
WorkloadResult  13: 128 op, 614765600.00 ns, 4.8029 ms/op
WorkloadResult  14: 128 op, 611521500.00 ns, 4.7775 ms/op
// GC:  0 0 0 661736 128
// Threading:  387 3 128

// AfterAll
// Benchmark Process 43628 has exited with code 0.

Mean = 4.779 ms, StdErr = 0.014 ms (0.29%), N = 14, StdDev = 0.053 ms
Min = 4.672 ms, Q1 = 4.760 ms, Median = 4.791 ms, Q3 = 4.810 ms, Max = 4.845 ms
IQR = 0.050 ms, LowerFence = 4.684 ms, UpperFence = 4.886 ms
ConfidenceInterval = [4.719 ms; 4.838 ms] (CI 99.9%), Margin = 0.059 ms (1.24% of Mean)
Skewness = -0.79, Kurtosis = 2.57, MValue = 2

// ** Remained 0 (0,0%) benchmark(s) to run. Estimated finish 2025-05-05 14:16 (0h 0m from now) **
Successfully reverted power plan (GUID: 8c5e7fda-e8bf-4a96-9a85-a6e23a8c635c FriendlyName: Hoge prestaties)
// ***** BenchmarkRunner: Finish  *****

// * Export *
  BenchmarkDotNet.Artifacts\results\Webshop.Backend.Benchmarks.ProductDetailsBenchmark-report.csv
  BenchmarkDotNet.Artifacts\results\Webshop.Backend.Benchmarks.ProductDetailsBenchmark-report-github.md
  BenchmarkDotNet.Artifacts\results\Webshop.Backend.Benchmarks.ProductDetailsBenchmark-report.html

// * Detailed results *
ProductDetailsBenchmark.'REST GET /api/products/details/{id}': DefaultJob [ProductId=1]
Runtime = .NET 8.0.8 (8.0.824.36612), X64 RyuJIT AVX2; GC = Concurrent Workstation
Mean = 4.977 ms, StdErr = 0.018 ms (0.37%), N = 15, StdDev = 0.072 ms
Min = 4.905 ms, Q1 = 4.919 ms, Median = 4.964 ms, Q3 = 5.011 ms, Max = 5.115 ms
IQR = 0.092 ms, LowerFence = 4.781 ms, UpperFence = 5.149 ms
ConfidenceInterval = [4.900 ms; 5.053 ms] (CI 99.9%), Margin = 0.077 ms (1.54% of Mean)
Skewness = 0.74, Kurtosis = 2, MValue = 2
-------------------- Histogram --------------------
[4.888 ms ; 5.045 ms) | @@@@@@@@@@@@
[5.045 ms ; 5.153 ms) | @@@
---------------------------------------------------

ProductDetailsBenchmark.'REST GET /api/products/details/{id}': DefaultJob [ProductId=50]
Runtime = .NET 8.0.8 (8.0.824.36612), X64 RyuJIT AVX2; GC = Concurrent Workstation
Mean = 4.763 ms, StdErr = 0.021 ms (0.43%), N = 15, StdDev = 0.080 ms
Min = 4.668 ms, Q1 = 4.712 ms, Median = 4.728 ms, Q3 = 4.817 ms, Max = 4.955 ms
IQR = 0.105 ms, LowerFence = 4.555 ms, UpperFence = 4.974 ms
ConfidenceInterval = [4.677 ms; 4.848 ms] (CI 99.9%), Margin = 0.085 ms (1.79% of Mean)
Skewness = 0.91, Kurtosis = 2.81, MValue = 2
-------------------- Histogram --------------------
[4.653 ms ; 4.790 ms) | @@@@@@@@@@
[4.790 ms ; 4.997 ms) | @@@@@
---------------------------------------------------

ProductDetailsBenchmark.'REST GET /api/products/details/{id}': DefaultJob [ProductId=100]
Runtime = .NET 8.0.8 (8.0.824.36612), X64 RyuJIT AVX2; GC = Concurrent Workstation
Mean = 4.779 ms, StdErr = 0.014 ms (0.29%), N = 14, StdDev = 0.053 ms
Min = 4.672 ms, Q1 = 4.760 ms, Median = 4.791 ms, Q3 = 4.810 ms, Max = 4.845 ms
IQR = 0.050 ms, LowerFence = 4.684 ms, UpperFence = 4.886 ms
ConfidenceInterval = [4.719 ms; 4.838 ms] (CI 99.9%), Margin = 0.059 ms (1.24% of Mean)
Skewness = -0.79, Kurtosis = 2.57, MValue = 2
-------------------- Histogram --------------------
[4.643 ms ; 4.747 ms) | @@@
[4.747 ms ; 4.874 ms) | @@@@@@@@@@@
---------------------------------------------------

// * Summary *

BenchmarkDotNet v0.14.0, Windows 11 (10.0.26100.3775)
12th Gen Intel Core i7-12700H, 1 CPU, 20 logical and 14 physical cores
.NET SDK 8.0.400
  [Host]     : .NET 8.0.8 (8.0.824.36612), X64 RyuJIT AVX2
  DefaultJob : .NET 8.0.8 (8.0.824.36612), X64 RyuJIT AVX2


| Method                                | ProductId | Mean     | Error     | StdDev    | Allocated |
|-------------------------------------- |---------- |---------:|----------:|----------:|----------:|
| 'REST GET /api/products/details/{id}' | 1         | 4.977 ms | 0.0766 ms | 0.0716 ms |   4.93 KB |
| 'REST GET /api/products/details/{id}' | 50        | 4.763 ms | 0.0851 ms | 0.0796 ms |      5 KB |
| 'REST GET /api/products/details/{id}' | 100       | 4.779 ms | 0.0593 ms | 0.0526 ms |   5.05 KB |

// * Hints *
Outliers
  ProductDetailsBenchmark.'REST GET /api/products/details/{id}': Default -> 1 outlier  was  removed, 3 outliers were detected (4.67 ms, 4.68 ms, 4.96 ms)

// * Legends *
  ProductId : Value of the 'ProductId' parameter
  Mean      : Arithmetic mean of all measurements
  Error     : Half of 99.9% confidence interval
  StdDev    : Standard deviation of all measurements
  Allocated : Allocated memory per single operation (managed only, inclusive, 1KB = 1024B)
  1 ms      : 1 Millisecond (0.001 sec)

// * Diagnostic Output - MemoryDiagnoser *


// ***** BenchmarkRunner: End *****
Run time: 00:00:51 (51.83 sec), executed benchmarks: 3

Global total time: 00:01:08 (68.34 sec), executed benchmarks: 3
// * Artifacts cleanup *
Artifacts cleanup is finished
