// Validating benchmarks:
// ***** BenchmarkRunner: Start   *****
// ***** Found 6 benchmark(s) in total *****
// ***** Building 1 exe(s) in Parallel: Start   *****
// start dotnet  restore /p:UseSharedCompilation=false /p:BuildInParallel=false /m:1 /p:Deterministic=true /p:Optimize=true /p:IntermediateOutputPath="C:\HoGent24-25\Bachelorproef\PoC\Bachelorproef\WebshopBachelorproef\Webshop.Backend.Benchmarks\bin\Release\net8.0\7ae69e0c-2f08-4434-99b3-17e3e3973269\obj\Release\net8.0/" /p:OutDir="C:\HoGent24-25\Bachelorproef\PoC\Bachelorproef\WebshopBachelorproef\Webshop.Backend.Benchmarks\bin\Release\net8.0\7ae69e0c-2f08-4434-99b3-17e3e3973269\bin\Release\net8.0/" /p:OutputPath="C:\HoGent24-25\Bachelorproef\PoC\Bachelorproef\WebshopBachelorproef\Webshop.Backend.Benchmarks\bin\Release\net8.0\7ae69e0c-2f08-4434-99b3-17e3e3973269\bin\Release\net8.0/" in C:\HoGent24-25\Bachelorproef\PoC\Bachelorproef\WebshopBachelorproef\Webshop.Backend.Benchmarks\bin\Release\net8.0\7ae69e0c-2f08-4434-99b3-17e3e3973269
// command took 1.29 sec and exited with 0
// start dotnet  build -c Release --no-restore /p:UseSharedCompilation=false /p:BuildInParallel=false /m:1 /p:Deterministic=true /p:Optimize=true /p:IntermediateOutputPath="C:\HoGent24-25\Bachelorproef\PoC\Bachelorproef\WebshopBachelorproef\Webshop.Backend.Benchmarks\bin\Release\net8.0\7ae69e0c-2f08-4434-99b3-17e3e3973269\obj\Release\net8.0/" /p:OutDir="C:\HoGent24-25\Bachelorproef\PoC\Bachelorproef\WebshopBachelorproef\Webshop.Backend.Benchmarks\bin\Release\net8.0\7ae69e0c-2f08-4434-99b3-17e3e3973269\bin\Release\net8.0/" /p:OutputPath="C:\HoGent24-25\Bachelorproef\PoC\Bachelorproef\WebshopBachelorproef\Webshop.Backend.Benchmarks\bin\Release\net8.0\7ae69e0c-2f08-4434-99b3-17e3e3973269\bin\Release\net8.0/" --output "C:\HoGent24-25\Bachelorproef\PoC\Bachelorproef\WebshopBachelorproef\Webshop.Backend.Benchmarks\bin\Release\net8.0\7ae69e0c-2f08-4434-99b3-17e3e3973269\bin\Release\net8.0/" in C:\HoGent24-25\Bachelorproef\PoC\Bachelorproef\WebshopBachelorproef\Webshop.Backend.Benchmarks\bin\Release\net8.0\7ae69e0c-2f08-4434-99b3-17e3e3973269
// command took 7.46 sec and exited with 0
// ***** Done, took 00:00:08 (8.82 sec)   *****
// Found 6 benchmarks:
//   GraphQLResolverBenchmark.'Direct Service Call': DefaultJob [ProductId=1]
//   GraphQLResolverBenchmark.'GraphQL HTTP Call': DefaultJob [ProductId=1]
//   GraphQLResolverBenchmark.'Direct Service Call': DefaultJob [ProductId=10]
//   GraphQLResolverBenchmark.'GraphQL HTTP Call': DefaultJob [ProductId=10]
//   GraphQLResolverBenchmark.'Direct Service Call': DefaultJob [ProductId=50]
//   GraphQLResolverBenchmark.'GraphQL HTTP Call': DefaultJob [ProductId=50]

Setup power plan (GUID: 8c5e7fda-e8bf-4a96-9a85-a6e23a8c635c FriendlyName: Hoge prestaties)
// **************************
// Benchmark: GraphQLResolverBenchmark.'Direct Service Call': DefaultJob [ProductId=1]
// *** Execute ***
// Launch: 1 / 1
// Execute: dotnet 7ae69e0c-2f08-4434-99b3-17e3e3973269.dll --anonymousPipes 1384 1424 --benchmarkName "Webshop.Backend.Benchmarks.GraphQLResolverBenchmark.DirectService(ProductId: 1)" --job Default --benchmarkId 0 in C:\HoGent24-25\Bachelorproef\PoC\Bachelorproef\WebshopBachelorproef\Webshop.Backend.Benchmarks\bin\Release\net8.0\7ae69e0c-2f08-4434-99b3-17e3e3973269\bin\Release\net8.0
// BeforeAnythingElse

// Benchmark Process Environment Information:
// BenchmarkDotNet v0.14.0
// Runtime=.NET 8.0.8 (8.0.824.36612), X64 RyuJIT AVX2
// GC=Concurrent Workstation
// HardwareIntrinsics=AVX2,AES,BMI1,BMI2,FMA,LZCNT,PCLMUL,POPCNT,AvxVnni,SERIALIZE VectorSize=256
// Job: DefaultJob

OverheadJitting  1: 1 op, 131200.00 ns, 131.2000 us/op
WorkloadJitting  1: 1 op, 65233200.00 ns, 65.2332 ms/op

WorkloadPilot    1: 2 op, 1875000.00 ns, 937.5000 us/op
WorkloadPilot    2: 3 op, 454300.00 ns, 151.4333 us/op
WorkloadPilot    3: 4 op, 426200.00 ns, 106.5500 us/op
WorkloadPilot    4: 5 op, 430100.00 ns, 86.0200 us/op
WorkloadPilot    5: 6 op, 537000.00 ns, 89.5000 us/op
WorkloadPilot    6: 7 op, 813800.00 ns, 116.2571 us/op
WorkloadPilot    7: 8 op, 704700.00 ns, 88.0875 us/op
WorkloadPilot    8: 9 op, 713300.00 ns, 79.2556 us/op
WorkloadPilot    9: 10 op, 822000.00 ns, 82.2000 us/op
WorkloadPilot   10: 11 op, 1089500.00 ns, 99.0455 us/op
WorkloadPilot   11: 12 op, 968400.00 ns, 80.7000 us/op
WorkloadPilot   12: 13 op, 1003900.00 ns, 77.2231 us/op
WorkloadPilot   13: 14 op, 1198500.00 ns, 85.6071 us/op
WorkloadPilot   14: 15 op, 1095000.00 ns, 73.0000 us/op
WorkloadPilot   15: 16 op, 1698900.00 ns, 106.1813 us/op
WorkloadPilot   16: 32 op, 2371100.00 ns, 74.0969 us/op
WorkloadPilot   17: 64 op, 5659800.00 ns, 88.4344 us/op
WorkloadPilot   18: 128 op, 10783800.00 ns, 84.2484 us/op
WorkloadPilot   19: 256 op, 19280200.00 ns, 75.3133 us/op
WorkloadPilot   20: 512 op, 35121000.00 ns, 68.5957 us/op
WorkloadPilot   21: 1024 op, 85667800.00 ns, 83.6600 us/op
WorkloadPilot   22: 2048 op, 205306000.00 ns, 100.2471 us/op
WorkloadPilot   23: 4096 op, 374719000.00 ns, 91.4841 us/op
WorkloadPilot   24: 8192 op, 615666900.00 ns, 75.1547 us/op

WorkloadWarmup   1: 8192 op, 536718200.00 ns, 65.5174 us/op
WorkloadWarmup   2: 8192 op, 270062700.00 ns, 32.9666 us/op
WorkloadWarmup   3: 8192 op, 215330500.00 ns, 26.2855 us/op
WorkloadWarmup   4: 8192 op, 211287000.00 ns, 25.7919 us/op
WorkloadWarmup   5: 8192 op, 213244500.00 ns, 26.0308 us/op
WorkloadWarmup   6: 8192 op, 210504100.00 ns, 25.6963 us/op
WorkloadWarmup   7: 8192 op, 209618000.00 ns, 25.5881 us/op
WorkloadWarmup   8: 8192 op, 212402500.00 ns, 25.9280 us/op
WorkloadWarmup   9: 8192 op, 210787800.00 ns, 25.7309 us/op

// BeforeActualRun
WorkloadActual   1: 8192 op, 209832700.00 ns, 25.6143 us/op
WorkloadActual   2: 8192 op, 211957800.00 ns, 25.8738 us/op
WorkloadActual   3: 8192 op, 206577500.00 ns, 25.2170 us/op
WorkloadActual   4: 8192 op, 212782200.00 ns, 25.9744 us/op
WorkloadActual   5: 8192 op, 211204600.00 ns, 25.7818 us/op
WorkloadActual   6: 8192 op, 210094600.00 ns, 25.6463 us/op
WorkloadActual   7: 8192 op, 208522800.00 ns, 25.4544 us/op
WorkloadActual   8: 8192 op, 211623400.00 ns, 25.8329 us/op
WorkloadActual   9: 8192 op, 212754500.00 ns, 25.9710 us/op
WorkloadActual  10: 8192 op, 212778700.00 ns, 25.9740 us/op
WorkloadActual  11: 8192 op, 234739200.00 ns, 28.6547 us/op
WorkloadActual  12: 8192 op, 215057300.00 ns, 26.2521 us/op
WorkloadActual  13: 8192 op, 225603600.00 ns, 27.5395 us/op
WorkloadActual  14: 8192 op, 237504400.00 ns, 28.9922 us/op
WorkloadActual  15: 8192 op, 244259000.00 ns, 29.8168 us/op
WorkloadActual  16: 8192 op, 226583200.00 ns, 27.6591 us/op
WorkloadActual  17: 8192 op, 218811600.00 ns, 26.7104 us/op
WorkloadActual  18: 8192 op, 213698200.00 ns, 26.0862 us/op
WorkloadActual  19: 8192 op, 214141000.00 ns, 26.1403 us/op
WorkloadActual  20: 8192 op, 215212400.00 ns, 26.2710 us/op
WorkloadActual  21: 8192 op, 212268500.00 ns, 25.9117 us/op
WorkloadActual  22: 8192 op, 212597400.00 ns, 25.9518 us/op
WorkloadActual  23: 8192 op, 217763200.00 ns, 26.5824 us/op
WorkloadActual  24: 8192 op, 214442600.00 ns, 26.1771 us/op

// AfterActualRun
WorkloadResult   1: 8192 op, 209832700.00 ns, 25.6143 us/op
WorkloadResult   2: 8192 op, 211957800.00 ns, 25.8738 us/op
WorkloadResult   3: 8192 op, 206577500.00 ns, 25.2170 us/op
WorkloadResult   4: 8192 op, 212782200.00 ns, 25.9744 us/op
WorkloadResult   5: 8192 op, 211204600.00 ns, 25.7818 us/op
WorkloadResult   6: 8192 op, 210094600.00 ns, 25.6463 us/op
WorkloadResult   7: 8192 op, 208522800.00 ns, 25.4544 us/op
WorkloadResult   8: 8192 op, 211623400.00 ns, 25.8329 us/op
WorkloadResult   9: 8192 op, 212754500.00 ns, 25.9710 us/op
WorkloadResult  10: 8192 op, 212778700.00 ns, 25.9740 us/op
WorkloadResult  11: 8192 op, 215057300.00 ns, 26.2521 us/op
WorkloadResult  12: 8192 op, 225603600.00 ns, 27.5395 us/op
WorkloadResult  13: 8192 op, 226583200.00 ns, 27.6591 us/op
WorkloadResult  14: 8192 op, 218811600.00 ns, 26.7104 us/op
WorkloadResult  15: 8192 op, 213698200.00 ns, 26.0862 us/op
WorkloadResult  16: 8192 op, 214141000.00 ns, 26.1403 us/op
WorkloadResult  17: 8192 op, 215212400.00 ns, 26.2710 us/op
WorkloadResult  18: 8192 op, 212268500.00 ns, 25.9117 us/op
WorkloadResult  19: 8192 op, 212597400.00 ns, 25.9518 us/op
WorkloadResult  20: 8192 op, 217763200.00 ns, 26.5824 us/op
WorkloadResult  21: 8192 op, 214442600.00 ns, 26.1771 us/op
// GC:  31 3 0 393282568 8192
// Threading:  0 0 8192

// AfterAll
// Benchmark Process 9192 has exited with code 0.

Mean = 26.125 μs, StdErr = 0.130 μs (0.50%), N = 21, StdDev = 0.597 μs
Min = 25.217 μs, Q1 = 25.833 μs, Median = 25.974 μs, Q3 = 26.252 μs, Max = 27.659 μs
IQR = 0.419 μs, LowerFence = 25.204 μs, UpperFence = 26.881 μs
ConfidenceInterval = [25.624 μs; 26.626 μs] (CI 99.9%), Margin = 0.501 μs (1.92% of Mean)
Skewness = 1.2, Kurtosis = 4.03, MValue = 2

// ** Remained 5 (83,3%) benchmark(s) to run. Estimated finish 2025-05-05 10:58 (0h 0m from now) **
Setup power plan (GUID: 8c5e7fda-e8bf-4a96-9a85-a6e23a8c635c FriendlyName: Hoge prestaties)
// **************************
// Benchmark: GraphQLResolverBenchmark.'GraphQL HTTP Call': DefaultJob [ProductId=1]
// *** Execute ***
// Launch: 1 / 1
// Execute: dotnet 7ae69e0c-2f08-4434-99b3-17e3e3973269.dll --anonymousPipes 1728 1736 --benchmarkName "Webshop.Backend.Benchmarks.GraphQLResolverBenchmark.GraphQLHttp(ProductId: 1)" --job Default --benchmarkId 1 in C:\HoGent24-25\Bachelorproef\PoC\Bachelorproef\WebshopBachelorproef\Webshop.Backend.Benchmarks\bin\Release\net8.0\7ae69e0c-2f08-4434-99b3-17e3e3973269\bin\Release\net8.0
// BeforeAnythingElse

// Benchmark Process Environment Information:
// BenchmarkDotNet v0.14.0
// Runtime=.NET 8.0.8 (8.0.824.36612), X64 RyuJIT AVX2
// GC=Concurrent Workstation
// HardwareIntrinsics=AVX2,AES,BMI1,BMI2,FMA,LZCNT,PCLMUL,POPCNT,AvxVnni,SERIALIZE VectorSize=256
// Job: DefaultJob

OverheadJitting  1: 1 op, 137300.00 ns, 137.3000 us/op
WorkloadJitting  1: 1 op, 118265700.00 ns, 118.2657 ms/op

WorkloadPilot    1: 2 op, 9201300.00 ns, 4.6007 ms/op
WorkloadPilot    2: 3 op, 12901000.00 ns, 4.3003 ms/op
WorkloadPilot    3: 4 op, 14861400.00 ns, 3.7154 ms/op
WorkloadPilot    4: 5 op, 20058100.00 ns, 4.0116 ms/op
WorkloadPilot    5: 6 op, 23970700.00 ns, 3.9951 ms/op
WorkloadPilot    6: 7 op, 27393100.00 ns, 3.9133 ms/op
WorkloadPilot    7: 8 op, 30694500.00 ns, 3.8368 ms/op
WorkloadPilot    8: 9 op, 38320400.00 ns, 4.2578 ms/op
WorkloadPilot    9: 10 op, 39825400.00 ns, 3.9825 ms/op
WorkloadPilot   10: 11 op, 39180900.00 ns, 3.5619 ms/op
WorkloadPilot   11: 12 op, 50298400.00 ns, 4.1915 ms/op
WorkloadPilot   12: 13 op, 48358400.00 ns, 3.7199 ms/op
WorkloadPilot   13: 14 op, 52330900.00 ns, 3.7379 ms/op
WorkloadPilot   14: 15 op, 59446600.00 ns, 3.9631 ms/op
WorkloadPilot   15: 16 op, 57499100.00 ns, 3.5937 ms/op
WorkloadPilot   16: 32 op, 119326500.00 ns, 3.7290 ms/op
WorkloadPilot   17: 64 op, 245196800.00 ns, 3.8312 ms/op
WorkloadPilot   18: 128 op, 457560800.00 ns, 3.5747 ms/op
WorkloadPilot   19: 256 op, 892510500.00 ns, 3.4864 ms/op

WorkloadWarmup   1: 256 op, 828032700.00 ns, 3.2345 ms/op
WorkloadWarmup   2: 256 op, 813623800.00 ns, 3.1782 ms/op
WorkloadWarmup   3: 256 op, 808511500.00 ns, 3.1582 ms/op
WorkloadWarmup   4: 256 op, 819876600.00 ns, 3.2026 ms/op
WorkloadWarmup   5: 256 op, 791211400.00 ns, 3.0907 ms/op
WorkloadWarmup   6: 256 op, 791050300.00 ns, 3.0900 ms/op
WorkloadWarmup   7: 256 op, 749217900.00 ns, 2.9266 ms/op
WorkloadWarmup   8: 256 op, 774627700.00 ns, 3.0259 ms/op
WorkloadWarmup   9: 256 op, 777654000.00 ns, 3.0377 ms/op
WorkloadWarmup  10: 256 op, 733942000.00 ns, 2.8670 ms/op

// BeforeActualRun
WorkloadActual   1: 256 op, 790437600.00 ns, 3.0876 ms/op
WorkloadActual   2: 256 op, 791022000.00 ns, 3.0899 ms/op
WorkloadActual   3: 256 op, 792808400.00 ns, 3.0969 ms/op
WorkloadActual   4: 256 op, 760308500.00 ns, 2.9700 ms/op
WorkloadActual   5: 256 op, 758363400.00 ns, 2.9624 ms/op
WorkloadActual   6: 256 op, 747513400.00 ns, 2.9200 ms/op
WorkloadActual   7: 256 op, 803613800.00 ns, 3.1391 ms/op
WorkloadActual   8: 256 op, 775369400.00 ns, 3.0288 ms/op
WorkloadActual   9: 256 op, 768669100.00 ns, 3.0026 ms/op
WorkloadActual  10: 256 op, 808935800.00 ns, 3.1599 ms/op
WorkloadActual  11: 256 op, 831930100.00 ns, 3.2497 ms/op
WorkloadActual  12: 256 op, 766350400.00 ns, 2.9936 ms/op
WorkloadActual  13: 256 op, 747769700.00 ns, 2.9210 ms/op
WorkloadActual  14: 256 op, 776244600.00 ns, 3.0322 ms/op
WorkloadActual  15: 256 op, 764648400.00 ns, 2.9869 ms/op
WorkloadActual  16: 256 op, 795456300.00 ns, 3.1073 ms/op
WorkloadActual  17: 256 op, 783187400.00 ns, 3.0593 ms/op
WorkloadActual  18: 256 op, 748896100.00 ns, 2.9254 ms/op
WorkloadActual  19: 256 op, 743813800.00 ns, 2.9055 ms/op
WorkloadActual  20: 256 op, 763319600.00 ns, 2.9817 ms/op
WorkloadActual  21: 256 op, 745658600.00 ns, 2.9127 ms/op
WorkloadActual  22: 256 op, 738582000.00 ns, 2.8851 ms/op
WorkloadActual  23: 256 op, 777320200.00 ns, 3.0364 ms/op
WorkloadActual  24: 256 op, 777572000.00 ns, 3.0374 ms/op
WorkloadActual  25: 256 op, 754037400.00 ns, 2.9455 ms/op
WorkloadActual  26: 256 op, 757039800.00 ns, 2.9572 ms/op
WorkloadActual  27: 256 op, 748499400.00 ns, 2.9238 ms/op
WorkloadActual  28: 256 op, 758879800.00 ns, 2.9644 ms/op
WorkloadActual  29: 256 op, 745340800.00 ns, 2.9115 ms/op
WorkloadActual  30: 256 op, 783827200.00 ns, 3.0618 ms/op

// AfterActualRun
WorkloadResult   1: 256 op, 790437600.00 ns, 3.0876 ms/op
WorkloadResult   2: 256 op, 791022000.00 ns, 3.0899 ms/op
WorkloadResult   3: 256 op, 792808400.00 ns, 3.0969 ms/op
WorkloadResult   4: 256 op, 760308500.00 ns, 2.9700 ms/op
WorkloadResult   5: 256 op, 758363400.00 ns, 2.9624 ms/op
WorkloadResult   6: 256 op, 747513400.00 ns, 2.9200 ms/op
WorkloadResult   7: 256 op, 803613800.00 ns, 3.1391 ms/op
WorkloadResult   8: 256 op, 775369400.00 ns, 3.0288 ms/op
WorkloadResult   9: 256 op, 768669100.00 ns, 3.0026 ms/op
WorkloadResult  10: 256 op, 808935800.00 ns, 3.1599 ms/op
WorkloadResult  11: 256 op, 831930100.00 ns, 3.2497 ms/op
WorkloadResult  12: 256 op, 766350400.00 ns, 2.9936 ms/op
WorkloadResult  13: 256 op, 747769700.00 ns, 2.9210 ms/op
WorkloadResult  14: 256 op, 776244600.00 ns, 3.0322 ms/op
WorkloadResult  15: 256 op, 764648400.00 ns, 2.9869 ms/op
WorkloadResult  16: 256 op, 795456300.00 ns, 3.1073 ms/op
WorkloadResult  17: 256 op, 783187400.00 ns, 3.0593 ms/op
WorkloadResult  18: 256 op, 748896100.00 ns, 2.9254 ms/op
WorkloadResult  19: 256 op, 743813800.00 ns, 2.9055 ms/op
WorkloadResult  20: 256 op, 763319600.00 ns, 2.9817 ms/op
WorkloadResult  21: 256 op, 745658600.00 ns, 2.9127 ms/op
WorkloadResult  22: 256 op, 738582000.00 ns, 2.8851 ms/op
WorkloadResult  23: 256 op, 777320200.00 ns, 3.0364 ms/op
WorkloadResult  24: 256 op, 777572000.00 ns, 3.0374 ms/op
WorkloadResult  25: 256 op, 754037400.00 ns, 2.9455 ms/op
WorkloadResult  26: 256 op, 757039800.00 ns, 2.9572 ms/op
WorkloadResult  27: 256 op, 748499400.00 ns, 2.9238 ms/op
WorkloadResult  28: 256 op, 758879800.00 ns, 2.9644 ms/op
WorkloadResult  29: 256 op, 745340800.00 ns, 2.9115 ms/op
WorkloadResult  30: 256 op, 783827200.00 ns, 3.0618 ms/op
// GC:  0 0 0 1284416 256
// Threading:  822 15 256

// AfterAll
// Benchmark Process 8744 has exited with code 0.

Mean = 3.009 ms, StdErr = 0.016 ms (0.53%), N = 30, StdDev = 0.088 ms
Min = 2.885 ms, Q1 = 2.930 ms, Median = 2.990 ms, Q3 = 3.061 ms, Max = 3.250 ms
IQR = 0.131 ms, LowerFence = 2.734 ms, UpperFence = 3.257 ms
ConfidenceInterval = [2.950 ms; 3.067 ms] (CI 99.9%), Margin = 0.059 ms (1.95% of Mean)
Skewness = 0.73, Kurtosis = 2.91, MValue = 2

// ** Remained 4 (66,7%) benchmark(s) to run. Estimated finish 2025-05-05 10:59 (0h 1m from now) **
Setup power plan (GUID: 8c5e7fda-e8bf-4a96-9a85-a6e23a8c635c FriendlyName: Hoge prestaties)
// **************************
// Benchmark: GraphQLResolverBenchmark.'Direct Service Call': DefaultJob [ProductId=10]
// *** Execute ***
// Launch: 1 / 1
// Execute: dotnet 7ae69e0c-2f08-4434-99b3-17e3e3973269.dll --anonymousPipes 2440 1444 --benchmarkName "Webshop.Backend.Benchmarks.GraphQLResolverBenchmark.DirectService(ProductId: 10)" --job Default --benchmarkId 2 in C:\HoGent24-25\Bachelorproef\PoC\Bachelorproef\WebshopBachelorproef\Webshop.Backend.Benchmarks\bin\Release\net8.0\7ae69e0c-2f08-4434-99b3-17e3e3973269\bin\Release\net8.0
// BeforeAnythingElse

// Benchmark Process Environment Information:
// BenchmarkDotNet v0.14.0
// Runtime=.NET 8.0.8 (8.0.824.36612), X64 RyuJIT AVX2
// GC=Concurrent Workstation
// HardwareIntrinsics=AVX2,AES,BMI1,BMI2,FMA,LZCNT,PCLMUL,POPCNT,AvxVnni,SERIALIZE VectorSize=256
// Job: DefaultJob

OverheadJitting  1: 1 op, 135700.00 ns, 135.7000 us/op
WorkloadJitting  1: 1 op, 62134900.00 ns, 62.1349 ms/op

WorkloadPilot    1: 2 op, 1582600.00 ns, 791.3000 us/op
WorkloadPilot    2: 3 op, 392600.00 ns, 130.8667 us/op
WorkloadPilot    3: 4 op, 401900.00 ns, 100.4750 us/op
WorkloadPilot    4: 5 op, 415200.00 ns, 83.0400 us/op
WorkloadPilot    5: 6 op, 524400.00 ns, 87.4000 us/op
WorkloadPilot    6: 7 op, 731000.00 ns, 104.4286 us/op
WorkloadPilot    7: 8 op, 690900.00 ns, 86.3625 us/op
WorkloadPilot    8: 9 op, 744700.00 ns, 82.7444 us/op
WorkloadPilot    9: 10 op, 802300.00 ns, 80.2300 us/op
WorkloadPilot   10: 11 op, 861500.00 ns, 78.3182 us/op
WorkloadPilot   11: 12 op, 1042200.00 ns, 86.8500 us/op
WorkloadPilot   12: 13 op, 1210200.00 ns, 93.0923 us/op
WorkloadPilot   13: 14 op, 1074000.00 ns, 76.7143 us/op
WorkloadPilot   14: 15 op, 1097600.00 ns, 73.1733 us/op
WorkloadPilot   15: 16 op, 1306100.00 ns, 81.6313 us/op
WorkloadPilot   16: 32 op, 2511700.00 ns, 78.4906 us/op
WorkloadPilot   17: 64 op, 4999700.00 ns, 78.1203 us/op
WorkloadPilot   18: 128 op, 10380600.00 ns, 81.0984 us/op
WorkloadPilot   19: 256 op, 18669000.00 ns, 72.9258 us/op
WorkloadPilot   20: 512 op, 36830900.00 ns, 71.9354 us/op
WorkloadPilot   21: 1024 op, 76253900.00 ns, 74.4667 us/op
WorkloadPilot   22: 2048 op, 204802000.00 ns, 100.0010 us/op
WorkloadPilot   23: 4096 op, 375969100.00 ns, 91.7893 us/op
WorkloadPilot   24: 8192 op, 604513200.00 ns, 73.7931 us/op

WorkloadWarmup   1: 8192 op, 517832100.00 ns, 63.2119 us/op
WorkloadWarmup   2: 8192 op, 257732300.00 ns, 31.4615 us/op
WorkloadWarmup   3: 8192 op, 205579700.00 ns, 25.0952 us/op
WorkloadWarmup   4: 8192 op, 206226300.00 ns, 25.1741 us/op
WorkloadWarmup   5: 8192 op, 204278900.00 ns, 24.9364 us/op
WorkloadWarmup   6: 8192 op, 208196400.00 ns, 25.4146 us/op
WorkloadWarmup   7: 8192 op, 204921300.00 ns, 25.0148 us/op

// BeforeActualRun
WorkloadActual   1: 8192 op, 205503200.00 ns, 25.0858 us/op
WorkloadActual   2: 8192 op, 207948100.00 ns, 25.3843 us/op
WorkloadActual   3: 8192 op, 206096300.00 ns, 25.1582 us/op
WorkloadActual   4: 8192 op, 208224200.00 ns, 25.4180 us/op
WorkloadActual   5: 8192 op, 206160400.00 ns, 25.1661 us/op
WorkloadActual   6: 8192 op, 209068100.00 ns, 25.5210 us/op
WorkloadActual   7: 8192 op, 206671200.00 ns, 25.2284 us/op
WorkloadActual   8: 8192 op, 209035800.00 ns, 25.5171 us/op
WorkloadActual   9: 8192 op, 208646700.00 ns, 25.4696 us/op
WorkloadActual  10: 8192 op, 204892500.00 ns, 25.0113 us/op
WorkloadActual  11: 8192 op, 205995600.00 ns, 25.1459 us/op
WorkloadActual  12: 8192 op, 206866900.00 ns, 25.2523 us/op
WorkloadActual  13: 8192 op, 209928700.00 ns, 25.6261 us/op
WorkloadActual  14: 8192 op, 205264900.00 ns, 25.0568 us/op
WorkloadActual  15: 8192 op, 209433800.00 ns, 25.5656 us/op

// AfterActualRun
WorkloadResult   1: 8192 op, 205503200.00 ns, 25.0858 us/op
WorkloadResult   2: 8192 op, 207948100.00 ns, 25.3843 us/op
WorkloadResult   3: 8192 op, 206096300.00 ns, 25.1582 us/op
WorkloadResult   4: 8192 op, 208224200.00 ns, 25.4180 us/op
WorkloadResult   5: 8192 op, 206160400.00 ns, 25.1661 us/op
WorkloadResult   6: 8192 op, 209068100.00 ns, 25.5210 us/op
WorkloadResult   7: 8192 op, 206671200.00 ns, 25.2284 us/op
WorkloadResult   8: 8192 op, 209035800.00 ns, 25.5171 us/op
WorkloadResult   9: 8192 op, 208646700.00 ns, 25.4696 us/op
WorkloadResult  10: 8192 op, 204892500.00 ns, 25.0113 us/op
WorkloadResult  11: 8192 op, 205995600.00 ns, 25.1459 us/op
WorkloadResult  12: 8192 op, 206866900.00 ns, 25.2523 us/op
WorkloadResult  13: 8192 op, 209928700.00 ns, 25.6261 us/op
WorkloadResult  14: 8192 op, 205264900.00 ns, 25.0568 us/op
WorkloadResult  15: 8192 op, 209433800.00 ns, 25.5656 us/op
// GC:  31 3 0 393282904 8192
// Threading:  0 0 8192

// AfterAll
// Benchmark Process 40628 has exited with code 0.

Mean = 25.307 μs, StdErr = 0.053 μs (0.21%), N = 15, StdDev = 0.203 μs
Min = 25.011 μs, Q1 = 25.152 μs, Median = 25.252 μs, Q3 = 25.493 μs, Max = 25.626 μs
IQR = 0.341 μs, LowerFence = 24.640 μs, UpperFence = 26.005 μs
ConfidenceInterval = [25.090 μs; 25.525 μs] (CI 99.9%), Margin = 0.217 μs (0.86% of Mean)
Skewness = 0.09, Kurtosis = 1.38, MValue = 2

// ** Remained 3 (50,0%) benchmark(s) to run. Estimated finish 2025-05-05 10:59 (0h 0m from now) **
Setup power plan (GUID: 8c5e7fda-e8bf-4a96-9a85-a6e23a8c635c FriendlyName: Hoge prestaties)
// **************************
// Benchmark: GraphQLResolverBenchmark.'GraphQL HTTP Call': DefaultJob [ProductId=10]
// *** Execute ***
// Launch: 1 / 1
// Execute: dotnet 7ae69e0c-2f08-4434-99b3-17e3e3973269.dll --anonymousPipes 1272 2420 --benchmarkName "Webshop.Backend.Benchmarks.GraphQLResolverBenchmark.GraphQLHttp(ProductId: 10)" --job Default --benchmarkId 3 in C:\HoGent24-25\Bachelorproef\PoC\Bachelorproef\WebshopBachelorproef\Webshop.Backend.Benchmarks\bin\Release\net8.0\7ae69e0c-2f08-4434-99b3-17e3e3973269\bin\Release\net8.0
// BeforeAnythingElse

// Benchmark Process Environment Information:
// BenchmarkDotNet v0.14.0
// Runtime=.NET 8.0.8 (8.0.824.36612), X64 RyuJIT AVX2
// GC=Concurrent Workstation
// HardwareIntrinsics=AVX2,AES,BMI1,BMI2,FMA,LZCNT,PCLMUL,POPCNT,AvxVnni,SERIALIZE VectorSize=256
// Job: DefaultJob

OverheadJitting  1: 1 op, 122200.00 ns, 122.2000 us/op
WorkloadJitting  1: 1 op, 84941700.00 ns, 84.9417 ms/op

WorkloadPilot    1: 2 op, 8318800.00 ns, 4.1594 ms/op
WorkloadPilot    2: 3 op, 10670300.00 ns, 3.5568 ms/op
WorkloadPilot    3: 4 op, 14198900.00 ns, 3.5497 ms/op
WorkloadPilot    4: 5 op, 17620700.00 ns, 3.5241 ms/op
WorkloadPilot    5: 6 op, 26939200.00 ns, 4.4899 ms/op
WorkloadPilot    6: 7 op, 26173200.00 ns, 3.7390 ms/op
WorkloadPilot    7: 8 op, 27454400.00 ns, 3.4318 ms/op
WorkloadPilot    8: 9 op, 31215000.00 ns, 3.4683 ms/op
WorkloadPilot    9: 10 op, 39172400.00 ns, 3.9172 ms/op
WorkloadPilot   10: 11 op, 41643700.00 ns, 3.7858 ms/op
WorkloadPilot   11: 12 op, 38859000.00 ns, 3.2383 ms/op
WorkloadPilot   12: 13 op, 44562800.00 ns, 3.4279 ms/op
WorkloadPilot   13: 14 op, 49065700.00 ns, 3.5047 ms/op
WorkloadPilot   14: 15 op, 52554700.00 ns, 3.5036 ms/op
WorkloadPilot   15: 16 op, 57728200.00 ns, 3.6080 ms/op
WorkloadPilot   16: 32 op, 98347000.00 ns, 3.0733 ms/op
WorkloadPilot   17: 64 op, 194572200.00 ns, 3.0402 ms/op
WorkloadPilot   18: 128 op, 388317600.00 ns, 3.0337 ms/op
WorkloadPilot   19: 256 op, 824335000.00 ns, 3.2201 ms/op

WorkloadWarmup   1: 256 op, 772279800.00 ns, 3.0167 ms/op
WorkloadWarmup   2: 256 op, 781047000.00 ns, 3.0510 ms/op
WorkloadWarmup   3: 256 op, 810881200.00 ns, 3.1675 ms/op
WorkloadWarmup   4: 256 op, 810138900.00 ns, 3.1646 ms/op
WorkloadWarmup   5: 256 op, 782473400.00 ns, 3.0565 ms/op
WorkloadWarmup   6: 256 op, 801730100.00 ns, 3.1318 ms/op
WorkloadWarmup   7: 256 op, 782331400.00 ns, 3.0560 ms/op

// BeforeActualRun
WorkloadActual   1: 256 op, 797507500.00 ns, 3.1153 ms/op
WorkloadActual   2: 256 op, 779492700.00 ns, 3.0449 ms/op
WorkloadActual   3: 256 op, 732099900.00 ns, 2.8598 ms/op
WorkloadActual   4: 256 op, 794254300.00 ns, 3.1026 ms/op
WorkloadActual   5: 256 op, 744443800.00 ns, 2.9080 ms/op
WorkloadActual   6: 256 op, 787738800.00 ns, 3.0771 ms/op
WorkloadActual   7: 256 op, 740869400.00 ns, 2.8940 ms/op
WorkloadActual   8: 256 op, 744668100.00 ns, 2.9089 ms/op
WorkloadActual   9: 256 op, 732210000.00 ns, 2.8602 ms/op
WorkloadActual  10: 256 op, 731981900.00 ns, 2.8593 ms/op
WorkloadActual  11: 256 op, 753019700.00 ns, 2.9415 ms/op
WorkloadActual  12: 256 op, 761368700.00 ns, 2.9741 ms/op
WorkloadActual  13: 256 op, 768922500.00 ns, 3.0036 ms/op
WorkloadActual  14: 256 op, 760713900.00 ns, 2.9715 ms/op
WorkloadActual  15: 256 op, 751666700.00 ns, 2.9362 ms/op
WorkloadActual  16: 256 op, 745024300.00 ns, 2.9103 ms/op
WorkloadActual  17: 256 op, 741769800.00 ns, 2.8975 ms/op
WorkloadActual  18: 256 op, 737126700.00 ns, 2.8794 ms/op
WorkloadActual  19: 256 op, 759581000.00 ns, 2.9671 ms/op
WorkloadActual  20: 256 op, 809549900.00 ns, 3.1623 ms/op
WorkloadActual  21: 256 op, 747886000.00 ns, 2.9214 ms/op
WorkloadActual  22: 256 op, 734608800.00 ns, 2.8696 ms/op
WorkloadActual  23: 256 op, 735269800.00 ns, 2.8721 ms/op
WorkloadActual  24: 256 op, 738740500.00 ns, 2.8857 ms/op
WorkloadActual  25: 256 op, 747254900.00 ns, 2.9190 ms/op

// AfterActualRun
WorkloadResult   1: 256 op, 779492700.00 ns, 3.0449 ms/op
WorkloadResult   2: 256 op, 732099900.00 ns, 2.8598 ms/op
WorkloadResult   3: 256 op, 794254300.00 ns, 3.1026 ms/op
WorkloadResult   4: 256 op, 744443800.00 ns, 2.9080 ms/op
WorkloadResult   5: 256 op, 787738800.00 ns, 3.0771 ms/op
WorkloadResult   6: 256 op, 740869400.00 ns, 2.8940 ms/op
WorkloadResult   7: 256 op, 744668100.00 ns, 2.9089 ms/op
WorkloadResult   8: 256 op, 732210000.00 ns, 2.8602 ms/op
WorkloadResult   9: 256 op, 731981900.00 ns, 2.8593 ms/op
WorkloadResult  10: 256 op, 753019700.00 ns, 2.9415 ms/op
WorkloadResult  11: 256 op, 761368700.00 ns, 2.9741 ms/op
WorkloadResult  12: 256 op, 768922500.00 ns, 3.0036 ms/op
WorkloadResult  13: 256 op, 760713900.00 ns, 2.9715 ms/op
WorkloadResult  14: 256 op, 751666700.00 ns, 2.9362 ms/op
WorkloadResult  15: 256 op, 745024300.00 ns, 2.9103 ms/op
WorkloadResult  16: 256 op, 741769800.00 ns, 2.8975 ms/op
WorkloadResult  17: 256 op, 737126700.00 ns, 2.8794 ms/op
WorkloadResult  18: 256 op, 759581000.00 ns, 2.9671 ms/op
WorkloadResult  19: 256 op, 747886000.00 ns, 2.9214 ms/op
WorkloadResult  20: 256 op, 734608800.00 ns, 2.8696 ms/op
WorkloadResult  21: 256 op, 735269800.00 ns, 2.8721 ms/op
WorkloadResult  22: 256 op, 738740500.00 ns, 2.8857 ms/op
WorkloadResult  23: 256 op, 747254900.00 ns, 2.9190 ms/op
// GC:  0 0 0 1287504 256
// Threading:  875 8 256

// AfterAll
// Benchmark Process 40392 has exited with code 0.

Mean = 2.933 ms, StdErr = 0.014 ms (0.49%), N = 23, StdDev = 0.069 ms
Min = 2.859 ms, Q1 = 2.883 ms, Median = 2.910 ms, Q3 = 2.969 ms, Max = 3.103 ms
IQR = 0.087 ms, LowerFence = 2.752 ms, UpperFence = 3.099 ms
ConfidenceInterval = [2.879 ms; 2.988 ms] (CI 99.9%), Margin = 0.055 ms (1.86% of Mean)
Skewness = 1.01, Kurtosis = 2.99, MValue = 2

// ** Remained 2 (33,3%) benchmark(s) to run. Estimated finish 2025-05-05 10:59 (0h 0m from now) **
Setup power plan (GUID: 8c5e7fda-e8bf-4a96-9a85-a6e23a8c635c FriendlyName: Hoge prestaties)
// **************************
// Benchmark: GraphQLResolverBenchmark.'Direct Service Call': DefaultJob [ProductId=50]
// *** Execute ***
// Launch: 1 / 1
// Execute: dotnet 7ae69e0c-2f08-4434-99b3-17e3e3973269.dll --anonymousPipes 1568 1284 --benchmarkName "Webshop.Backend.Benchmarks.GraphQLResolverBenchmark.DirectService(ProductId: 50)" --job Default --benchmarkId 4 in C:\HoGent24-25\Bachelorproef\PoC\Bachelorproef\WebshopBachelorproef\Webshop.Backend.Benchmarks\bin\Release\net8.0\7ae69e0c-2f08-4434-99b3-17e3e3973269\bin\Release\net8.0
// BeforeAnythingElse

// Benchmark Process Environment Information:
// BenchmarkDotNet v0.14.0
// Runtime=.NET 8.0.8 (8.0.824.36612), X64 RyuJIT AVX2
// GC=Concurrent Workstation
// HardwareIntrinsics=AVX2,AES,BMI1,BMI2,FMA,LZCNT,PCLMUL,POPCNT,AvxVnni,SERIALIZE VectorSize=256
// Job: DefaultJob

OverheadJitting  1: 1 op, 123500.00 ns, 123.5000 us/op
WorkloadJitting  1: 1 op, 60406600.00 ns, 60.4066 ms/op

WorkloadPilot    1: 2 op, 1542500.00 ns, 771.2500 us/op
WorkloadPilot    2: 3 op, 368500.00 ns, 122.8333 us/op
WorkloadPilot    3: 4 op, 362700.00 ns, 90.6750 us/op
WorkloadPilot    4: 5 op, 423400.00 ns, 84.6800 us/op
WorkloadPilot    5: 6 op, 563100.00 ns, 93.8500 us/op
WorkloadPilot    6: 7 op, 691400.00 ns, 98.7714 us/op
WorkloadPilot    7: 8 op, 669700.00 ns, 83.7125 us/op
WorkloadPilot    8: 9 op, 719100.00 ns, 79.9000 us/op
WorkloadPilot    9: 10 op, 851100.00 ns, 85.1100 us/op
WorkloadPilot   10: 11 op, 888600.00 ns, 80.7818 us/op
WorkloadPilot   11: 12 op, 882500.00 ns, 73.5417 us/op
WorkloadPilot   12: 13 op, 1102100.00 ns, 84.7769 us/op
WorkloadPilot   13: 14 op, 1113700.00 ns, 79.5500 us/op
WorkloadPilot   14: 15 op, 1216200.00 ns, 81.0800 us/op
WorkloadPilot   15: 16 op, 1334100.00 ns, 83.3813 us/op
WorkloadPilot   16: 32 op, 2315700.00 ns, 72.3656 us/op
WorkloadPilot   17: 64 op, 5687400.00 ns, 88.8656 us/op
WorkloadPilot   18: 128 op, 10937600.00 ns, 85.4500 us/op
WorkloadPilot   19: 256 op, 19785800.00 ns, 77.2883 us/op
WorkloadPilot   20: 512 op, 36315500.00 ns, 70.9287 us/op
WorkloadPilot   21: 1024 op, 67248100.00 ns, 65.6720 us/op
WorkloadPilot   22: 2048 op, 200511800.00 ns, 97.9062 us/op
WorkloadPilot   23: 4096 op, 404806100.00 ns, 98.8296 us/op
WorkloadPilot   24: 8192 op, 762146100.00 ns, 93.0354 us/op

WorkloadWarmup   1: 8192 op, 478680400.00 ns, 58.4327 us/op
WorkloadWarmup   2: 8192 op, 203747600.00 ns, 24.8715 us/op
WorkloadWarmup   3: 8192 op, 199602100.00 ns, 24.3655 us/op
WorkloadWarmup   4: 8192 op, 204108500.00 ns, 24.9156 us/op
WorkloadWarmup   5: 8192 op, 201071700.00 ns, 24.5449 us/op
WorkloadWarmup   6: 8192 op, 200677900.00 ns, 24.4968 us/op
WorkloadWarmup   7: 8192 op, 203736600.00 ns, 24.8702 us/op
WorkloadWarmup   8: 8192 op, 203742900.00 ns, 24.8710 us/op
WorkloadWarmup   9: 8192 op, 203211900.00 ns, 24.8061 us/op

// BeforeActualRun
WorkloadActual   1: 8192 op, 198753500.00 ns, 24.2619 us/op
WorkloadActual   2: 8192 op, 201195500.00 ns, 24.5600 us/op
WorkloadActual   3: 8192 op, 197286000.00 ns, 24.0828 us/op
WorkloadActual   4: 8192 op, 201694700.00 ns, 24.6209 us/op
WorkloadActual   5: 8192 op, 213754000.00 ns, 26.0930 us/op
WorkloadActual   6: 8192 op, 213918100.00 ns, 26.1130 us/op
WorkloadActual   7: 8192 op, 204422800.00 ns, 24.9540 us/op
WorkloadActual   8: 8192 op, 199615700.00 ns, 24.3672 us/op
WorkloadActual   9: 8192 op, 202344300.00 ns, 24.7002 us/op
WorkloadActual  10: 8192 op, 202946800.00 ns, 24.7738 us/op
WorkloadActual  11: 8192 op, 200124900.00 ns, 24.4293 us/op
WorkloadActual  12: 8192 op, 201533300.00 ns, 24.6012 us/op
WorkloadActual  13: 8192 op, 196697400.00 ns, 24.0109 us/op
WorkloadActual  14: 8192 op, 199387500.00 ns, 24.3393 us/op
WorkloadActual  15: 8192 op, 206735300.00 ns, 25.2362 us/op

// AfterActualRun
WorkloadResult   1: 8192 op, 198753500.00 ns, 24.2619 us/op
WorkloadResult   2: 8192 op, 201195500.00 ns, 24.5600 us/op
WorkloadResult   3: 8192 op, 197286000.00 ns, 24.0828 us/op
WorkloadResult   4: 8192 op, 201694700.00 ns, 24.6209 us/op
WorkloadResult   5: 8192 op, 204422800.00 ns, 24.9540 us/op
WorkloadResult   6: 8192 op, 199615700.00 ns, 24.3672 us/op
WorkloadResult   7: 8192 op, 202344300.00 ns, 24.7002 us/op
WorkloadResult   8: 8192 op, 202946800.00 ns, 24.7738 us/op
WorkloadResult   9: 8192 op, 200124900.00 ns, 24.4293 us/op
WorkloadResult  10: 8192 op, 201533300.00 ns, 24.6012 us/op
WorkloadResult  11: 8192 op, 196697400.00 ns, 24.0109 us/op
WorkloadResult  12: 8192 op, 199387500.00 ns, 24.3393 us/op
WorkloadResult  13: 8192 op, 206735300.00 ns, 25.2362 us/op
// GC:  31 3 0 393283528 8192
// Threading:  0 0 8192

// AfterAll
// Benchmark Process 15652 has exited with code 0.

Mean = 24.534 μs, StdErr = 0.095 μs (0.39%), N = 13, StdDev = 0.341 μs
Min = 24.011 μs, Q1 = 24.339 μs, Median = 24.560 μs, Q3 = 24.700 μs, Max = 25.236 μs
IQR = 0.361 μs, LowerFence = 23.798 μs, UpperFence = 25.242 μs
ConfidenceInterval = [24.125 μs; 24.942 μs] (CI 99.9%), Margin = 0.408 μs (1.66% of Mean)
Skewness = 0.34, Kurtosis = 2.29, MValue = 2

// ** Remained 1 (16,7%) benchmark(s) to run. Estimated finish 2025-05-05 10:59 (0h 0m from now) **
Setup power plan (GUID: 8c5e7fda-e8bf-4a96-9a85-a6e23a8c635c FriendlyName: Hoge prestaties)
// **************************
// Benchmark: GraphQLResolverBenchmark.'GraphQL HTTP Call': DefaultJob [ProductId=50]
// *** Execute ***
// Launch: 1 / 1
// Execute: dotnet 7ae69e0c-2f08-4434-99b3-17e3e3973269.dll --anonymousPipes 2420 1548 --benchmarkName "Webshop.Backend.Benchmarks.GraphQLResolverBenchmark.GraphQLHttp(ProductId: 50)" --job Default --benchmarkId 5 in C:\HoGent24-25\Bachelorproef\PoC\Bachelorproef\WebshopBachelorproef\Webshop.Backend.Benchmarks\bin\Release\net8.0\7ae69e0c-2f08-4434-99b3-17e3e3973269\bin\Release\net8.0
// BeforeAnythingElse

// Benchmark Process Environment Information:
// BenchmarkDotNet v0.14.0
// Runtime=.NET 8.0.8 (8.0.824.36612), X64 RyuJIT AVX2
// GC=Concurrent Workstation
// HardwareIntrinsics=AVX2,AES,BMI1,BMI2,FMA,LZCNT,PCLMUL,POPCNT,AvxVnni,SERIALIZE VectorSize=256
// Job: DefaultJob

OverheadJitting  1: 1 op, 120400.00 ns, 120.4000 us/op
WorkloadJitting  1: 1 op, 85347300.00 ns, 85.3473 ms/op

WorkloadPilot    1: 2 op, 8134700.00 ns, 4.0674 ms/op
WorkloadPilot    2: 3 op, 12887600.00 ns, 4.2959 ms/op
WorkloadPilot    3: 4 op, 15437700.00 ns, 3.8594 ms/op
WorkloadPilot    4: 5 op, 19709500.00 ns, 3.9419 ms/op
WorkloadPilot    5: 6 op, 23748600.00 ns, 3.9581 ms/op
WorkloadPilot    6: 7 op, 26709000.00 ns, 3.8156 ms/op
WorkloadPilot    7: 8 op, 28545200.00 ns, 3.5682 ms/op
WorkloadPilot    8: 9 op, 29408500.00 ns, 3.2676 ms/op
WorkloadPilot    9: 10 op, 31407300.00 ns, 3.1407 ms/op
WorkloadPilot   10: 11 op, 38822300.00 ns, 3.5293 ms/op
WorkloadPilot   11: 12 op, 42162300.00 ns, 3.5135 ms/op
WorkloadPilot   12: 13 op, 43010200.00 ns, 3.3085 ms/op
WorkloadPilot   13: 14 op, 44425000.00 ns, 3.1732 ms/op
WorkloadPilot   14: 15 op, 52769900.00 ns, 3.5180 ms/op
WorkloadPilot   15: 16 op, 56975300.00 ns, 3.5610 ms/op
WorkloadPilot   16: 32 op, 107273200.00 ns, 3.3523 ms/op
WorkloadPilot   17: 64 op, 207052700.00 ns, 3.2352 ms/op
WorkloadPilot   18: 128 op, 411511100.00 ns, 3.2149 ms/op
WorkloadPilot   19: 256 op, 764386000.00 ns, 2.9859 ms/op

WorkloadWarmup   1: 256 op, 745369900.00 ns, 2.9116 ms/op
WorkloadWarmup   2: 256 op, 763295500.00 ns, 2.9816 ms/op
WorkloadWarmup   3: 256 op, 746159200.00 ns, 2.9147 ms/op
WorkloadWarmup   4: 256 op, 739617600.00 ns, 2.8891 ms/op
WorkloadWarmup   5: 256 op, 742948400.00 ns, 2.9021 ms/op
WorkloadWarmup   6: 256 op, 753846000.00 ns, 2.9447 ms/op
WorkloadWarmup   7: 256 op, 745241600.00 ns, 2.9111 ms/op

// BeforeActualRun
WorkloadActual   1: 256 op, 779937500.00 ns, 3.0466 ms/op
WorkloadActual   2: 256 op, 750419800.00 ns, 2.9313 ms/op
WorkloadActual   3: 256 op, 725940100.00 ns, 2.8357 ms/op
WorkloadActual   4: 256 op, 729280700.00 ns, 2.8488 ms/op
WorkloadActual   5: 256 op, 775315600.00 ns, 3.0286 ms/op
WorkloadActual   6: 256 op, 776632100.00 ns, 3.0337 ms/op
WorkloadActual   7: 256 op, 742847200.00 ns, 2.9017 ms/op
WorkloadActual   8: 256 op, 734270100.00 ns, 2.8682 ms/op
WorkloadActual   9: 256 op, 731893000.00 ns, 2.8590 ms/op
WorkloadActual  10: 256 op, 750306700.00 ns, 2.9309 ms/op
WorkloadActual  11: 256 op, 740319200.00 ns, 2.8919 ms/op
WorkloadActual  12: 256 op, 776761000.00 ns, 3.0342 ms/op
WorkloadActual  13: 256 op, 734543300.00 ns, 2.8693 ms/op
WorkloadActual  14: 256 op, 773164700.00 ns, 3.0202 ms/op
WorkloadActual  15: 256 op, 778578700.00 ns, 3.0413 ms/op
WorkloadActual  16: 256 op, 745080700.00 ns, 2.9105 ms/op
WorkloadActual  17: 256 op, 754666400.00 ns, 2.9479 ms/op
WorkloadActual  18: 256 op, 815914400.00 ns, 3.1872 ms/op
WorkloadActual  19: 256 op, 770061200.00 ns, 3.0081 ms/op
WorkloadActual  20: 256 op, 744149400.00 ns, 2.9068 ms/op
WorkloadActual  21: 256 op, 759079500.00 ns, 2.9652 ms/op
WorkloadActual  22: 256 op, 752236300.00 ns, 2.9384 ms/op
WorkloadActual  23: 256 op, 758813600.00 ns, 2.9641 ms/op
WorkloadActual  24: 256 op, 742397300.00 ns, 2.9000 ms/op
WorkloadActual  25: 256 op, 746497500.00 ns, 2.9160 ms/op
WorkloadActual  26: 256 op, 761008600.00 ns, 2.9727 ms/op

// AfterActualRun
WorkloadResult   1: 256 op, 779937500.00 ns, 3.0466 ms/op
WorkloadResult   2: 256 op, 750419800.00 ns, 2.9313 ms/op
WorkloadResult   3: 256 op, 725940100.00 ns, 2.8357 ms/op
WorkloadResult   4: 256 op, 729280700.00 ns, 2.8488 ms/op
WorkloadResult   5: 256 op, 775315600.00 ns, 3.0286 ms/op
WorkloadResult   6: 256 op, 776632100.00 ns, 3.0337 ms/op
WorkloadResult   7: 256 op, 742847200.00 ns, 2.9017 ms/op
WorkloadResult   8: 256 op, 734270100.00 ns, 2.8682 ms/op
WorkloadResult   9: 256 op, 731893000.00 ns, 2.8590 ms/op
WorkloadResult  10: 256 op, 750306700.00 ns, 2.9309 ms/op
WorkloadResult  11: 256 op, 740319200.00 ns, 2.8919 ms/op
WorkloadResult  12: 256 op, 776761000.00 ns, 3.0342 ms/op
WorkloadResult  13: 256 op, 734543300.00 ns, 2.8693 ms/op
WorkloadResult  14: 256 op, 773164700.00 ns, 3.0202 ms/op
WorkloadResult  15: 256 op, 778578700.00 ns, 3.0413 ms/op
WorkloadResult  16: 256 op, 745080700.00 ns, 2.9105 ms/op
WorkloadResult  17: 256 op, 754666400.00 ns, 2.9479 ms/op
WorkloadResult  18: 256 op, 815914400.00 ns, 3.1872 ms/op
WorkloadResult  19: 256 op, 770061200.00 ns, 3.0081 ms/op
WorkloadResult  20: 256 op, 744149400.00 ns, 2.9068 ms/op
WorkloadResult  21: 256 op, 759079500.00 ns, 2.9652 ms/op
WorkloadResult  22: 256 op, 752236300.00 ns, 2.9384 ms/op
WorkloadResult  23: 256 op, 758813600.00 ns, 2.9641 ms/op
WorkloadResult  24: 256 op, 742397300.00 ns, 2.9000 ms/op
WorkloadResult  25: 256 op, 746497500.00 ns, 2.9160 ms/op
WorkloadResult  26: 256 op, 761008600.00 ns, 2.9727 ms/op
// GC:  0 0 0 1271384 256
// Threading:  783 7 256

// AfterAll
// Benchmark Process 43012 has exited with code 0.

Mean = 2.952 ms, StdErr = 0.016 ms (0.53%), N = 26, StdDev = 0.080 ms
Min = 2.836 ms, Q1 = 2.900 ms, Median = 2.935 ms, Q3 = 3.017 ms, Max = 3.187 ms
IQR = 0.117 ms, LowerFence = 2.725 ms, UpperFence = 3.192 ms
ConfidenceInterval = [2.893 ms; 3.011 ms] (CI 99.9%), Margin = 0.059 ms (1.99% of Mean)
Skewness = 0.82, Kurtosis = 3.54, MValue = 2.17

// ** Remained 0 (0,0%) benchmark(s) to run. Estimated finish 2025-05-05 10:59 (0h 0m from now) **
Successfully reverted power plan (GUID: 8c5e7fda-e8bf-4a96-9a85-a6e23a8c635c FriendlyName: Hoge prestaties)
// ***** BenchmarkRunner: Finish  *****

// * Export *
  BenchmarkDotNet.Artifacts\results\Webshop.Backend.Benchmarks.GraphQLResolverBenchmark-report.csv
  BenchmarkDotNet.Artifacts\results\Webshop.Backend.Benchmarks.GraphQLResolverBenchmark-report-github.md
  BenchmarkDotNet.Artifacts\results\Webshop.Backend.Benchmarks.GraphQLResolverBenchmark-report.html

// * Detailed results *
GraphQLResolverBenchmark.'Direct Service Call': DefaultJob [ProductId=1]
Runtime = .NET 8.0.8 (8.0.824.36612), X64 RyuJIT AVX2; GC = Concurrent Workstation
Mean = 26.125 μs, StdErr = 0.130 μs (0.50%), N = 21, StdDev = 0.597 μs
Min = 25.217 μs, Q1 = 25.833 μs, Median = 25.974 μs, Q3 = 26.252 μs, Max = 27.659 μs
IQR = 0.419 μs, LowerFence = 25.204 μs, UpperFence = 26.881 μs
ConfidenceInterval = [25.624 μs; 26.626 μs] (CI 99.9%), Margin = 0.501 μs (1.92% of Mean)
Skewness = 1.2, Kurtosis = 4.03, MValue = 2
-------------------- Histogram --------------------
[25.148 μs ; 25.743 μs) | @@@@
[25.743 μs ; 26.310 μs) | @@@@@@@@@@@@@
[26.310 μs ; 27.315 μs) | @@
[27.315 μs ; 27.943 μs) | @@
---------------------------------------------------

GraphQLResolverBenchmark.'GraphQL HTTP Call': DefaultJob [ProductId=1]
Runtime = .NET 8.0.8 (8.0.824.36612), X64 RyuJIT AVX2; GC = Concurrent Workstation
Mean = 3.009 ms, StdErr = 0.016 ms (0.53%), N = 30, StdDev = 0.088 ms
Min = 2.885 ms, Q1 = 2.930 ms, Median = 2.990 ms, Q3 = 3.061 ms, Max = 3.250 ms
IQR = 0.131 ms, LowerFence = 2.734 ms, UpperFence = 3.257 ms
ConfidenceInterval = [2.950 ms; 3.067 ms] (CI 99.9%), Margin = 0.059 ms (1.95% of Mean)
Skewness = 0.73, Kurtosis = 2.91, MValue = 2
-------------------- Histogram --------------------
[2.848 ms ; 2.975 ms) | @@@@@@@@@@@@@
[2.975 ms ; 3.100 ms) | @@@@@@@@@@@@@
[3.100 ms ; 3.213 ms) | @@@
[3.213 ms ; 3.287 ms) | @
---------------------------------------------------

GraphQLResolverBenchmark.'Direct Service Call': DefaultJob [ProductId=10]
Runtime = .NET 8.0.8 (8.0.824.36612), X64 RyuJIT AVX2; GC = Concurrent Workstation
Mean = 25.307 μs, StdErr = 0.053 μs (0.21%), N = 15, StdDev = 0.203 μs
Min = 25.011 μs, Q1 = 25.152 μs, Median = 25.252 μs, Q3 = 25.493 μs, Max = 25.626 μs
IQR = 0.341 μs, LowerFence = 24.640 μs, UpperFence = 26.005 μs
ConfidenceInterval = [25.090 μs; 25.525 μs] (CI 99.9%), Margin = 0.217 μs (0.86% of Mean)
Skewness = 0.09, Kurtosis = 1.38, MValue = 2
-------------------- Histogram --------------------
[24.903 μs ; 25.734 μs) | @@@@@@@@@@@@@@@
---------------------------------------------------

GraphQLResolverBenchmark.'GraphQL HTTP Call': DefaultJob [ProductId=10]
Runtime = .NET 8.0.8 (8.0.824.36612), X64 RyuJIT AVX2; GC = Concurrent Workstation
Mean = 2.933 ms, StdErr = 0.014 ms (0.49%), N = 23, StdDev = 0.069 ms
Min = 2.859 ms, Q1 = 2.883 ms, Median = 2.910 ms, Q3 = 2.969 ms, Max = 3.103 ms
IQR = 0.087 ms, LowerFence = 2.752 ms, UpperFence = 3.099 ms
ConfidenceInterval = [2.879 ms; 2.988 ms] (CI 99.9%), Margin = 0.055 ms (1.86% of Mean)
Skewness = 1.01, Kurtosis = 2.99, MValue = 2
-------------------- Histogram --------------------
[2.858 ms ; 2.922 ms) | @@@@@@@@@@@@@@
[2.922 ms ; 2.987 ms) | @@@@@
[2.987 ms ; 3.106 ms) | @@@@
---------------------------------------------------

GraphQLResolverBenchmark.'Direct Service Call': DefaultJob [ProductId=50]
Runtime = .NET 8.0.8 (8.0.824.36612), X64 RyuJIT AVX2; GC = Concurrent Workstation
Mean = 24.534 μs, StdErr = 0.095 μs (0.39%), N = 13, StdDev = 0.341 μs
Min = 24.011 μs, Q1 = 24.339 μs, Median = 24.560 μs, Q3 = 24.700 μs, Max = 25.236 μs
IQR = 0.361 μs, LowerFence = 23.798 μs, UpperFence = 25.242 μs
ConfidenceInterval = [24.125 μs; 24.942 μs] (CI 99.9%), Margin = 0.408 μs (1.66% of Mean)
Skewness = 0.34, Kurtosis = 2.29, MValue = 2
-------------------- Histogram --------------------
[23.821 μs ; 24.686 μs) | @@@@@@@@@
[24.686 μs ; 25.427 μs) | @@@@
---------------------------------------------------

GraphQLResolverBenchmark.'GraphQL HTTP Call': DefaultJob [ProductId=50]
Runtime = .NET 8.0.8 (8.0.824.36612), X64 RyuJIT AVX2; GC = Concurrent Workstation
Mean = 2.952 ms, StdErr = 0.016 ms (0.53%), N = 26, StdDev = 0.080 ms
Min = 2.836 ms, Q1 = 2.900 ms, Median = 2.935 ms, Q3 = 3.017 ms, Max = 3.187 ms
IQR = 0.117 ms, LowerFence = 2.725 ms, UpperFence = 3.192 ms
ConfidenceInterval = [2.893 ms; 3.011 ms] (CI 99.9%), Margin = 0.059 ms (1.99% of Mean)
Skewness = 0.82, Kurtosis = 3.54, MValue = 2.17
-------------------- Histogram --------------------
[2.828 ms ; 2.897 ms) | @@@@@@
[2.897 ms ; 2.992 ms) | @@@@@@@@@@@@
[2.992 ms ; 3.063 ms) | @@@@@@@
[3.063 ms ; 3.152 ms) | 
[3.152 ms ; 3.223 ms) | @
---------------------------------------------------

// * Summary *

BenchmarkDotNet v0.14.0, Windows 11 (10.0.26100.3775)
12th Gen Intel Core i7-12700H, 1 CPU, 20 logical and 14 physical cores
.NET SDK 8.0.400
  [Host]     : .NET 8.0.8 (8.0.824.36612), X64 RyuJIT AVX2
  DefaultJob : .NET 8.0.8 (8.0.824.36612), X64 RyuJIT AVX2


| Method                | ProductId | Mean        | Error     | StdDev    | Gen0   | Gen1   | Allocated |
|---------------------- |---------- |------------:|----------:|----------:|-------:|-------:|----------:|
| 'Direct Service Call' | 1         |    26.12 μs |  0.501 μs |  0.597 μs | 3.7842 | 0.3662 |  46.88 KB |
| 'GraphQL HTTP Call'   | 1         | 3,008.52 μs | 58.752 μs | 87.938 μs |      - |      - |    4.9 KB |
| 'Direct Service Call' | 10        |    25.31 μs |  0.217 μs |  0.203 μs | 3.7842 | 0.3662 |  46.88 KB |
| 'GraphQL HTTP Call'   | 10        | 2,933.21 μs | 54.680 μs | 69.152 μs |      - |      - |   4.91 KB |
| 'Direct Service Call' | 50        |    24.53 μs |  0.408 μs |  0.341 μs | 3.7842 | 0.3662 |  46.88 KB |
| 'GraphQL HTTP Call'   | 50        | 2,952.24 μs | 58.764 μs | 80.436 μs |      - |      - |   4.85 KB |

// * Hints *
Outliers
  GraphQLResolverBenchmark.'Direct Service Call': Default -> 3 outliers were removed (28.65 μs..29.82 μs)
  GraphQLResolverBenchmark.'GraphQL HTTP Call': Default   -> 2 outliers were removed (3.12 ms, 3.16 ms)
  GraphQLResolverBenchmark.'Direct Service Call': Default -> 2 outliers were removed (26.09 μs, 26.11 μs)

// * Legends *
  ProductId : Value of the 'ProductId' parameter
  Mean      : Arithmetic mean of all measurements
  Error     : Half of 99.9% confidence interval
  StdDev    : Standard deviation of all measurements
  Gen0      : GC Generation 0 collects per 1000 operations
  Gen1      : GC Generation 1 collects per 1000 operations
  Allocated : Allocated memory per single operation (managed only, inclusive, 1KB = 1024B)
  1 μs      : 1 Microsecond (0.000001 sec)

// * Diagnostic Output - MemoryDiagnoser *


// ***** BenchmarkRunner: End *****
Run time: 00:01:57 (117.28 sec), executed benchmarks: 6

Global total time: 00:02:06 (126.31 sec), executed benchmarks: 6
// * Artifacts cleanup *
Artifacts cleanup is finished
