// Validating benchmarks:
// ***** BenchmarkRunner: Start   *****
// ***** Found 3 benchmark(s) in total *****
// ***** Building 1 exe(s) in Parallel: Start   *****
// start dotnet  restore /p:UseSharedCompilation=false /p:BuildInParallel=false /m:1 /p:Deterministic=true /p:Optimize=true /p:IntermediateOutputPath="C:\HoGent24-25\Bachelorproef\PoC\Bachelorproef\WebshopBachelorproef\Webshop.Backend.Benchmarks\bin\Release\net8.0\71db5fad-ea6e-4856-8e7c-4881feaa2d6d\obj\Release\net8.0/" /p:OutDir="C:\HoGent24-25\Bachelorproef\PoC\Bachelorproef\WebshopBachelorproef\Webshop.Backend.Benchmarks\bin\Release\net8.0\71db5fad-ea6e-4856-8e7c-4881feaa2d6d\bin\Release\net8.0/" /p:OutputPath="C:\HoGent24-25\Bachelorproef\PoC\Bachelorproef\WebshopBachelorproef\Webshop.Backend.Benchmarks\bin\Release\net8.0\71db5fad-ea6e-4856-8e7c-4881feaa2d6d\bin\Release\net8.0/" in C:\HoGent24-25\Bachelorproef\PoC\Bachelorproef\WebshopBachelorproef\Webshop.Backend.Benchmarks\bin\Release\net8.0\71db5fad-ea6e-4856-8e7c-4881feaa2d6d
// command took 1.63 sec and exited with 0
// start dotnet  build -c Release --no-restore /p:UseSharedCompilation=false /p:BuildInParallel=false /m:1 /p:Deterministic=true /p:Optimize=true /p:IntermediateOutputPath="C:\HoGent24-25\Bachelorproef\PoC\Bachelorproef\WebshopBachelorproef\Webshop.Backend.Benchmarks\bin\Release\net8.0\71db5fad-ea6e-4856-8e7c-4881feaa2d6d\obj\Release\net8.0/" /p:OutDir="C:\HoGent24-25\Bachelorproef\PoC\Bachelorproef\WebshopBachelorproef\Webshop.Backend.Benchmarks\bin\Release\net8.0\71db5fad-ea6e-4856-8e7c-4881feaa2d6d\bin\Release\net8.0/" /p:OutputPath="C:\HoGent24-25\Bachelorproef\PoC\Bachelorproef\WebshopBachelorproef\Webshop.Backend.Benchmarks\bin\Release\net8.0\71db5fad-ea6e-4856-8e7c-4881feaa2d6d\bin\Release\net8.0/" --output "C:\HoGent24-25\Bachelorproef\PoC\Bachelorproef\WebshopBachelorproef\Webshop.Backend.Benchmarks\bin\Release\net8.0\71db5fad-ea6e-4856-8e7c-4881feaa2d6d\bin\Release\net8.0/" in C:\HoGent24-25\Bachelorproef\PoC\Bachelorproef\WebshopBachelorproef\Webshop.Backend.Benchmarks\bin\Release\net8.0\71db5fad-ea6e-4856-8e7c-4881feaa2d6d
// command took 7.71 sec and exited with 0
// ***** Done, took 00:00:09 (9.46 sec)   *****
// Found 3 benchmarks:
//   ProductDetailsBenchmark.'REST GET /api/products/details/{id}': DefaultJob [ProductId=1]
//   ProductDetailsBenchmark.'REST GET /api/products/details/{id}': DefaultJob [ProductId=50]
//   ProductDetailsBenchmark.'REST GET /api/products/details/{id}': DefaultJob [ProductId=100]

Setup power plan (GUID: 8c5e7fda-e8bf-4a96-9a85-a6e23a8c635c FriendlyName: Hoge prestaties)
// **************************
// Benchmark: ProductDetailsBenchmark.'REST GET /api/products/details/{id}': DefaultJob [ProductId=1]
// *** Execute ***
// Launch: 1 / 1
// Execute: dotnet 71db5fad-ea6e-4856-8e7c-4881feaa2d6d.dll --anonymousPipes 1452 1372 --benchmarkName "Webshop.Backend.Benchmarks.ProductDetailsBenchmark.GetProductDetails(ProductId: 1)" --job Default --benchmarkId 0 in C:\HoGent24-25\Bachelorproef\PoC\Bachelorproef\WebshopBachelorproef\Webshop.Backend.Benchmarks\bin\Release\net8.0\71db5fad-ea6e-4856-8e7c-4881feaa2d6d\bin\Release\net8.0
// BeforeAnythingElse

// Benchmark Process Environment Information:
// BenchmarkDotNet v0.14.0
// Runtime=.NET 8.0.8 (8.0.824.36612), X64 RyuJIT AVX2
// GC=Concurrent Workstation
// HardwareIntrinsics=AVX2,AES,BMI1,BMI2,FMA,LZCNT,PCLMUL,POPCNT,AvxVnni,SERIALIZE VectorSize=256
// Job: DefaultJob

OverheadJitting  1: 1 op, 194200.00 ns, 194.2000 us/op
WorkloadJitting  1: 1 op, 56364200.00 ns, 56.3642 ms/op

WorkloadPilot    1: 2 op, 7594200.00 ns, 3.7971 ms/op
WorkloadPilot    2: 3 op, 10417900.00 ns, 3.4726 ms/op
WorkloadPilot    3: 4 op, 12928700.00 ns, 3.2322 ms/op
WorkloadPilot    4: 5 op, 16791400.00 ns, 3.3583 ms/op
WorkloadPilot    5: 6 op, 20333200.00 ns, 3.3889 ms/op
WorkloadPilot    6: 7 op, 21015300.00 ns, 3.0022 ms/op
WorkloadPilot    7: 8 op, 25222800.00 ns, 3.1529 ms/op
WorkloadPilot    8: 9 op, 29339000.00 ns, 3.2599 ms/op
WorkloadPilot    9: 10 op, 33011900.00 ns, 3.3012 ms/op
WorkloadPilot   10: 11 op, 33066500.00 ns, 3.0060 ms/op
WorkloadPilot   11: 12 op, 38494100.00 ns, 3.2078 ms/op
WorkloadPilot   12: 13 op, 40765000.00 ns, 3.1358 ms/op
WorkloadPilot   13: 14 op, 45226800.00 ns, 3.2305 ms/op
WorkloadPilot   14: 15 op, 48511000.00 ns, 3.2341 ms/op
WorkloadPilot   15: 16 op, 44746900.00 ns, 2.7967 ms/op
WorkloadPilot   16: 32 op, 90699100.00 ns, 2.8343 ms/op
WorkloadPilot   17: 64 op, 193402200.00 ns, 3.0219 ms/op
WorkloadPilot   18: 128 op, 370237500.00 ns, 2.8925 ms/op
WorkloadPilot   19: 256 op, 788794400.00 ns, 3.0812 ms/op

WorkloadWarmup   1: 256 op, 741479400.00 ns, 2.8964 ms/op
WorkloadWarmup   2: 256 op, 700497300.00 ns, 2.7363 ms/op
WorkloadWarmup   3: 256 op, 741872300.00 ns, 2.8979 ms/op
WorkloadWarmup   4: 256 op, 721143800.00 ns, 2.8170 ms/op
WorkloadWarmup   5: 256 op, 744104900.00 ns, 2.9067 ms/op
WorkloadWarmup   6: 256 op, 719599600.00 ns, 2.8109 ms/op

// BeforeActualRun
WorkloadActual   1: 256 op, 691296300.00 ns, 2.7004 ms/op
WorkloadActual   2: 256 op, 706886800.00 ns, 2.7613 ms/op
WorkloadActual   3: 256 op, 709159200.00 ns, 2.7702 ms/op
WorkloadActual   4: 256 op, 730644100.00 ns, 2.8541 ms/op
WorkloadActual   5: 256 op, 697499000.00 ns, 2.7246 ms/op
WorkloadActual   6: 256 op, 725031500.00 ns, 2.8322 ms/op
WorkloadActual   7: 256 op, 721770100.00 ns, 2.8194 ms/op
WorkloadActual   8: 256 op, 728705200.00 ns, 2.8465 ms/op
WorkloadActual   9: 256 op, 691238400.00 ns, 2.7002 ms/op
WorkloadActual  10: 256 op, 727184300.00 ns, 2.8406 ms/op
WorkloadActual  11: 256 op, 699160400.00 ns, 2.7311 ms/op
WorkloadActual  12: 256 op, 750438300.00 ns, 2.9314 ms/op
WorkloadActual  13: 256 op, 697843100.00 ns, 2.7259 ms/op
WorkloadActual  14: 256 op, 699271100.00 ns, 2.7315 ms/op
WorkloadActual  15: 256 op, 698960400.00 ns, 2.7303 ms/op
WorkloadActual  16: 256 op, 702482600.00 ns, 2.7441 ms/op
WorkloadActual  17: 256 op, 685532400.00 ns, 2.6779 ms/op
WorkloadActual  18: 256 op, 691045200.00 ns, 2.6994 ms/op
WorkloadActual  19: 256 op, 691316700.00 ns, 2.7005 ms/op
WorkloadActual  20: 256 op, 707257300.00 ns, 2.7627 ms/op
WorkloadActual  21: 256 op, 711487900.00 ns, 2.7792 ms/op
WorkloadActual  22: 256 op, 704585400.00 ns, 2.7523 ms/op

// AfterActualRun
WorkloadResult   1: 256 op, 691296300.00 ns, 2.7004 ms/op
WorkloadResult   2: 256 op, 706886800.00 ns, 2.7613 ms/op
WorkloadResult   3: 256 op, 709159200.00 ns, 2.7702 ms/op
WorkloadResult   4: 256 op, 730644100.00 ns, 2.8541 ms/op
WorkloadResult   5: 256 op, 697499000.00 ns, 2.7246 ms/op
WorkloadResult   6: 256 op, 725031500.00 ns, 2.8322 ms/op
WorkloadResult   7: 256 op, 721770100.00 ns, 2.8194 ms/op
WorkloadResult   8: 256 op, 728705200.00 ns, 2.8465 ms/op
WorkloadResult   9: 256 op, 691238400.00 ns, 2.7002 ms/op
WorkloadResult  10: 256 op, 727184300.00 ns, 2.8406 ms/op
WorkloadResult  11: 256 op, 699160400.00 ns, 2.7311 ms/op
WorkloadResult  12: 256 op, 750438300.00 ns, 2.9314 ms/op
WorkloadResult  13: 256 op, 697843100.00 ns, 2.7259 ms/op
WorkloadResult  14: 256 op, 699271100.00 ns, 2.7315 ms/op
WorkloadResult  15: 256 op, 698960400.00 ns, 2.7303 ms/op
WorkloadResult  16: 256 op, 702482600.00 ns, 2.7441 ms/op
WorkloadResult  17: 256 op, 685532400.00 ns, 2.6779 ms/op
WorkloadResult  18: 256 op, 691045200.00 ns, 2.6994 ms/op
WorkloadResult  19: 256 op, 691316700.00 ns, 2.7005 ms/op
WorkloadResult  20: 256 op, 707257300.00 ns, 2.7627 ms/op
WorkloadResult  21: 256 op, 711487900.00 ns, 2.7792 ms/op
WorkloadResult  22: 256 op, 704585400.00 ns, 2.7523 ms/op
// GC:  0 0 0 1294136 256
// Threading:  787 20 256

// AfterAll
// Benchmark Process 26388 has exited with code 0.

Mean = 2.764 ms, StdErr = 0.014 ms (0.50%), N = 22, StdDev = 0.064 ms
Min = 2.678 ms, Q1 = 2.725 ms, Median = 2.748 ms, Q3 = 2.809 ms, Max = 2.931 ms
IQR = 0.084 ms, LowerFence = 2.598 ms, UpperFence = 2.936 ms
ConfidenceInterval = [2.712 ms; 2.817 ms] (CI 99.9%), Margin = 0.053 ms (1.90% of Mean)
Skewness = 0.83, Kurtosis = 2.85, MValue = 2

// ** Remained 2 (66,7%) benchmark(s) to run. Estimated finish 2025-05-06 11:10 (0h 0m from now) **
Setup power plan (GUID: 8c5e7fda-e8bf-4a96-9a85-a6e23a8c635c FriendlyName: Hoge prestaties)
// **************************
// Benchmark: ProductDetailsBenchmark.'REST GET /api/products/details/{id}': DefaultJob [ProductId=50]
// *** Execute ***
// Launch: 1 / 1
// Execute: dotnet 71db5fad-ea6e-4856-8e7c-4881feaa2d6d.dll --anonymousPipes 784 2172 --benchmarkName "Webshop.Backend.Benchmarks.ProductDetailsBenchmark.GetProductDetails(ProductId: 50)" --job Default --benchmarkId 1 in C:\HoGent24-25\Bachelorproef\PoC\Bachelorproef\WebshopBachelorproef\Webshop.Backend.Benchmarks\bin\Release\net8.0\71db5fad-ea6e-4856-8e7c-4881feaa2d6d\bin\Release\net8.0
// BeforeAnythingElse

// Benchmark Process Environment Information:
// BenchmarkDotNet v0.14.0
// Runtime=.NET 8.0.8 (8.0.824.36612), X64 RyuJIT AVX2
// GC=Concurrent Workstation
// HardwareIntrinsics=AVX2,AES,BMI1,BMI2,FMA,LZCNT,PCLMUL,POPCNT,AvxVnni,SERIALIZE VectorSize=256
// Job: DefaultJob

OverheadJitting  1: 1 op, 203600.00 ns, 203.6000 us/op
WorkloadJitting  1: 1 op, 51744500.00 ns, 51.7445 ms/op

WorkloadPilot    1: 2 op, 7324000.00 ns, 3.6620 ms/op
WorkloadPilot    2: 3 op, 9294800.00 ns, 3.0983 ms/op
WorkloadPilot    3: 4 op, 11354300.00 ns, 2.8386 ms/op
WorkloadPilot    4: 5 op, 15628400.00 ns, 3.1257 ms/op
WorkloadPilot    5: 6 op, 19389600.00 ns, 3.2316 ms/op
WorkloadPilot    6: 7 op, 21897100.00 ns, 3.1282 ms/op
WorkloadPilot    7: 8 op, 23768900.00 ns, 2.9711 ms/op
WorkloadPilot    8: 9 op, 28282600.00 ns, 3.1425 ms/op
WorkloadPilot    9: 10 op, 31196300.00 ns, 3.1196 ms/op
WorkloadPilot   10: 11 op, 30302000.00 ns, 2.7547 ms/op
WorkloadPilot   11: 12 op, 36795900.00 ns, 3.0663 ms/op
WorkloadPilot   12: 13 op, 38432400.00 ns, 2.9563 ms/op
WorkloadPilot   13: 14 op, 41339000.00 ns, 2.9528 ms/op
WorkloadPilot   14: 15 op, 46091900.00 ns, 3.0728 ms/op
WorkloadPilot   15: 16 op, 54786900.00 ns, 3.4242 ms/op
WorkloadPilot   16: 32 op, 92584300.00 ns, 2.8933 ms/op
WorkloadPilot   17: 64 op, 183165800.00 ns, 2.8620 ms/op
WorkloadPilot   18: 128 op, 359815700.00 ns, 2.8111 ms/op
WorkloadPilot   19: 256 op, 759947100.00 ns, 2.9685 ms/op

WorkloadWarmup   1: 256 op, 708895200.00 ns, 2.7691 ms/op
WorkloadWarmup   2: 256 op, 661652500.00 ns, 2.5846 ms/op
WorkloadWarmup   3: 256 op, 671203400.00 ns, 2.6219 ms/op
WorkloadWarmup   4: 256 op, 676078900.00 ns, 2.6409 ms/op
WorkloadWarmup   5: 256 op, 723094300.00 ns, 2.8246 ms/op
WorkloadWarmup   6: 256 op, 739025400.00 ns, 2.8868 ms/op
WorkloadWarmup   7: 256 op, 744106500.00 ns, 2.9067 ms/op
WorkloadWarmup   8: 256 op, 729398700.00 ns, 2.8492 ms/op
WorkloadWarmup   9: 256 op, 735600100.00 ns, 2.8734 ms/op
WorkloadWarmup  10: 256 op, 727702600.00 ns, 2.8426 ms/op

// BeforeActualRun
WorkloadActual   1: 256 op, 723938700.00 ns, 2.8279 ms/op
WorkloadActual   2: 256 op, 654722100.00 ns, 2.5575 ms/op
WorkloadActual   3: 256 op, 671356800.00 ns, 2.6225 ms/op
WorkloadActual   4: 256 op, 693709500.00 ns, 2.7098 ms/op
WorkloadActual   5: 256 op, 715482300.00 ns, 2.7949 ms/op
WorkloadActual   6: 256 op, 716882800.00 ns, 2.8003 ms/op
WorkloadActual   7: 256 op, 688631100.00 ns, 2.6900 ms/op
WorkloadActual   8: 256 op, 662728800.00 ns, 2.5888 ms/op
WorkloadActual   9: 256 op, 680703000.00 ns, 2.6590 ms/op
WorkloadActual  10: 256 op, 681842000.00 ns, 2.6634 ms/op
WorkloadActual  11: 256 op, 653436800.00 ns, 2.5525 ms/op
WorkloadActual  12: 256 op, 692045900.00 ns, 2.7033 ms/op
WorkloadActual  13: 256 op, 707010800.00 ns, 2.7618 ms/op
WorkloadActual  14: 256 op, 689736100.00 ns, 2.6943 ms/op
WorkloadActual  15: 256 op, 706272300.00 ns, 2.7589 ms/op
WorkloadActual  16: 256 op, 664789000.00 ns, 2.5968 ms/op
WorkloadActual  17: 256 op, 682674000.00 ns, 2.6667 ms/op
WorkloadActual  18: 256 op, 718241500.00 ns, 2.8056 ms/op
WorkloadActual  19: 256 op, 676596700.00 ns, 2.6430 ms/op
WorkloadActual  20: 256 op, 674548000.00 ns, 2.6350 ms/op
WorkloadActual  21: 256 op, 686288400.00 ns, 2.6808 ms/op
WorkloadActual  22: 256 op, 678223700.00 ns, 2.6493 ms/op
WorkloadActual  23: 256 op, 680148700.00 ns, 2.6568 ms/op
WorkloadActual  24: 256 op, 664579000.00 ns, 2.5960 ms/op
WorkloadActual  25: 256 op, 692743600.00 ns, 2.7060 ms/op
WorkloadActual  26: 256 op, 685077700.00 ns, 2.6761 ms/op

// AfterActualRun
WorkloadResult   1: 256 op, 654722100.00 ns, 2.5575 ms/op
WorkloadResult   2: 256 op, 671356800.00 ns, 2.6225 ms/op
WorkloadResult   3: 256 op, 693709500.00 ns, 2.7098 ms/op
WorkloadResult   4: 256 op, 715482300.00 ns, 2.7949 ms/op
WorkloadResult   5: 256 op, 716882800.00 ns, 2.8003 ms/op
WorkloadResult   6: 256 op, 688631100.00 ns, 2.6900 ms/op
WorkloadResult   7: 256 op, 662728800.00 ns, 2.5888 ms/op
WorkloadResult   8: 256 op, 680703000.00 ns, 2.6590 ms/op
WorkloadResult   9: 256 op, 681842000.00 ns, 2.6634 ms/op
WorkloadResult  10: 256 op, 653436800.00 ns, 2.5525 ms/op
WorkloadResult  11: 256 op, 692045900.00 ns, 2.7033 ms/op
WorkloadResult  12: 256 op, 707010800.00 ns, 2.7618 ms/op
WorkloadResult  13: 256 op, 689736100.00 ns, 2.6943 ms/op
WorkloadResult  14: 256 op, 706272300.00 ns, 2.7589 ms/op
WorkloadResult  15: 256 op, 664789000.00 ns, 2.5968 ms/op
WorkloadResult  16: 256 op, 682674000.00 ns, 2.6667 ms/op
WorkloadResult  17: 256 op, 718241500.00 ns, 2.8056 ms/op
WorkloadResult  18: 256 op, 676596700.00 ns, 2.6430 ms/op
WorkloadResult  19: 256 op, 674548000.00 ns, 2.6350 ms/op
WorkloadResult  20: 256 op, 686288400.00 ns, 2.6808 ms/op
WorkloadResult  21: 256 op, 678223700.00 ns, 2.6493 ms/op
WorkloadResult  22: 256 op, 680148700.00 ns, 2.6568 ms/op
WorkloadResult  23: 256 op, 664579000.00 ns, 2.5960 ms/op
WorkloadResult  24: 256 op, 692743600.00 ns, 2.7060 ms/op
WorkloadResult  25: 256 op, 685077700.00 ns, 2.6761 ms/op
// GC:  0 0 0 1311488 256
// Threading:  789 44 256

// AfterAll
// Benchmark Process 34152 has exited with code 0.

Mean = 2.675 ms, StdErr = 0.014 ms (0.53%), N = 25, StdDev = 0.071 ms
Min = 2.552 ms, Q1 = 2.635 ms, Median = 2.667 ms, Q3 = 2.706 ms, Max = 2.806 ms
IQR = 0.071 ms, LowerFence = 2.528 ms, UpperFence = 2.813 ms
ConfidenceInterval = [2.622 ms; 2.728 ms] (CI 99.9%), Margin = 0.053 ms (1.99% of Mean)
Skewness = 0.23, Kurtosis = 2.24, MValue = 2

// ** Remained 1 (33,3%) benchmark(s) to run. Estimated finish 2025-05-06 11:10 (0h 0m from now) **
Setup power plan (GUID: 8c5e7fda-e8bf-4a96-9a85-a6e23a8c635c FriendlyName: Hoge prestaties)
// **************************
// Benchmark: ProductDetailsBenchmark.'REST GET /api/products/details/{id}': DefaultJob [ProductId=100]
// *** Execute ***
// Launch: 1 / 1
// Execute: dotnet 71db5fad-ea6e-4856-8e7c-4881feaa2d6d.dll --anonymousPipes 2424 2272 --benchmarkName "Webshop.Backend.Benchmarks.ProductDetailsBenchmark.GetProductDetails(ProductId: 100)" --job Default --benchmarkId 2 in C:\HoGent24-25\Bachelorproef\PoC\Bachelorproef\WebshopBachelorproef\Webshop.Backend.Benchmarks\bin\Release\net8.0\71db5fad-ea6e-4856-8e7c-4881feaa2d6d\bin\Release\net8.0
// BeforeAnythingElse

// Benchmark Process Environment Information:
// BenchmarkDotNet v0.14.0
// Runtime=.NET 8.0.8 (8.0.824.36612), X64 RyuJIT AVX2
// GC=Concurrent Workstation
// HardwareIntrinsics=AVX2,AES,BMI1,BMI2,FMA,LZCNT,PCLMUL,POPCNT,AvxVnni,SERIALIZE VectorSize=256
// Job: DefaultJob

OverheadJitting  1: 1 op, 185100.00 ns, 185.1000 us/op
WorkloadJitting  1: 1 op, 53802000.00 ns, 53.8020 ms/op

WorkloadPilot    1: 2 op, 7457300.00 ns, 3.7287 ms/op
WorkloadPilot    2: 3 op, 9369300.00 ns, 3.1231 ms/op
WorkloadPilot    3: 4 op, 12144100.00 ns, 3.0360 ms/op
WorkloadPilot    4: 5 op, 15956500.00 ns, 3.1913 ms/op
WorkloadPilot    5: 6 op, 18865900.00 ns, 3.1443 ms/op
WorkloadPilot    6: 7 op, 21721500.00 ns, 3.1031 ms/op
WorkloadPilot    7: 8 op, 27123000.00 ns, 3.3904 ms/op
WorkloadPilot    8: 9 op, 27165900.00 ns, 3.0184 ms/op
WorkloadPilot    9: 10 op, 28260700.00 ns, 2.8261 ms/op
WorkloadPilot   10: 11 op, 33660500.00 ns, 3.0600 ms/op
WorkloadPilot   11: 12 op, 34254800.00 ns, 2.8546 ms/op
WorkloadPilot   12: 13 op, 39737100.00 ns, 3.0567 ms/op
WorkloadPilot   13: 14 op, 47223000.00 ns, 3.3731 ms/op
WorkloadPilot   14: 15 op, 45868800.00 ns, 3.0579 ms/op
WorkloadPilot   15: 16 op, 45135300.00 ns, 2.8210 ms/op
WorkloadPilot   16: 32 op, 89306000.00 ns, 2.7908 ms/op
WorkloadPilot   17: 64 op, 168839700.00 ns, 2.6381 ms/op
WorkloadPilot   18: 128 op, 363134900.00 ns, 2.8370 ms/op
WorkloadPilot   19: 256 op, 717922000.00 ns, 2.8044 ms/op

WorkloadWarmup   1: 256 op, 685498800.00 ns, 2.6777 ms/op
WorkloadWarmup   2: 256 op, 666277400.00 ns, 2.6026 ms/op
WorkloadWarmup   3: 256 op, 668773400.00 ns, 2.6124 ms/op
WorkloadWarmup   4: 256 op, 677531400.00 ns, 2.6466 ms/op
WorkloadWarmup   5: 256 op, 672870200.00 ns, 2.6284 ms/op
WorkloadWarmup   6: 256 op, 717370600.00 ns, 2.8022 ms/op
WorkloadWarmup   7: 256 op, 670840900.00 ns, 2.6205 ms/op

// BeforeActualRun
WorkloadActual   1: 256 op, 672682000.00 ns, 2.6277 ms/op
WorkloadActual   2: 256 op, 691888300.00 ns, 2.7027 ms/op
WorkloadActual   3: 256 op, 696749400.00 ns, 2.7217 ms/op
WorkloadActual   4: 256 op, 668159800.00 ns, 2.6100 ms/op
WorkloadActual   5: 256 op, 678297800.00 ns, 2.6496 ms/op
WorkloadActual   6: 256 op, 665473700.00 ns, 2.5995 ms/op
WorkloadActual   7: 256 op, 718824800.00 ns, 2.8079 ms/op
WorkloadActual   8: 256 op, 707840200.00 ns, 2.7650 ms/op
WorkloadActual   9: 256 op, 706988100.00 ns, 2.7617 ms/op
WorkloadActual  10: 256 op, 682874700.00 ns, 2.6675 ms/op
WorkloadActual  11: 256 op, 680461800.00 ns, 2.6581 ms/op
WorkloadActual  12: 256 op, 703678900.00 ns, 2.7487 ms/op
WorkloadActual  13: 256 op, 701857800.00 ns, 2.7416 ms/op
WorkloadActual  14: 256 op, 737784700.00 ns, 2.8820 ms/op
WorkloadActual  15: 256 op, 668252400.00 ns, 2.6104 ms/op
WorkloadActual  16: 256 op, 708164900.00 ns, 2.7663 ms/op
WorkloadActual  17: 256 op, 673576100.00 ns, 2.6312 ms/op
WorkloadActual  18: 256 op, 687549900.00 ns, 2.6857 ms/op
WorkloadActual  19: 256 op, 684382900.00 ns, 2.6734 ms/op
WorkloadActual  20: 256 op, 686560700.00 ns, 2.6819 ms/op
WorkloadActual  21: 256 op, 676286000.00 ns, 2.6417 ms/op
WorkloadActual  22: 256 op, 671535200.00 ns, 2.6232 ms/op
WorkloadActual  23: 256 op, 667342000.00 ns, 2.6068 ms/op
WorkloadActual  24: 256 op, 683371200.00 ns, 2.6694 ms/op
WorkloadActual  25: 256 op, 688581200.00 ns, 2.6898 ms/op

// AfterActualRun
WorkloadResult   1: 256 op, 672682000.00 ns, 2.6277 ms/op
WorkloadResult   2: 256 op, 691888300.00 ns, 2.7027 ms/op
WorkloadResult   3: 256 op, 696749400.00 ns, 2.7217 ms/op
WorkloadResult   4: 256 op, 668159800.00 ns, 2.6100 ms/op
WorkloadResult   5: 256 op, 678297800.00 ns, 2.6496 ms/op
WorkloadResult   6: 256 op, 665473700.00 ns, 2.5995 ms/op
WorkloadResult   7: 256 op, 718824800.00 ns, 2.8079 ms/op
WorkloadResult   8: 256 op, 707840200.00 ns, 2.7650 ms/op
WorkloadResult   9: 256 op, 706988100.00 ns, 2.7617 ms/op
WorkloadResult  10: 256 op, 682874700.00 ns, 2.6675 ms/op
WorkloadResult  11: 256 op, 680461800.00 ns, 2.6581 ms/op
WorkloadResult  12: 256 op, 703678900.00 ns, 2.7487 ms/op
WorkloadResult  13: 256 op, 701857800.00 ns, 2.7416 ms/op
WorkloadResult  14: 256 op, 737784700.00 ns, 2.8820 ms/op
WorkloadResult  15: 256 op, 668252400.00 ns, 2.6104 ms/op
WorkloadResult  16: 256 op, 708164900.00 ns, 2.7663 ms/op
WorkloadResult  17: 256 op, 673576100.00 ns, 2.6312 ms/op
WorkloadResult  18: 256 op, 687549900.00 ns, 2.6857 ms/op
WorkloadResult  19: 256 op, 684382900.00 ns, 2.6734 ms/op
WorkloadResult  20: 256 op, 686560700.00 ns, 2.6819 ms/op
WorkloadResult  21: 256 op, 676286000.00 ns, 2.6417 ms/op
WorkloadResult  22: 256 op, 671535200.00 ns, 2.6232 ms/op
WorkloadResult  23: 256 op, 667342000.00 ns, 2.6068 ms/op
WorkloadResult  24: 256 op, 683371200.00 ns, 2.6694 ms/op
WorkloadResult  25: 256 op, 688581200.00 ns, 2.6898 ms/op
// GC:  0 0 0 1322816 256
// Threading:  783 23 256

// AfterAll
// Benchmark Process 8408 has exited with code 0.

Mean = 2.689 ms, StdErr = 0.014 ms (0.53%), N = 25, StdDev = 0.071 ms
Min = 2.600 ms, Q1 = 2.631 ms, Median = 2.673 ms, Q3 = 2.742 ms, Max = 2.882 ms
IQR = 0.110 ms, LowerFence = 2.465 ms, UpperFence = 2.907 ms
ConfidenceInterval = [2.636 ms; 2.742 ms] (CI 99.9%), Margin = 0.053 ms (1.97% of Mean)
Skewness = 0.83, Kurtosis = 3.09, MValue = 2

// ** Remained 0 (0,0%) benchmark(s) to run. Estimated finish 2025-05-06 11:10 (0h 0m from now) **
Successfully reverted power plan (GUID: 8c5e7fda-e8bf-4a96-9a85-a6e23a8c635c FriendlyName: Hoge prestaties)
// ***** BenchmarkRunner: Finish  *****

// * Export *
  BenchmarkDotNet.Artifacts\results\Webshop.Backend.Benchmarks.ProductDetailsBenchmark-report.csv
  BenchmarkDotNet.Artifacts\results\Webshop.Backend.Benchmarks.ProductDetailsBenchmark-report-github.md
  BenchmarkDotNet.Artifacts\results\Webshop.Backend.Benchmarks.ProductDetailsBenchmark-report.html

// * Detailed results *
ProductDetailsBenchmark.'REST GET /api/products/details/{id}': DefaultJob [ProductId=1]
Runtime = .NET 8.0.8 (8.0.824.36612), X64 RyuJIT AVX2; GC = Concurrent Workstation
Mean = 2.764 ms, StdErr = 0.014 ms (0.50%), N = 22, StdDev = 0.064 ms
Min = 2.678 ms, Q1 = 2.725 ms, Median = 2.748 ms, Q3 = 2.809 ms, Max = 2.931 ms
IQR = 0.084 ms, LowerFence = 2.598 ms, UpperFence = 2.936 ms
ConfidenceInterval = [2.712 ms; 2.817 ms] (CI 99.9%), Margin = 0.053 ms (1.90% of Mean)
Skewness = 0.83, Kurtosis = 2.85, MValue = 2
-------------------- Histogram --------------------
[2.648 ms ; 2.756 ms) | @@@@@@@@@@@@
[2.756 ms ; 2.867 ms) | @@@@@@@@@
[2.867 ms ; 2.962 ms) | @
---------------------------------------------------

ProductDetailsBenchmark.'REST GET /api/products/details/{id}': DefaultJob [ProductId=50]
Runtime = .NET 8.0.8 (8.0.824.36612), X64 RyuJIT AVX2; GC = Concurrent Workstation
Mean = 2.675 ms, StdErr = 0.014 ms (0.53%), N = 25, StdDev = 0.071 ms
Min = 2.552 ms, Q1 = 2.635 ms, Median = 2.667 ms, Q3 = 2.706 ms, Max = 2.806 ms
IQR = 0.071 ms, LowerFence = 2.528 ms, UpperFence = 2.813 ms
ConfidenceInterval = [2.622 ms; 2.728 ms] (CI 99.9%), Margin = 0.053 ms (1.99% of Mean)
Skewness = 0.23, Kurtosis = 2.24, MValue = 2
-------------------- Histogram --------------------
[2.521 ms ; 2.584 ms) | @@
[2.584 ms ; 2.648 ms) | @@@@@@
[2.648 ms ; 2.750 ms) | @@@@@@@@@@@@
[2.750 ms ; 2.814 ms) | @@@@@
---------------------------------------------------

ProductDetailsBenchmark.'REST GET /api/products/details/{id}': DefaultJob [ProductId=100]
Runtime = .NET 8.0.8 (8.0.824.36612), X64 RyuJIT AVX2; GC = Concurrent Workstation
Mean = 2.689 ms, StdErr = 0.014 ms (0.53%), N = 25, StdDev = 0.071 ms
Min = 2.600 ms, Q1 = 2.631 ms, Median = 2.673 ms, Q3 = 2.742 ms, Max = 2.882 ms
IQR = 0.110 ms, LowerFence = 2.465 ms, UpperFence = 2.907 ms
ConfidenceInterval = [2.636 ms; 2.742 ms] (CI 99.9%), Margin = 0.053 ms (1.97% of Mean)
Skewness = 0.83, Kurtosis = 3.09, MValue = 2
-------------------- Histogram --------------------
[2.568 ms ; 2.627 ms) | @@@@@
[2.627 ms ; 2.703 ms) | @@@@@@@@@@@
[2.703 ms ; 2.766 ms) | @@@@@@@
[2.766 ms ; 2.840 ms) | @
[2.840 ms ; 2.914 ms) | @
---------------------------------------------------

// * Summary *

BenchmarkDotNet v0.14.0, Windows 11 (10.0.26100.3775)
12th Gen Intel Core i7-12700H, 1 CPU, 20 logical and 14 physical cores
.NET SDK 8.0.400
  [Host]     : .NET 8.0.8 (8.0.824.36612), X64 RyuJIT AVX2
  DefaultJob : .NET 8.0.8 (8.0.824.36612), X64 RyuJIT AVX2


| Method                                | ProductId | Mean     | Error     | StdDev    | Allocated |
|-------------------------------------- |---------- |---------:|----------:|----------:|----------:|
| 'REST GET /api/products/details/{id}' | 1         | 2.764 ms | 0.0525 ms | 0.0645 ms |   4.94 KB |
| 'REST GET /api/products/details/{id}' | 50        | 2.675 ms | 0.0531 ms | 0.0709 ms |      5 KB |
| 'REST GET /api/products/details/{id}' | 100       | 2.689 ms | 0.0531 ms | 0.0709 ms |   5.05 KB |

// * Hints *
Outliers
  ProductDetailsBenchmark.'REST GET /api/products/details/{id}': Default -> 1 outlier  was  removed (2.83 ms)

// * Legends *
  ProductId : Value of the 'ProductId' parameter
  Mean      : Arithmetic mean of all measurements
  Error     : Half of 99.9% confidence interval
  StdDev    : Standard deviation of all measurements
  Allocated : Allocated memory per single operation (managed only, inclusive, 1KB = 1024B)
  1 ms      : 1 Millisecond (0.001 sec)

// * Diagnostic Output - MemoryDiagnoser *


// ***** BenchmarkRunner: End *****
Run time: 00:01:15 (75.81 sec), executed benchmarks: 3

Global total time: 00:01:25 (85.47 sec), executed benchmarks: 3
// * Artifacts cleanup *
Artifacts cleanup is finished
