// Validating benchmarks:
// ***** BenchmarkRunner: Start   *****
// ***** Found 3 benchmark(s) in total *****
// ***** Building 1 exe(s) in Parallel: Start   *****
// start dotnet  restore /p:UseSharedCompilation=false /p:BuildInParallel=false /m:1 /p:Deterministic=true /p:Optimize=true /p:IntermediateOutputPath="C:\HoGent24-25\Bachelorproef\PoC\Bachelorproef\WebshopBachelorproef\Webshop.Backend.Benchmarks\bin\Release\net8.0\001106b9-e970-4d09-9cd6-fca572cd9a07\obj\Release\net8.0/" /p:OutDir="C:\HoGent24-25\Bachelorproef\PoC\Bachelorproef\WebshopBachelorproef\Webshop.Backend.Benchmarks\bin\Release\net8.0\001106b9-e970-4d09-9cd6-fca572cd9a07\bin\Release\net8.0/" /p:OutputPath="C:\HoGent24-25\Bachelorproef\PoC\Bachelorproef\WebshopBachelorproef\Webshop.Backend.Benchmarks\bin\Release\net8.0\001106b9-e970-4d09-9cd6-fca572cd9a07\bin\Release\net8.0/" in C:\HoGent24-25\Bachelorproef\PoC\Bachelorproef\WebshopBachelorproef\Webshop.Backend.Benchmarks\bin\Release\net8.0\001106b9-e970-4d09-9cd6-fca572cd9a07
// command took 2.62 sec and exited with 0
// start dotnet  build -c Release --no-restore /p:UseSharedCompilation=false /p:BuildInParallel=false /m:1 /p:Deterministic=true /p:Optimize=true /p:IntermediateOutputPath="C:\HoGent24-25\Bachelorproef\PoC\Bachelorproef\WebshopBachelorproef\Webshop.Backend.Benchmarks\bin\Release\net8.0\001106b9-e970-4d09-9cd6-fca572cd9a07\obj\Release\net8.0/" /p:OutDir="C:\HoGent24-25\Bachelorproef\PoC\Bachelorproef\WebshopBachelorproef\Webshop.Backend.Benchmarks\bin\Release\net8.0\001106b9-e970-4d09-9cd6-fca572cd9a07\bin\Release\net8.0/" /p:OutputPath="C:\HoGent24-25\Bachelorproef\PoC\Bachelorproef\WebshopBachelorproef\Webshop.Backend.Benchmarks\bin\Release\net8.0\001106b9-e970-4d09-9cd6-fca572cd9a07\bin\Release\net8.0/" --output "C:\HoGent24-25\Bachelorproef\PoC\Bachelorproef\WebshopBachelorproef\Webshop.Backend.Benchmarks\bin\Release\net8.0\001106b9-e970-4d09-9cd6-fca572cd9a07\bin\Release\net8.0/" in C:\HoGent24-25\Bachelorproef\PoC\Bachelorproef\WebshopBachelorproef\Webshop.Backend.Benchmarks\bin\Release\net8.0\001106b9-e970-4d09-9cd6-fca572cd9a07
// command took 13.48 sec and exited with 0
// ***** Done, took 00:00:16 (16.22 sec)   *****
// Found 3 benchmarks:
//   PriceBenchmark.'WebSocket CalculatePrice': DefaultJob [ConcurrentRequests=50]
//   PriceBenchmark.'WebSocket CalculatePrice': DefaultJob [ConcurrentRequests=100]
//   PriceBenchmark.'WebSocket CalculatePrice': DefaultJob [ConcurrentRequests=200]

Setup power plan (GUID: 8c5e7fda-e8bf-4a96-9a85-a6e23a8c635c FriendlyName: Hoge prestaties)
// **************************
// Benchmark: PriceBenchmark.'WebSocket CalculatePrice': DefaultJob [ConcurrentRequests=50]
// *** Execute ***
// Launch: 1 / 1
// Execute: dotnet 001106b9-e970-4d09-9cd6-fca572cd9a07.dll --anonymousPipes 2484 2488 --benchmarkName "Webshop.Backend.Benchmarks.PriceBenchmark.WebSocket_CalculatePrice(ConcurrentRequests: 50)" --job Default --benchmarkId 0 in C:\HoGent24-25\Bachelorproef\PoC\Bachelorproef\WebshopBachelorproef\Webshop.Backend.Benchmarks\bin\Release\net8.0\001106b9-e970-4d09-9cd6-fca572cd9a07\bin\Release\net8.0
// BeforeAnythingElse

// Benchmark Process Environment Information:
// BenchmarkDotNet v0.14.0
// Runtime=.NET 8.0.8 (8.0.824.36612), X64 RyuJIT AVX2
// GC=Concurrent Workstation
// HardwareIntrinsics=AVX2,AES,BMI1,BMI2,FMA,LZCNT,PCLMUL,POPCNT,AvxVnni,SERIALIZE VectorSize=256
// Job: DefaultJob

OverheadJitting  1: 1 op, 253900.00 ns, 253.9000 us/op
WorkloadJitting  1: 1 op, 115180100.00 ns, 115.1801 ms/op


System.Reflection.TargetInvocationException: Exception has been thrown by the target of an invocation.
 ---> System.Net.WebSockets.WebSocketException (0x80004005): The WebSocket is in an invalid state ('CloseReceived') for this operation. Valid states are: 'Open, CloseSent'
   at System.Net.WebSockets.WebSocketValidate.ThrowIfInvalidState(WebSocketState currentState, Boolean isDisposed, WebSocketState[] validStates)
   at System.Net.WebSockets.ManagedWebSocket.ReceiveAsync(ArraySegment`1 buffer, CancellationToken cancellationToken)
--- End of stack trace from previous location ---
   at Webshop.Backend.Benchmarks.PriceBenchmark.SendWebSocketRequest(Int32 idx) in C:\HoGent24-25\Bachelorproef\PoC\Bachelorproef\WebshopBachelorproef\Webshop.Backend.Benchmarks\PriceBenchmark.cs:line 98
   at Webshop.Backend.Benchmarks.PriceBenchmark.WebSocket_CalculatePrice() in C:\HoGent24-25\Bachelorproef\PoC\Bachelorproef\WebshopBachelorproef\Webshop.Backend.Benchmarks\PriceBenchmark.cs:line 70
   at BenchmarkDotNet.Helpers.AwaitHelper.GetResult(Task task)
   at BenchmarkDotNet.Autogenerated.Runnable_0.<.ctor>b__3_4() in C:\HoGent24-25\Bachelorproef\PoC\Bachelorproef\WebshopBachelorproef\Webshop.Backend.Benchmarks\bin\Release\net8.0\001106b9-e970-4d09-9cd6-fca572cd9a07\001106b9-e970-4d09-9cd6-fca572cd9a07.notcs:line 197
   at BenchmarkDotNet.Autogenerated.Runnable_0.WorkloadActionNoUnroll(Int64 invokeCount) in C:\HoGent24-25\Bachelorproef\PoC\Bachelorproef\WebshopBachelorproef\Webshop.Backend.Benchmarks\bin\Release\net8.0\001106b9-e970-4d09-9cd6-fca572cd9a07\001106b9-e970-4d09-9cd6-fca572cd9a07.notcs:line 311
   at BenchmarkDotNet.Engines.Engine.Measure(Action`1 action, Int64 invokeCount)
   at BenchmarkDotNet.Engines.Engine.RunIteration(IterationData data)
   at BenchmarkDotNet.Engines.EngineStage.RunIteration(IterationMode mode, IterationStage stage, Int32 index, Int64 invokeCount, Int32 unrollFactor)
   at BenchmarkDotNet.Engines.EnginePilotStage.RunAuto()
   at BenchmarkDotNet.Engines.EnginePilotStage.Run()
   at BenchmarkDotNet.Engines.Engine.Run()
   at BenchmarkDotNet.Autogenerated.Runnable_0.Run(IHost host, String benchmarkName) in C:\HoGent24-25\Bachelorproef\PoC\Bachelorproef\WebshopBachelorproef\Webshop.Backend.Benchmarks\bin\Release\net8.0\001106b9-e970-4d09-9cd6-fca572cd9a07\001106b9-e970-4d09-9cd6-fca572cd9a07.notcs:line 178
   at System.RuntimeMethodHandle.InvokeMethod(Object target, Void** arguments, Signature sig, Boolean isConstructor)
   at System.Reflection.MethodBaseInvoker.InvokeDirectByRefWithFewArgs(Object obj, Span`1 copyOfArgs, BindingFlags invokeAttr)
   --- End of inner exception stack trace ---
   at System.Reflection.MethodBaseInvoker.InvokeDirectByRefWithFewArgs(Object obj, Span`1 copyOfArgs, BindingFlags invokeAttr)
   at System.Reflection.MethodBaseInvoker.InvokeWithFewArgs(Object obj, BindingFlags invokeAttr, Binder binder, Object[] parameters, CultureInfo culture)
   at System.Reflection.MethodBase.Invoke(Object obj, Object[] parameters)
   at BenchmarkDotNet.Autogenerated.UniqueProgramName.AfterAssemblyLoadingAttached(String[] args) in C:\HoGent24-25\Bachelorproef\PoC\Bachelorproef\WebshopBachelorproef\Webshop.Backend.Benchmarks\bin\Release\net8.0\001106b9-e970-4d09-9cd6-fca572cd9a07\001106b9-e970-4d09-9cd6-fca572cd9a07.notcs:line 57
// AfterAll
No Workload Results were obtained from the run.
// Benchmark Process 43616 has exited with code -1.

// ** Remained 2 (66,7%) benchmark(s) to run. Estimated finish 2025-05-02 12:08 (0h 0m from now) **
Setup power plan (GUID: 8c5e7fda-e8bf-4a96-9a85-a6e23a8c635c FriendlyName: Hoge prestaties)
// **************************
// Benchmark: PriceBenchmark.'WebSocket CalculatePrice': DefaultJob [ConcurrentRequests=100]
// *** Execute ***
// Launch: 1 / 1
// Execute: dotnet 001106b9-e970-4d09-9cd6-fca572cd9a07.dll --anonymousPipes 2484 2488 --benchmarkName "Webshop.Backend.Benchmarks.PriceBenchmark.WebSocket_CalculatePrice(ConcurrentRequests: 100)" --job Default --benchmarkId 1 in C:\HoGent24-25\Bachelorproef\PoC\Bachelorproef\WebshopBachelorproef\Webshop.Backend.Benchmarks\bin\Release\net8.0\001106b9-e970-4d09-9cd6-fca572cd9a07\bin\Release\net8.0
// BeforeAnythingElse

// Benchmark Process Environment Information:
// BenchmarkDotNet v0.14.0
// Runtime=.NET 8.0.8 (8.0.824.36612), X64 RyuJIT AVX2
// GC=Concurrent Workstation
// HardwareIntrinsics=AVX2,AES,BMI1,BMI2,FMA,LZCNT,PCLMUL,POPCNT,AvxVnni,SERIALIZE VectorSize=256
// Job: DefaultJob

OverheadJitting  1: 1 op, 271300.00 ns, 271.3000 us/op
WorkloadJitting  1: 1 op, 147856500.00 ns, 147.8565 ms/op


System.Reflection.TargetInvocationException: Exception has been thrown by the target of an invocation.
 ---> System.Net.WebSockets.WebSocketException (0x80004005): The WebSocket is in an invalid state ('CloseReceived') for this operation. Valid states are: 'Open, CloseSent'
   at System.Net.WebSockets.WebSocketValidate.ThrowIfInvalidState(WebSocketState currentState, Boolean isDisposed, WebSocketState[] validStates)
   at System.Net.WebSockets.ManagedWebSocket.ReceiveAsync(ArraySegment`1 buffer, CancellationToken cancellationToken)
--- End of stack trace from previous location ---
   at Webshop.Backend.Benchmarks.PriceBenchmark.SendWebSocketRequest(Int32 idx) in C:\HoGent24-25\Bachelorproef\PoC\Bachelorproef\WebshopBachelorproef\Webshop.Backend.Benchmarks\PriceBenchmark.cs:line 98
   at Webshop.Backend.Benchmarks.PriceBenchmark.WebSocket_CalculatePrice() in C:\HoGent24-25\Bachelorproef\PoC\Bachelorproef\WebshopBachelorproef\Webshop.Backend.Benchmarks\PriceBenchmark.cs:line 70
   at BenchmarkDotNet.Helpers.AwaitHelper.GetResult(Task task)
   at BenchmarkDotNet.Autogenerated.Runnable_1.<.ctor>b__3_4() in C:\HoGent24-25\Bachelorproef\PoC\Bachelorproef\WebshopBachelorproef\Webshop.Backend.Benchmarks\bin\Release\net8.0\001106b9-e970-4d09-9cd6-fca572cd9a07\001106b9-e970-4d09-9cd6-fca572cd9a07.notcs:line 389
   at BenchmarkDotNet.Autogenerated.Runnable_1.WorkloadActionNoUnroll(Int64 invokeCount) in C:\HoGent24-25\Bachelorproef\PoC\Bachelorproef\WebshopBachelorproef\Webshop.Backend.Benchmarks\bin\Release\net8.0\001106b9-e970-4d09-9cd6-fca572cd9a07\001106b9-e970-4d09-9cd6-fca572cd9a07.notcs:line 503
   at BenchmarkDotNet.Engines.Engine.Measure(Action`1 action, Int64 invokeCount)
   at BenchmarkDotNet.Engines.Engine.RunIteration(IterationData data)
   at BenchmarkDotNet.Engines.EngineStage.RunIteration(IterationMode mode, IterationStage stage, Int32 index, Int64 invokeCount, Int32 unrollFactor)
   at BenchmarkDotNet.Engines.EnginePilotStage.RunAuto()
   at BenchmarkDotNet.Engines.EnginePilotStage.Run()
   at BenchmarkDotNet.Engines.Engine.Run()
   at BenchmarkDotNet.Autogenerated.Runnable_1.Run(IHost host, String benchmarkName) in C:\HoGent24-25\Bachelorproef\PoC\Bachelorproef\WebshopBachelorproef\Webshop.Backend.Benchmarks\bin\Release\net8.0\001106b9-e970-4d09-9cd6-fca572cd9a07\001106b9-e970-4d09-9cd6-fca572cd9a07.notcs:line 370
   at System.RuntimeMethodHandle.InvokeMethod(Object target, Void** arguments, Signature sig, Boolean isConstructor)
   at System.Reflection.MethodBaseInvoker.InvokeDirectByRefWithFewArgs(Object obj, Span`1 copyOfArgs, BindingFlags invokeAttr)
   --- End of inner exception stack trace ---
   at System.Reflection.MethodBaseInvoker.InvokeDirectByRefWithFewArgs(Object obj, Span`1 copyOfArgs, BindingFlags invokeAttr)
   at System.Reflection.MethodBaseInvoker.InvokeWithFewArgs(Object obj, BindingFlags invokeAttr, Binder binder, Object[] parameters, CultureInfo culture)
   at System.Reflection.MethodBase.Invoke(Object obj, Object[] parameters)
   at BenchmarkDotNet.Autogenerated.UniqueProgramName.AfterAssemblyLoadingAttached(String[] args) in C:\HoGent24-25\Bachelorproef\PoC\Bachelorproef\WebshopBachelorproef\Webshop.Backend.Benchmarks\bin\Release\net8.0\001106b9-e970-4d09-9cd6-fca572cd9a07\001106b9-e970-4d09-9cd6-fca572cd9a07.notcs:line 57
// AfterAll
No Workload Results were obtained from the run.
// Benchmark Process 15672 has exited with code -1.

// ** Remained 1 (33,3%) benchmark(s) to run. Estimated finish 2025-05-02 12:08 (0h 0m from now) **
Setup power plan (GUID: 8c5e7fda-e8bf-4a96-9a85-a6e23a8c635c FriendlyName: Hoge prestaties)
// **************************
// Benchmark: PriceBenchmark.'WebSocket CalculatePrice': DefaultJob [ConcurrentRequests=200]
// *** Execute ***
// Launch: 1 / 1
// Execute: dotnet 001106b9-e970-4d09-9cd6-fca572cd9a07.dll --anonymousPipes 1412 2300 --benchmarkName "Webshop.Backend.Benchmarks.PriceBenchmark.WebSocket_CalculatePrice(ConcurrentRequests: 200)" --job Default --benchmarkId 2 in C:\HoGent24-25\Bachelorproef\PoC\Bachelorproef\WebshopBachelorproef\Webshop.Backend.Benchmarks\bin\Release\net8.0\001106b9-e970-4d09-9cd6-fca572cd9a07\bin\Release\net8.0
// BeforeAnythingElse

// Benchmark Process Environment Information:
// BenchmarkDotNet v0.14.0
// Runtime=.NET 8.0.8 (8.0.824.36612), X64 RyuJIT AVX2
// GC=Concurrent Workstation
// HardwareIntrinsics=AVX2,AES,BMI1,BMI2,FMA,LZCNT,PCLMUL,POPCNT,AvxVnni,SERIALIZE VectorSize=256
// Job: DefaultJob

OverheadJitting  1: 1 op, 254000.00 ns, 254.0000 us/op
WorkloadJitting  1: 1 op, 219225900.00 ns, 219.2259 ms/op


System.Reflection.TargetInvocationException: Exception has been thrown by the target of an invocation.
 ---> System.Net.WebSockets.WebSocketException (0x80004005): The WebSocket is in an invalid state ('CloseReceived') for this operation. Valid states are: 'Open, CloseSent'
   at System.Net.WebSockets.WebSocketValidate.ThrowIfInvalidState(WebSocketState currentState, Boolean isDisposed, WebSocketState[] validStates)
   at System.Net.WebSockets.ManagedWebSocket.ReceiveAsync(ArraySegment`1 buffer, CancellationToken cancellationToken)
--- End of stack trace from previous location ---
   at Webshop.Backend.Benchmarks.PriceBenchmark.SendWebSocketRequest(Int32 idx) in C:\HoGent24-25\Bachelorproef\PoC\Bachelorproef\WebshopBachelorproef\Webshop.Backend.Benchmarks\PriceBenchmark.cs:line 98
   at Webshop.Backend.Benchmarks.PriceBenchmark.WebSocket_CalculatePrice() in C:\HoGent24-25\Bachelorproef\PoC\Bachelorproef\WebshopBachelorproef\Webshop.Backend.Benchmarks\PriceBenchmark.cs:line 70
   at BenchmarkDotNet.Helpers.AwaitHelper.GetResult(Task task)
   at BenchmarkDotNet.Autogenerated.Runnable_2.<.ctor>b__3_4() in C:\HoGent24-25\Bachelorproef\PoC\Bachelorproef\WebshopBachelorproef\Webshop.Backend.Benchmarks\bin\Release\net8.0\001106b9-e970-4d09-9cd6-fca572cd9a07\001106b9-e970-4d09-9cd6-fca572cd9a07.notcs:line 581
   at BenchmarkDotNet.Autogenerated.Runnable_2.WorkloadActionNoUnroll(Int64 invokeCount) in C:\HoGent24-25\Bachelorproef\PoC\Bachelorproef\WebshopBachelorproef\Webshop.Backend.Benchmarks\bin\Release\net8.0\001106b9-e970-4d09-9cd6-fca572cd9a07\001106b9-e970-4d09-9cd6-fca572cd9a07.notcs:line 695
   at BenchmarkDotNet.Engines.Engine.Measure(Action`1 action, Int64 invokeCount)
   at BenchmarkDotNet.Engines.Engine.RunIteration(IterationData data)
   at BenchmarkDotNet.Engines.EngineStage.RunIteration(IterationMode mode, IterationStage stage, Int32 index, Int64 invokeCount, Int32 unrollFactor)
   at BenchmarkDotNet.Engines.EnginePilotStage.RunAuto()
   at BenchmarkDotNet.Engines.EnginePilotStage.Run()
   at BenchmarkDotNet.Engines.Engine.Run()
   at BenchmarkDotNet.Autogenerated.Runnable_2.Run(IHost host, String benchmarkName) in C:\HoGent24-25\Bachelorproef\PoC\Bachelorproef\WebshopBachelorproef\Webshop.Backend.Benchmarks\bin\Release\net8.0\001106b9-e970-4d09-9cd6-fca572cd9a07\001106b9-e970-4d09-9cd6-fca572cd9a07.notcs:line 562
   at System.RuntimeMethodHandle.InvokeMethod(Object target, Void** arguments, Signature sig, Boolean isConstructor)
   at System.Reflection.MethodBaseInvoker.InvokeDirectByRefWithFewArgs(Object obj, Span`1 copyOfArgs, BindingFlags invokeAttr)
   --- End of inner exception stack trace ---
   at System.Reflection.MethodBaseInvoker.InvokeDirectByRefWithFewArgs(Object obj, Span`1 copyOfArgs, BindingFlags invokeAttr)
   at System.Reflection.MethodBaseInvoker.InvokeWithFewArgs(Object obj, BindingFlags invokeAttr, Binder binder, Object[] parameters, CultureInfo culture)
   at System.Reflection.MethodBase.Invoke(Object obj, Object[] parameters)
   at BenchmarkDotNet.Autogenerated.UniqueProgramName.AfterAssemblyLoadingAttached(String[] args) in C:\HoGent24-25\Bachelorproef\PoC\Bachelorproef\WebshopBachelorproef\Webshop.Backend.Benchmarks\bin\Release\net8.0\001106b9-e970-4d09-9cd6-fca572cd9a07\001106b9-e970-4d09-9cd6-fca572cd9a07.notcs:line 57
// AfterAll
No Workload Results were obtained from the run.
// Benchmark Process 37416 has exited with code -1.

// ** Remained 0 (0,0%) benchmark(s) to run. Estimated finish 2025-05-02 12:08 (0h 0m from now) **
Successfully reverted power plan (GUID: 8c5e7fda-e8bf-4a96-9a85-a6e23a8c635c FriendlyName: Hoge prestaties)
// ***** BenchmarkRunner: Finish  *****

// * Export *
  BenchmarkDotNet.Artifacts\results\Webshop.Backend.Benchmarks.PriceBenchmark-report.csv
  BenchmarkDotNet.Artifacts\results\Webshop.Backend.Benchmarks.PriceBenchmark-report-github.md
  BenchmarkDotNet.Artifacts\results\Webshop.Backend.Benchmarks.PriceBenchmark-report.html

// * Detailed results *
PriceBenchmark.'WebSocket CalculatePrice': DefaultJob [ConcurrentRequests=50]
Runtime = .NET 8.0.8 (8.0.824.36612), X64 RyuJIT AVX2; GC = Concurrent Workstation
There are not any results runs

PriceBenchmark.'WebSocket CalculatePrice': DefaultJob [ConcurrentRequests=100]
Runtime = .NET 8.0.8 (8.0.824.36612), X64 RyuJIT AVX2; GC = Concurrent Workstation
There are not any results runs

PriceBenchmark.'WebSocket CalculatePrice': DefaultJob [ConcurrentRequests=200]
Runtime = .NET 8.0.8 (8.0.824.36612), X64 RyuJIT AVX2; GC = Concurrent Workstation
There are not any results runs

// * Summary *

BenchmarkDotNet v0.14.0, Windows 11 (10.0.26100.3775)
12th Gen Intel Core i7-12700H, 1 CPU, 20 logical and 14 physical cores
.NET SDK 8.0.400
  [Host]     : .NET 8.0.8 (8.0.824.36612), X64 RyuJIT AVX2
  DefaultJob : .NET 8.0.8 (8.0.824.36612), X64 RyuJIT AVX2


| Method                     | ConcurrentRequests | Mean | Error |
|--------------------------- |------------------- |-----:|------:|
| 'WebSocket CalculatePrice' | 50                 |   NA |    NA |
| 'WebSocket CalculatePrice' | 100                |   NA |    NA |
| 'WebSocket CalculatePrice' | 200                |   NA |    NA |

Benchmarks with issues:
  PriceBenchmark.'WebSocket CalculatePrice': DefaultJob [ConcurrentRequests=50]
  PriceBenchmark.'WebSocket CalculatePrice': DefaultJob [ConcurrentRequests=100]
  PriceBenchmark.'WebSocket CalculatePrice': DefaultJob [ConcurrentRequests=200]

// * Warnings *
Environment
  Summary -> Detected error exit code from one of the benchmarks. It might be caused by following antivirus software:
        - Windows Defender (windowsdefender://)
        - McAfee (\\?\C:\Program Files\McAfee\WPS\1.28.191.1\mc-fw-host.exe)
Use InProcessEmitToolchain or InProcessNoEmitToolchain to avoid new process creation.


// * Legends *
  ConcurrentRequests : Value of the 'ConcurrentRequests' parameter
  Mean               : Arithmetic mean of all measurements
  Error              : Half of 99.9% confidence interval
  1 ns               : 1 Nanosecond (0.000000001 sec)

// * Diagnostic Output - MemoryDiagnoser *


// ***** BenchmarkRunner: End *****
Run time: 00:00:03 (3.81 sec), executed benchmarks: 3

Global total time: 00:00:20 (20.39 sec), executed benchmarks: 3
// * Artifacts cleanup *
Artifacts cleanup is finished
