// Validating benchmarks:
// ***** BenchmarkRunner: Start   *****
// ***** Found 12 benchmark(s) in total *****
// ***** Building 1 exe(s) in Parallel: Start   *****
// start dotnet  restore /p:UseSharedCompilation=false /p:BuildInParallel=false /m:1 /p:Deterministic=true /p:Optimize=true /p:IntermediateOutputPath="C:\HoGent24-25\Bachelorproef\PoC\Bachelorproef\WebshopBachelorproef\Webshop.Backend.Benchmarks\bin\Release\net8.0\e46a60b0-e2f9-49e9-a027-ea01bb6202e5\obj\Release\net8.0/" /p:OutDir="C:\HoGent24-25\Bachelorproef\PoC\Bachelorproef\WebshopBachelorproef\Webshop.Backend.Benchmarks\bin\Release\net8.0\e46a60b0-e2f9-49e9-a027-ea01bb6202e5\bin\Release\net8.0/" /p:OutputPath="C:\HoGent24-25\Bachelorproef\PoC\Bachelorproef\WebshopBachelorproef\Webshop.Backend.Benchmarks\bin\Release\net8.0\e46a60b0-e2f9-49e9-a027-ea01bb6202e5\bin\Release\net8.0/" in C:\HoGent24-25\Bachelorproef\PoC\Bachelorproef\WebshopBachelorproef\Webshop.Backend.Benchmarks\bin\Release\net8.0\e46a60b0-e2f9-49e9-a027-ea01bb6202e5
// command took 2.23 sec and exited with 0
// start dotnet  build -c Release --no-restore /p:UseSharedCompilation=false /p:BuildInParallel=false /m:1 /p:Deterministic=true /p:Optimize=true /p:IntermediateOutputPath="C:\HoGent24-25\Bachelorproef\PoC\Bachelorproef\WebshopBachelorproef\Webshop.Backend.Benchmarks\bin\Release\net8.0\e46a60b0-e2f9-49e9-a027-ea01bb6202e5\obj\Release\net8.0/" /p:OutDir="C:\HoGent24-25\Bachelorproef\PoC\Bachelorproef\WebshopBachelorproef\Webshop.Backend.Benchmarks\bin\Release\net8.0\e46a60b0-e2f9-49e9-a027-ea01bb6202e5\bin\Release\net8.0/" /p:OutputPath="C:\HoGent24-25\Bachelorproef\PoC\Bachelorproef\WebshopBachelorproef\Webshop.Backend.Benchmarks\bin\Release\net8.0\e46a60b0-e2f9-49e9-a027-ea01bb6202e5\bin\Release\net8.0/" --output "C:\HoGent24-25\Bachelorproef\PoC\Bachelorproef\WebshopBachelorproef\Webshop.Backend.Benchmarks\bin\Release\net8.0\e46a60b0-e2f9-49e9-a027-ea01bb6202e5\bin\Release\net8.0/" in C:\HoGent24-25\Bachelorproef\PoC\Bachelorproef\WebshopBachelorproef\Webshop.Backend.Benchmarks\bin\Release\net8.0\e46a60b0-e2f9-49e9-a027-ea01bb6202e5
// command took 13.74 sec and exited with 0
// ***** Done, took 00:00:16 (16.1 sec)   *****
// Found 12 benchmarks:
//   PriceBenchmark.'REST CalculatePrice': DefaultJob [ConcurrentRequests=50]
//   PriceBenchmark.'GraphQL CalculatePrice': DefaultJob [ConcurrentRequests=50]
//   PriceBenchmark.'SignalR CalculatePrice': DefaultJob [ConcurrentRequests=50]
//   PriceBenchmark.'WebSocket CalculatePrice': DefaultJob [ConcurrentRequests=50]
//   PriceBenchmark.'REST CalculatePrice': DefaultJob [ConcurrentRequests=100]
//   PriceBenchmark.'GraphQL CalculatePrice': DefaultJob [ConcurrentRequests=100]
//   PriceBenchmark.'SignalR CalculatePrice': DefaultJob [ConcurrentRequests=100]
//   PriceBenchmark.'WebSocket CalculatePrice': DefaultJob [ConcurrentRequests=100]
//   PriceBenchmark.'REST CalculatePrice': DefaultJob [ConcurrentRequests=200]
//   PriceBenchmark.'GraphQL CalculatePrice': DefaultJob [ConcurrentRequests=200]
//   PriceBenchmark.'SignalR CalculatePrice': DefaultJob [ConcurrentRequests=200]
//   PriceBenchmark.'WebSocket CalculatePrice': DefaultJob [ConcurrentRequests=200]

Setup power plan (GUID: 8c5e7fda-e8bf-4a96-9a85-a6e23a8c635c FriendlyName: Hoge prestaties)
// **************************
// Benchmark: PriceBenchmark.'REST CalculatePrice': DefaultJob [ConcurrentRequests=50]
// *** Execute ***
// Launch: 1 / 1
// Execute: dotnet e46a60b0-e2f9-49e9-a027-ea01bb6202e5.dll --anonymousPipes 2512 1288 --benchmarkName "Webshop.Backend.Benchmarks.PriceBenchmark.Rest_CalculatePrice(ConcurrentRequests: 50)" --job Default --benchmarkId 0 in C:\HoGent24-25\Bachelorproef\PoC\Bachelorproef\WebshopBachelorproef\Webshop.Backend.Benchmarks\bin\Release\net8.0\e46a60b0-e2f9-49e9-a027-ea01bb6202e5\bin\Release\net8.0
// BeforeAnythingElse

// Benchmark Process Environment Information:
// BenchmarkDotNet v0.14.0
// Runtime=.NET 8.0.8 (8.0.824.36612), X64 RyuJIT AVX2
// GC=Concurrent Workstation
// HardwareIntrinsics=AVX2,AES,BMI1,BMI2,FMA,LZCNT,PCLMUL,POPCNT,AvxVnni,SERIALIZE VectorSize=256
// Job: DefaultJob

OverheadJitting  1: 1 op, 242600.00 ns, 242.6000 us/op
WorkloadJitting  1: 1 op, 92293400.00 ns, 92.2934 ms/op

WorkloadPilot    1: 2 op, 9097000.00 ns, 4.5485 ms/op
WorkloadPilot    2: 3 op, 13081200.00 ns, 4.3604 ms/op
WorkloadPilot    3: 4 op, 16601000.00 ns, 4.1503 ms/op
WorkloadPilot    4: 5 op, 20478900.00 ns, 4.0958 ms/op
WorkloadPilot    5: 6 op, 23048400.00 ns, 3.8414 ms/op
WorkloadPilot    6: 7 op, 28482300.00 ns, 4.0689 ms/op
WorkloadPilot    7: 8 op, 32548400.00 ns, 4.0686 ms/op
WorkloadPilot    8: 9 op, 35407500.00 ns, 3.9342 ms/op
WorkloadPilot    9: 10 op, 37982300.00 ns, 3.7982 ms/op
WorkloadPilot   10: 11 op, 42906400.00 ns, 3.9006 ms/op
WorkloadPilot   11: 12 op, 46768000.00 ns, 3.8973 ms/op
WorkloadPilot   12: 13 op, 49333600.00 ns, 3.7949 ms/op
WorkloadPilot   13: 14 op, 58917800.00 ns, 4.2084 ms/op
WorkloadPilot   14: 15 op, 58215500.00 ns, 3.8810 ms/op
WorkloadPilot   15: 16 op, 65408300.00 ns, 4.0880 ms/op
WorkloadPilot   16: 32 op, 130105600.00 ns, 4.0658 ms/op
WorkloadPilot   17: 64 op, 255017000.00 ns, 3.9846 ms/op
WorkloadPilot   18: 128 op, 463707900.00 ns, 3.6227 ms/op
WorkloadPilot   19: 256 op, 618568700.00 ns, 2.4163 ms/op

WorkloadWarmup   1: 256 op, 481348500.00 ns, 1.8803 ms/op
WorkloadWarmup   2: 256 op, 447306500.00 ns, 1.7473 ms/op
WorkloadWarmup   3: 256 op, 452606700.00 ns, 1.7680 ms/op
WorkloadWarmup   4: 256 op, 443094900.00 ns, 1.7308 ms/op
WorkloadWarmup   5: 256 op, 445543700.00 ns, 1.7404 ms/op
WorkloadWarmup   6: 256 op, 455666600.00 ns, 1.7799 ms/op
WorkloadWarmup   7: 256 op, 440527200.00 ns, 1.7208 ms/op

// BeforeActualRun
WorkloadActual   1: 256 op, 437315900.00 ns, 1.7083 ms/op
WorkloadActual   2: 256 op, 480150800.00 ns, 1.8756 ms/op
WorkloadActual   3: 256 op, 441422900.00 ns, 1.7243 ms/op
WorkloadActual   4: 256 op, 441132300.00 ns, 1.7232 ms/op
WorkloadActual   5: 256 op, 443773900.00 ns, 1.7335 ms/op
WorkloadActual   6: 256 op, 456906300.00 ns, 1.7848 ms/op
WorkloadActual   7: 256 op, 447877100.00 ns, 1.7495 ms/op
WorkloadActual   8: 256 op, 461596400.00 ns, 1.8031 ms/op
WorkloadActual   9: 256 op, 440186600.00 ns, 1.7195 ms/op
WorkloadActual  10: 256 op, 458052900.00 ns, 1.7893 ms/op
WorkloadActual  11: 256 op, 444642500.00 ns, 1.7369 ms/op
WorkloadActual  12: 256 op, 445755500.00 ns, 1.7412 ms/op
WorkloadActual  13: 256 op, 454543800.00 ns, 1.7756 ms/op
WorkloadActual  14: 256 op, 459948100.00 ns, 1.7967 ms/op
WorkloadActual  15: 256 op, 444317400.00 ns, 1.7356 ms/op
WorkloadActual  16: 256 op, 459773800.00 ns, 1.7960 ms/op
WorkloadActual  17: 256 op, 460236700.00 ns, 1.7978 ms/op
WorkloadActual  18: 256 op, 460960800.00 ns, 1.8006 ms/op
WorkloadActual  19: 256 op, 446034000.00 ns, 1.7423 ms/op
WorkloadActual  20: 256 op, 455495700.00 ns, 1.7793 ms/op
WorkloadActual  21: 256 op, 456227300.00 ns, 1.7821 ms/op

// AfterActualRun
WorkloadResult   1: 256 op, 437315900.00 ns, 1.7083 ms/op
WorkloadResult   2: 256 op, 480150800.00 ns, 1.8756 ms/op
WorkloadResult   3: 256 op, 441422900.00 ns, 1.7243 ms/op
WorkloadResult   4: 256 op, 441132300.00 ns, 1.7232 ms/op
WorkloadResult   5: 256 op, 443773900.00 ns, 1.7335 ms/op
WorkloadResult   6: 256 op, 456906300.00 ns, 1.7848 ms/op
WorkloadResult   7: 256 op, 447877100.00 ns, 1.7495 ms/op
WorkloadResult   8: 256 op, 461596400.00 ns, 1.8031 ms/op
WorkloadResult   9: 256 op, 440186600.00 ns, 1.7195 ms/op
WorkloadResult  10: 256 op, 458052900.00 ns, 1.7893 ms/op
WorkloadResult  11: 256 op, 444642500.00 ns, 1.7369 ms/op
WorkloadResult  12: 256 op, 445755500.00 ns, 1.7412 ms/op
WorkloadResult  13: 256 op, 454543800.00 ns, 1.7756 ms/op
WorkloadResult  14: 256 op, 459948100.00 ns, 1.7967 ms/op
WorkloadResult  15: 256 op, 444317400.00 ns, 1.7356 ms/op
WorkloadResult  16: 256 op, 459773800.00 ns, 1.7960 ms/op
WorkloadResult  17: 256 op, 460236700.00 ns, 1.7978 ms/op
WorkloadResult  18: 256 op, 460960800.00 ns, 1.8006 ms/op
WorkloadResult  19: 256 op, 446034000.00 ns, 1.7423 ms/op
WorkloadResult  20: 256 op, 455495700.00 ns, 1.7793 ms/op
WorkloadResult  21: 256 op, 456227300.00 ns, 1.7821 ms/op
// GC:  3 0 0 43326064 256
// Threading:  36269 11 256

// AfterAll
// Benchmark Process 22428 has exited with code 0.

Mean = 1.766 ms, StdErr = 0.009 ms (0.50%), N = 21, StdDev = 0.040 ms
Min = 1.708 ms, Q1 = 1.736 ms, Median = 1.776 ms, Q3 = 1.796 ms, Max = 1.876 ms
IQR = 0.060 ms, LowerFence = 1.645 ms, UpperFence = 1.887 ms
ConfidenceInterval = [1.733 ms; 1.800 ms] (CI 99.9%), Margin = 0.034 ms (1.91% of Mean)
Skewness = 0.68, Kurtosis = 3.21, MValue = 2.2

// ** Remained 11 (91,7%) benchmark(s) to run. Estimated finish 2025-05-02 11:55 (0h 3m from now) **
Setup power plan (GUID: 8c5e7fda-e8bf-4a96-9a85-a6e23a8c635c FriendlyName: Hoge prestaties)
// **************************
// Benchmark: PriceBenchmark.'GraphQL CalculatePrice': DefaultJob [ConcurrentRequests=50]
// *** Execute ***
// Launch: 1 / 1
// Execute: dotnet e46a60b0-e2f9-49e9-a027-ea01bb6202e5.dll --anonymousPipes 2556 2552 --benchmarkName "Webshop.Backend.Benchmarks.PriceBenchmark.GraphQL_CalculatePrice(ConcurrentRequests: 50)" --job Default --benchmarkId 1 in C:\HoGent24-25\Bachelorproef\PoC\Bachelorproef\WebshopBachelorproef\Webshop.Backend.Benchmarks\bin\Release\net8.0\e46a60b0-e2f9-49e9-a027-ea01bb6202e5\bin\Release\net8.0
// BeforeAnythingElse

// Benchmark Process Environment Information:
// BenchmarkDotNet v0.14.0
// Runtime=.NET 8.0.8 (8.0.824.36612), X64 RyuJIT AVX2
// GC=Concurrent Workstation
// HardwareIntrinsics=AVX2,AES,BMI1,BMI2,FMA,LZCNT,PCLMUL,POPCNT,AvxVnni,SERIALIZE VectorSize=256
// Job: DefaultJob

OverheadJitting  1: 1 op, 243100.00 ns, 243.1000 us/op
WorkloadJitting  1: 1 op, 102676900.00 ns, 102.6769 ms/op

WorkloadPilot    1: 2 op, 12832800.00 ns, 6.4164 ms/op
WorkloadPilot    2: 3 op, 19327900.00 ns, 6.4426 ms/op
WorkloadPilot    3: 4 op, 22531300.00 ns, 5.6328 ms/op
WorkloadPilot    4: 5 op, 27969500.00 ns, 5.5939 ms/op
WorkloadPilot    5: 6 op, 36920100.00 ns, 6.1534 ms/op
WorkloadPilot    6: 7 op, 35058200.00 ns, 5.0083 ms/op
WorkloadPilot    7: 8 op, 44802700.00 ns, 5.6003 ms/op
WorkloadPilot    8: 9 op, 46861300.00 ns, 5.2068 ms/op
WorkloadPilot    9: 10 op, 54552900.00 ns, 5.4553 ms/op
WorkloadPilot   10: 11 op, 61426000.00 ns, 5.5842 ms/op
WorkloadPilot   11: 12 op, 64924600.00 ns, 5.4104 ms/op
WorkloadPilot   12: 13 op, 66392300.00 ns, 5.1071 ms/op
WorkloadPilot   13: 14 op, 72379300.00 ns, 5.1700 ms/op
WorkloadPilot   14: 15 op, 78094300.00 ns, 5.2063 ms/op
WorkloadPilot   15: 16 op, 85408000.00 ns, 5.3380 ms/op
WorkloadPilot   16: 32 op, 168941800.00 ns, 5.2794 ms/op
WorkloadPilot   17: 64 op, 513910800.00 ns, 8.0299 ms/op

WorkloadWarmup   1: 64 op, 205881900.00 ns, 3.2169 ms/op
WorkloadWarmup   2: 64 op, 195849700.00 ns, 3.0602 ms/op
WorkloadWarmup   3: 64 op, 174958700.00 ns, 2.7337 ms/op
WorkloadWarmup   4: 64 op, 170205400.00 ns, 2.6595 ms/op
WorkloadWarmup   5: 64 op, 221934800.00 ns, 3.4677 ms/op
WorkloadWarmup   6: 64 op, 163162800.00 ns, 2.5494 ms/op
WorkloadWarmup   7: 64 op, 169767500.00 ns, 2.6526 ms/op
WorkloadWarmup   8: 64 op, 160046600.00 ns, 2.5007 ms/op

// BeforeActualRun
WorkloadActual   1: 64 op, 159546600.00 ns, 2.4929 ms/op
WorkloadActual   2: 64 op, 159498400.00 ns, 2.4922 ms/op
WorkloadActual   3: 64 op, 164458000.00 ns, 2.5697 ms/op
WorkloadActual   4: 64 op, 160216700.00 ns, 2.5034 ms/op
WorkloadActual   5: 64 op, 164246300.00 ns, 2.5663 ms/op
WorkloadActual   6: 64 op, 159131200.00 ns, 2.4864 ms/op
WorkloadActual   7: 64 op, 162523000.00 ns, 2.5394 ms/op
WorkloadActual   8: 64 op, 166113500.00 ns, 2.5955 ms/op
WorkloadActual   9: 64 op, 165554800.00 ns, 2.5868 ms/op
WorkloadActual  10: 64 op, 157535700.00 ns, 2.4615 ms/op
WorkloadActual  11: 64 op, 164787200.00 ns, 2.5748 ms/op
WorkloadActual  12: 64 op, 182056900.00 ns, 2.8446 ms/op
WorkloadActual  13: 64 op, 158604500.00 ns, 2.4782 ms/op
WorkloadActual  14: 64 op, 158059500.00 ns, 2.4697 ms/op
WorkloadActual  15: 64 op, 163645600.00 ns, 2.5570 ms/op
WorkloadActual  16: 64 op, 158718100.00 ns, 2.4800 ms/op
WorkloadActual  17: 64 op, 172420400.00 ns, 2.6941 ms/op
WorkloadActual  18: 64 op, 162420800.00 ns, 2.5378 ms/op
WorkloadActual  19: 64 op, 158805400.00 ns, 2.4813 ms/op
WorkloadActual  20: 64 op, 157060000.00 ns, 2.4541 ms/op
WorkloadActual  21: 64 op, 160817100.00 ns, 2.5128 ms/op
WorkloadActual  22: 64 op, 167003900.00 ns, 2.6094 ms/op
WorkloadActual  23: 64 op, 162306100.00 ns, 2.5360 ms/op

// AfterActualRun
WorkloadResult   1: 64 op, 159546600.00 ns, 2.4929 ms/op
WorkloadResult   2: 64 op, 159498400.00 ns, 2.4922 ms/op
WorkloadResult   3: 64 op, 164458000.00 ns, 2.5697 ms/op
WorkloadResult   4: 64 op, 160216700.00 ns, 2.5034 ms/op
WorkloadResult   5: 64 op, 164246300.00 ns, 2.5663 ms/op
WorkloadResult   6: 64 op, 159131200.00 ns, 2.4864 ms/op
WorkloadResult   7: 64 op, 162523000.00 ns, 2.5394 ms/op
WorkloadResult   8: 64 op, 166113500.00 ns, 2.5955 ms/op
WorkloadResult   9: 64 op, 165554800.00 ns, 2.5868 ms/op
WorkloadResult  10: 64 op, 157535700.00 ns, 2.4615 ms/op
WorkloadResult  11: 64 op, 164787200.00 ns, 2.5748 ms/op
WorkloadResult  12: 64 op, 158604500.00 ns, 2.4782 ms/op
WorkloadResult  13: 64 op, 158059500.00 ns, 2.4697 ms/op
WorkloadResult  14: 64 op, 163645600.00 ns, 2.5570 ms/op
WorkloadResult  15: 64 op, 158718100.00 ns, 2.4800 ms/op
WorkloadResult  16: 64 op, 172420400.00 ns, 2.6941 ms/op
WorkloadResult  17: 64 op, 162420800.00 ns, 2.5378 ms/op
WorkloadResult  18: 64 op, 158805400.00 ns, 2.4813 ms/op
WorkloadResult  19: 64 op, 157060000.00 ns, 2.4541 ms/op
WorkloadResult  20: 64 op, 160817100.00 ns, 2.5128 ms/op
WorkloadResult  21: 64 op, 167003900.00 ns, 2.6094 ms/op
WorkloadResult  22: 64 op, 162306100.00 ns, 2.5360 ms/op
// GC:  0 0 0 12410560 64
// Threading:  8741 0 64

// AfterAll
// Benchmark Process 41656 has exited with code 0.

Mean = 2.531 ms, StdErr = 0.013 ms (0.50%), N = 22, StdDev = 0.059 ms
Min = 2.454 ms, Q1 = 2.483 ms, Median = 2.524 ms, Q3 = 2.569 ms, Max = 2.694 ms
IQR = 0.086 ms, LowerFence = 2.353 ms, UpperFence = 2.698 ms
ConfidenceInterval = [2.483 ms; 2.579 ms] (CI 99.9%), Margin = 0.048 ms (1.91% of Mean)
Skewness = 0.84, Kurtosis = 3.24, MValue = 2

// ** Remained 10 (83,3%) benchmark(s) to run. Estimated finish 2025-05-02 11:54 (0h 2m from now) **
Setup power plan (GUID: 8c5e7fda-e8bf-4a96-9a85-a6e23a8c635c FriendlyName: Hoge prestaties)
// **************************
// Benchmark: PriceBenchmark.'SignalR CalculatePrice': DefaultJob [ConcurrentRequests=50]
// *** Execute ***
// Launch: 1 / 1
// Execute: dotnet e46a60b0-e2f9-49e9-a027-ea01bb6202e5.dll --anonymousPipes 2320 1336 --benchmarkName "Webshop.Backend.Benchmarks.PriceBenchmark.SignalR_CalculatePrice(ConcurrentRequests: 50)" --job Default --benchmarkId 2 in C:\HoGent24-25\Bachelorproef\PoC\Bachelorproef\WebshopBachelorproef\Webshop.Backend.Benchmarks\bin\Release\net8.0\e46a60b0-e2f9-49e9-a027-ea01bb6202e5\bin\Release\net8.0
// BeforeAnythingElse

// Benchmark Process Environment Information:
// BenchmarkDotNet v0.14.0
// Runtime=.NET 8.0.8 (8.0.824.36612), X64 RyuJIT AVX2
// GC=Concurrent Workstation
// HardwareIntrinsics=AVX2,AES,BMI1,BMI2,FMA,LZCNT,PCLMUL,POPCNT,AvxVnni,SERIALIZE VectorSize=256
// Job: DefaultJob

OverheadJitting  1: 1 op, 237100.00 ns, 237.1000 us/op
WorkloadJitting  1: 1 op, 360757800.00 ns, 360.7578 ms/op

OverheadJitting  2: 1 op, 700.00 ns, 700.0000 ns/op
WorkloadJitting  2: 1 op, 267743300.00 ns, 267.7433 ms/op

WorkloadPilot    1: 2 op, 558299200.00 ns, 279.1496 ms/op

WorkloadWarmup   1: 2 op, 553924200.00 ns, 276.9621 ms/op
WorkloadWarmup   2: 2 op, 546775100.00 ns, 273.3876 ms/op
WorkloadWarmup   3: 2 op, 518423400.00 ns, 259.2117 ms/op
WorkloadWarmup   4: 2 op, 519068200.00 ns, 259.5341 ms/op
WorkloadWarmup   5: 2 op, 524551000.00 ns, 262.2755 ms/op
WorkloadWarmup   6: 2 op, 534790000.00 ns, 267.3950 ms/op
WorkloadWarmup   7: 2 op, 535406700.00 ns, 267.7034 ms/op
WorkloadWarmup   8: 2 op, 548897400.00 ns, 274.4487 ms/op
WorkloadWarmup   9: 2 op, 541276100.00 ns, 270.6381 ms/op
WorkloadWarmup  10: 2 op, 548954200.00 ns, 274.4771 ms/op
WorkloadWarmup  11: 2 op, 530685300.00 ns, 265.3427 ms/op

// BeforeActualRun
WorkloadActual   1: 2 op, 519193300.00 ns, 259.5967 ms/op
WorkloadActual   2: 2 op, 513992000.00 ns, 256.9960 ms/op
WorkloadActual   3: 2 op, 542028500.00 ns, 271.0143 ms/op
WorkloadActual   4: 2 op, 502018400.00 ns, 251.0092 ms/op
WorkloadActual   5: 2 op, 563711000.00 ns, 281.8555 ms/op
WorkloadActual   6: 2 op, 596813500.00 ns, 298.4068 ms/op
WorkloadActual   7: 2 op, 549619500.00 ns, 274.8098 ms/op
WorkloadActual   8: 2 op, 532873800.00 ns, 266.4369 ms/op
WorkloadActual   9: 2 op, 552769400.00 ns, 276.3847 ms/op
WorkloadActual  10: 2 op, 540392000.00 ns, 270.1960 ms/op
WorkloadActual  11: 2 op, 548278300.00 ns, 274.1392 ms/op
WorkloadActual  12: 2 op, 532584900.00 ns, 266.2925 ms/op
WorkloadActual  13: 2 op, 522724400.00 ns, 261.3622 ms/op
WorkloadActual  14: 2 op, 535087100.00 ns, 267.5436 ms/op
WorkloadActual  15: 2 op, 510847600.00 ns, 255.4238 ms/op
WorkloadActual  16: 2 op, 550508100.00 ns, 275.2541 ms/op
WorkloadActual  17: 2 op, 511371700.00 ns, 255.6859 ms/op
WorkloadActual  18: 2 op, 563059000.00 ns, 281.5295 ms/op
WorkloadActual  19: 2 op, 493481600.00 ns, 246.7408 ms/op
WorkloadActual  20: 2 op, 546556300.00 ns, 273.2782 ms/op
WorkloadActual  21: 2 op, 523606300.00 ns, 261.8032 ms/op
WorkloadActual  22: 2 op, 524865800.00 ns, 262.4329 ms/op
WorkloadActual  23: 2 op, 528748800.00 ns, 264.3744 ms/op
WorkloadActual  24: 2 op, 536834100.00 ns, 268.4171 ms/op
WorkloadActual  25: 2 op, 503579800.00 ns, 251.7899 ms/op
WorkloadActual  26: 2 op, 561050100.00 ns, 280.5251 ms/op
WorkloadActual  27: 2 op, 537810200.00 ns, 268.9051 ms/op
WorkloadActual  28: 2 op, 646867400.00 ns, 323.4337 ms/op
WorkloadActual  29: 2 op, 563275100.00 ns, 281.6376 ms/op
WorkloadActual  30: 2 op, 528551900.00 ns, 264.2760 ms/op
WorkloadActual  31: 2 op, 551407400.00 ns, 275.7037 ms/op
WorkloadActual  32: 2 op, 532451700.00 ns, 266.2259 ms/op
WorkloadActual  33: 2 op, 564761100.00 ns, 282.3806 ms/op
WorkloadActual  34: 2 op, 547814300.00 ns, 273.9072 ms/op
WorkloadActual  35: 2 op, 541622300.00 ns, 270.8112 ms/op
WorkloadActual  36: 2 op, 530783200.00 ns, 265.3916 ms/op
WorkloadActual  37: 2 op, 549218600.00 ns, 274.6093 ms/op
WorkloadActual  38: 2 op, 530170000.00 ns, 265.0850 ms/op
WorkloadActual  39: 2 op, 517883100.00 ns, 258.9416 ms/op
WorkloadActual  40: 2 op, 529913100.00 ns, 264.9566 ms/op

// AfterActualRun
WorkloadResult   1: 2 op, 519193300.00 ns, 259.5967 ms/op
WorkloadResult   2: 2 op, 513992000.00 ns, 256.9960 ms/op
WorkloadResult   3: 2 op, 542028500.00 ns, 271.0143 ms/op
WorkloadResult   4: 2 op, 502018400.00 ns, 251.0092 ms/op
WorkloadResult   5: 2 op, 563711000.00 ns, 281.8555 ms/op
WorkloadResult   6: 2 op, 549619500.00 ns, 274.8098 ms/op
WorkloadResult   7: 2 op, 532873800.00 ns, 266.4369 ms/op
WorkloadResult   8: 2 op, 552769400.00 ns, 276.3847 ms/op
WorkloadResult   9: 2 op, 540392000.00 ns, 270.1960 ms/op
WorkloadResult  10: 2 op, 548278300.00 ns, 274.1392 ms/op
WorkloadResult  11: 2 op, 532584900.00 ns, 266.2925 ms/op
WorkloadResult  12: 2 op, 522724400.00 ns, 261.3622 ms/op
WorkloadResult  13: 2 op, 535087100.00 ns, 267.5436 ms/op
WorkloadResult  14: 2 op, 510847600.00 ns, 255.4238 ms/op
WorkloadResult  15: 2 op, 550508100.00 ns, 275.2541 ms/op
WorkloadResult  16: 2 op, 511371700.00 ns, 255.6859 ms/op
WorkloadResult  17: 2 op, 563059000.00 ns, 281.5295 ms/op
WorkloadResult  18: 2 op, 493481600.00 ns, 246.7408 ms/op
WorkloadResult  19: 2 op, 546556300.00 ns, 273.2782 ms/op
WorkloadResult  20: 2 op, 523606300.00 ns, 261.8032 ms/op
WorkloadResult  21: 2 op, 524865800.00 ns, 262.4329 ms/op
WorkloadResult  22: 2 op, 528748800.00 ns, 264.3744 ms/op
WorkloadResult  23: 2 op, 536834100.00 ns, 268.4171 ms/op
WorkloadResult  24: 2 op, 503579800.00 ns, 251.7899 ms/op
WorkloadResult  25: 2 op, 561050100.00 ns, 280.5251 ms/op
WorkloadResult  26: 2 op, 537810200.00 ns, 268.9051 ms/op
WorkloadResult  27: 2 op, 563275100.00 ns, 281.6376 ms/op
WorkloadResult  28: 2 op, 528551900.00 ns, 264.2760 ms/op
WorkloadResult  29: 2 op, 551407400.00 ns, 275.7037 ms/op
WorkloadResult  30: 2 op, 532451700.00 ns, 266.2259 ms/op
WorkloadResult  31: 2 op, 564761100.00 ns, 282.3806 ms/op
WorkloadResult  32: 2 op, 547814300.00 ns, 273.9072 ms/op
WorkloadResult  33: 2 op, 541622300.00 ns, 270.8112 ms/op
WorkloadResult  34: 2 op, 530783200.00 ns, 265.3916 ms/op
WorkloadResult  35: 2 op, 549218600.00 ns, 274.6093 ms/op
WorkloadResult  36: 2 op, 530170000.00 ns, 265.0850 ms/op
WorkloadResult  37: 2 op, 517883100.00 ns, 258.9416 ms/op
WorkloadResult  38: 2 op, 529913100.00 ns, 264.9566 ms/op
// GC:  0 0 0 346568 2
// Threading:  503 0 2
// Exceptions:  50

// AfterAll
// Benchmark Process 13376 has exited with code 0.

Mean = 267.572 ms, StdErr = 1.479 ms (0.55%), N = 38, StdDev = 9.115 ms
Min = 246.741 ms, Q1 = 261.961 ms, Median = 266.990 ms, Q3 = 274.492 ms, Max = 282.381 ms
IQR = 12.531 ms, LowerFence = 243.164 ms, UpperFence = 293.289 ms
ConfidenceInterval = [262.287 ms; 272.856 ms] (CI 99.9%), Margin = 5.284 ms (1.97% of Mean)
Skewness = -0.24, Kurtosis = 2.33, MValue = 2

// ** Remained 9 (75,0%) benchmark(s) to run. Estimated finish 2025-05-02 11:56 (0h 2m from now) **
Setup power plan (GUID: 8c5e7fda-e8bf-4a96-9a85-a6e23a8c635c FriendlyName: Hoge prestaties)
// **************************
// Benchmark: PriceBenchmark.'WebSocket CalculatePrice': DefaultJob [ConcurrentRequests=50]
// *** Execute ***
// Launch: 1 / 1
// Execute: dotnet e46a60b0-e2f9-49e9-a027-ea01bb6202e5.dll --anonymousPipes 2324 2316 --benchmarkName "Webshop.Backend.Benchmarks.PriceBenchmark.WebSocket_CalculatePrice(ConcurrentRequests: 50)" --job Default --benchmarkId 3 in C:\HoGent24-25\Bachelorproef\PoC\Bachelorproef\WebshopBachelorproef\Webshop.Backend.Benchmarks\bin\Release\net8.0\e46a60b0-e2f9-49e9-a027-ea01bb6202e5\bin\Release\net8.0
// BeforeAnythingElse

// Benchmark Process Environment Information:
// BenchmarkDotNet v0.14.0
// Runtime=.NET 8.0.8 (8.0.824.36612), X64 RyuJIT AVX2
// GC=Concurrent Workstation
// HardwareIntrinsics=AVX2,AES,BMI1,BMI2,FMA,LZCNT,PCLMUL,POPCNT,AvxVnni,SERIALIZE VectorSize=256
// Job: DefaultJob

OverheadJitting  1: 1 op, 239500.00 ns, 239.5000 us/op
WorkloadJitting  1: 1 op, 216820900.00 ns, 216.8209 ms/op

WorkloadPilot    1: 2 op, 165426200.00 ns, 82.7131 ms/op
WorkloadPilot    2: 3 op, 253465300.00 ns, 84.4884 ms/op
WorkloadPilot    3: 4 op, 326788800.00 ns, 81.6972 ms/op
WorkloadPilot    4: 5 op, 751962900.00 ns, 150.3926 ms/op

WorkloadWarmup   1: 5 op, 784804400.00 ns, 156.9609 ms/op
WorkloadWarmup   2: 5 op, 812079500.00 ns, 162.4159 ms/op
WorkloadWarmup   3: 5 op, 771957800.00 ns, 154.3916 ms/op
WorkloadWarmup   4: 5 op, 794613000.00 ns, 158.9226 ms/op
WorkloadWarmup   5: 5 op, 703747900.00 ns, 140.7496 ms/op
WorkloadWarmup   6: 5 op, 717949400.00 ns, 143.5899 ms/op

// BeforeActualRun
WorkloadActual   1: 5 op, 708352300.00 ns, 141.6705 ms/op
WorkloadActual   2: 5 op, 728118900.00 ns, 145.6238 ms/op
WorkloadActual   3: 5 op, 731565100.00 ns, 146.3130 ms/op
WorkloadActual   4: 5 op, 695381800.00 ns, 139.0764 ms/op
WorkloadActual   5: 5 op, 715012800.00 ns, 143.0026 ms/op
WorkloadActual   6: 5 op, 726319500.00 ns, 145.2639 ms/op
WorkloadActual   7: 5 op, 727563600.00 ns, 145.5127 ms/op
WorkloadActual   8: 5 op, 759013400.00 ns, 151.8027 ms/op
WorkloadActual   9: 5 op, 740106800.00 ns, 148.0214 ms/op
WorkloadActual  10: 5 op, 752475900.00 ns, 150.4952 ms/op
WorkloadActual  11: 5 op, 757927900.00 ns, 151.5856 ms/op
WorkloadActual  12: 5 op, 815561500.00 ns, 163.1123 ms/op
WorkloadActual  13: 5 op, 844403300.00 ns, 168.8807 ms/op
WorkloadActual  14: 5 op, 805867100.00 ns, 161.1734 ms/op
WorkloadActual  15: 5 op, 791038200.00 ns, 158.2076 ms/op
WorkloadActual  16: 5 op, 781383200.00 ns, 156.2766 ms/op
WorkloadActual  17: 5 op, 779297900.00 ns, 155.8596 ms/op
WorkloadActual  18: 5 op, 733722700.00 ns, 146.7445 ms/op
WorkloadActual  19: 5 op, 724699800.00 ns, 144.9400 ms/op
WorkloadActual  20: 5 op, 797759000.00 ns, 159.5518 ms/op
WorkloadActual  21: 5 op, 821874300.00 ns, 164.3749 ms/op
WorkloadActual  22: 5 op, 819850200.00 ns, 163.9700 ms/op
WorkloadActual  23: 5 op, 807565300.00 ns, 161.5131 ms/op
WorkloadActual  24: 5 op, 812871100.00 ns, 162.5742 ms/op
WorkloadActual  25: 5 op, 886046500.00 ns, 177.2093 ms/op
WorkloadActual  26: 5 op, 777577900.00 ns, 155.5156 ms/op
WorkloadActual  27: 5 op, 773401700.00 ns, 154.6803 ms/op
WorkloadActual  28: 5 op, 752861200.00 ns, 150.5722 ms/op
WorkloadActual  29: 5 op, 782934300.00 ns, 156.5869 ms/op
WorkloadActual  30: 5 op, 801182800.00 ns, 160.2366 ms/op
WorkloadActual  31: 5 op, 755061900.00 ns, 151.0124 ms/op
WorkloadActual  32: 5 op, 805189000.00 ns, 161.0378 ms/op
WorkloadActual  33: 5 op, 761115600.00 ns, 152.2231 ms/op
WorkloadActual  34: 5 op, 808182900.00 ns, 161.6366 ms/op
WorkloadActual  35: 5 op, 761440400.00 ns, 152.2881 ms/op
WorkloadActual  36: 5 op, 784006600.00 ns, 156.8013 ms/op
WorkloadActual  37: 5 op, 765695100.00 ns, 153.1390 ms/op
WorkloadActual  38: 5 op, 776245700.00 ns, 155.2491 ms/op
WorkloadActual  39: 5 op, 791525300.00 ns, 158.3051 ms/op
WorkloadActual  40: 5 op, 798782800.00 ns, 159.7566 ms/op
WorkloadActual  41: 5 op, 806086900.00 ns, 161.2174 ms/op
WorkloadActual  42: 5 op, 785692700.00 ns, 157.1385 ms/op
WorkloadActual  43: 5 op, 779538000.00 ns, 155.9076 ms/op
WorkloadActual  44: 5 op, 761156400.00 ns, 152.2313 ms/op
WorkloadActual  45: 5 op, 694977600.00 ns, 138.9955 ms/op
WorkloadActual  46: 5 op, 721264700.00 ns, 144.2529 ms/op
WorkloadActual  47: 5 op, 749210800.00 ns, 149.8422 ms/op
WorkloadActual  48: 5 op, 753077500.00 ns, 150.6155 ms/op
WorkloadActual  49: 5 op, 821103100.00 ns, 164.2206 ms/op
WorkloadActual  50: 5 op, 742668100.00 ns, 148.5336 ms/op
WorkloadActual  51: 5 op, 723971000.00 ns, 144.7942 ms/op
WorkloadActual  52: 5 op, 740371400.00 ns, 148.0743 ms/op
WorkloadActual  53: 5 op, 738391500.00 ns, 147.6783 ms/op
WorkloadActual  54: 5 op, 756620900.00 ns, 151.3242 ms/op
WorkloadActual  55: 5 op, 812444800.00 ns, 162.4890 ms/op

System.Reflection.TargetInvocationException: Exception has been thrown by the target of an invocation.
 ---> System.Net.WebSockets.WebSocketException (0x80004005): Unable to connect to the remote server
 ---> System.Net.Http.HttpRequestException: Elk socketadres (protocol/netwerkadres/poort) kan normaal slechts één keer worden gebruikt. (localhost:5139)
 ---> System.Net.Sockets.SocketException (10048): Elk socketadres (protocol/netwerkadres/poort) kan normaal slechts één keer worden gebruikt.
   at System.Net.Sockets.Socket.AwaitableSocketAsyncEventArgs.ThrowException(SocketError error, CancellationToken cancellationToken)
   at System.Net.Sockets.Socket.AwaitableSocketAsyncEventArgs.System.Threading.Tasks.Sources.IValueTaskSource.GetResult(Int16 token)
   at System.Net.Sockets.Socket.<ConnectAsync>g__WaitForConnectWithCancellation|285_0(AwaitableSocketAsyncEventArgs saea, ValueTask connectTask, CancellationToken cancellationToken)
   at System.Net.Http.HttpConnectionPool.ConnectToTcpHostAsync(String host, Int32 port, HttpRequestMessage initialRequest, Boolean async, CancellationToken cancellationToken)
   --- End of inner exception stack trace ---
   at System.Net.Http.HttpConnectionPool.ConnectToTcpHostAsync(String host, Int32 port, HttpRequestMessage initialRequest, Boolean async, CancellationToken cancellationToken)
   at System.Net.Http.HttpConnectionPool.ConnectAsync(HttpRequestMessage request, Boolean async, CancellationToken cancellationToken)
   at System.Net.Http.HttpConnectionPool.CreateHttp11ConnectionAsync(HttpRequestMessage request, Boolean async, CancellationToken cancellationToken)
   at System.Net.Http.HttpConnectionPool.AddHttp11ConnectionAsync(QueueItem queueItem)
   at System.Threading.Tasks.TaskCompletionSourceWithCancellation`1.WaitWithCancellationAsync(CancellationToken cancellationToken)
   at System.Net.Http.HttpConnectionPool.SendWithVersionDetectionAndRetryAsync(HttpRequestMessage request, Boolean async, Boolean doRequestAuth, CancellationToken cancellationToken)
   at System.Net.Http.RedirectHandler.SendAsync(HttpRequestMessage request, Boolean async, CancellationToken cancellationToken)
   at System.Net.WebSockets.WebSocketHandle.ConnectAsync(Uri uri, HttpMessageInvoker invoker, CancellationToken cancellationToken, ClientWebSocketOptions options)
   at System.Net.WebSockets.WebSocketHandle.ConnectAsync(Uri uri, HttpMessageInvoker invoker, CancellationToken cancellationToken, ClientWebSocketOptions options)
   at System.Net.WebSockets.ClientWebSocket.ConnectAsyncCore(Uri uri, HttpMessageInvoker invoker, CancellationToken cancellationToken)
   at Webshop.Backend.Benchmarks.PriceBenchmark.SendWebSocketRequest() in C:\HoGent24-25\Bachelorproef\PoC\Bachelorproef\WebshopBachelorproef\Webshop.Backend.Benchmarks\PriceBenchmark.cs:line 115
   at Webshop.Backend.Benchmarks.PriceBenchmark.WebSocket_CalculatePrice() in C:\HoGent24-25\Bachelorproef\PoC\Bachelorproef\WebshopBachelorproef\Webshop.Backend.Benchmarks\PriceBenchmark.cs:line 102
   at BenchmarkDotNet.Autogenerated.Runnable_3.<.ctor>b__3_4() in C:\HoGent24-25\Bachelorproef\PoC\Bachelorproef\WebshopBachelorproef\Webshop.Backend.Benchmarks\bin\Release\net8.0\e46a60b0-e2f9-49e9-a027-ea01bb6202e5\e46a60b0-e2f9-49e9-a027-ea01bb6202e5.notcs:line 773
   at BenchmarkDotNet.Engines.Engine.RunIteration(IterationData data)
   at BenchmarkDotNet.Engines.EngineStage.RunIteration(IterationMode mode, IterationStage stage, Int32 index, Int64 invokeCount, Int32 unrollFactor)
   at BenchmarkDotNet.Engines.EngineActualStage.RunAuto(Int64 invokeCount, IterationMode iterationMode, Int32 unrollFactor)
   at BenchmarkDotNet.Engines.EngineActualStage.Run(Int64 invokeCount, IterationMode iterationMode, Boolean runAuto, Int32 unrollFactor, Boolean forceSpecific)
   at BenchmarkDotNet.Engines.EngineActualStage.RunWorkload(Int64 invokeCount, Int32 unrollFactor, Boolean forceSpecific)
   at BenchmarkDotNet.Engines.Engine.Run()
   at BenchmarkDotNet.Autogenerated.Runnable_3.Run(IHost host, String benchmarkName) in C:\HoGent24-25\Bachelorproef\PoC\Bachelorproef\WebshopBachelorproef\Webshop.Backend.Benchmarks\bin\Release\net8.0\e46a60b0-e2f9-49e9-a027-ea01bb6202e5\e46a60b0-e2f9-49e9-a027-ea01bb6202e5.notcs:line 754
   at System.RuntimeMethodHandle.InvokeMethod(Object target, Void** arguments, Signature sig, Boolean isConstructor)
   at System.Reflection.MethodBaseInvoker.InvokeDirectByRefWithFewArgs(Object obj, Span`1 copyOfArgs, BindingFlags invokeAttr)
   --- End of inner exception stack trace ---
   at System.Reflection.MethodBaseInvoker.InvokeDirectByRefWithFewArgs(Object obj, Span`1 copyOfArgs, BindingFlags invokeAttr)
   at System.Reflection.MethodBaseInvoker.InvokeWithFewArgs(Object obj, BindingFlags invokeAttr, Binder binder, Object[] parameters, CultureInfo culture)
   at System.Reflection.MethodBase.Invoke(Object obj, Object[] parameters)
   at BenchmarkDotNet.Autogenerated.UniqueProgramName.AfterAssemblyLoadingAttached(String[] args) in C:\HoGent24-25\Bachelorproef\PoC\Bachelorproef\WebshopBachelorproef\Webshop.Backend.Benchmarks\bin\Release\net8.0\e46a60b0-e2f9-49e9-a027-ea01bb6202e5\e46a60b0-e2f9-49e9-a027-ea01bb6202e5.notcs:line 57
// AfterAll
No Workload Results were obtained from the run.
// Benchmark Process 14184 has exited with code -1.

// ** Remained 8 (66,7%) benchmark(s) to run. Estimated finish 2025-05-02 11:57 (0h 3m from now) **
Setup power plan (GUID: 8c5e7fda-e8bf-4a96-9a85-a6e23a8c635c FriendlyName: Hoge prestaties)
// **************************
// Benchmark: PriceBenchmark.'REST CalculatePrice': DefaultJob [ConcurrentRequests=100]
// *** Execute ***
// Launch: 1 / 1
// Execute: dotnet e46a60b0-e2f9-49e9-a027-ea01bb6202e5.dll --anonymousPipes 2384 2584 --benchmarkName "Webshop.Backend.Benchmarks.PriceBenchmark.Rest_CalculatePrice(ConcurrentRequests: 100)" --job Default --benchmarkId 4 in C:\HoGent24-25\Bachelorproef\PoC\Bachelorproef\WebshopBachelorproef\Webshop.Backend.Benchmarks\bin\Release\net8.0\e46a60b0-e2f9-49e9-a027-ea01bb6202e5\bin\Release\net8.0
// BeforeAnythingElse

// Benchmark Process Environment Information:
// BenchmarkDotNet v0.14.0
// Runtime=.NET 8.0.8 (8.0.824.36612), X64 RyuJIT AVX2
// GC=Concurrent Workstation
// HardwareIntrinsics=AVX2,AES,BMI1,BMI2,FMA,LZCNT,PCLMUL,POPCNT,AvxVnni,SERIALIZE VectorSize=256
// Job: DefaultJob


System.Reflection.TargetInvocationException: Exception has been thrown by the target of an invocation.
 ---> System.Net.Http.HttpRequestException: Elk socketadres (protocol/netwerkadres/poort) kan normaal slechts één keer worden gebruikt. (localhost:5139)
 ---> System.Net.Sockets.SocketException (10048): Elk socketadres (protocol/netwerkadres/poort) kan normaal slechts één keer worden gebruikt.
   at System.Net.Sockets.Socket.AwaitableSocketAsyncEventArgs.ThrowException(SocketError error, CancellationToken cancellationToken)
   at System.Net.Sockets.Socket.AwaitableSocketAsyncEventArgs.System.Threading.Tasks.Sources.IValueTaskSource.GetResult(Int16 token)
   at System.Net.Sockets.Socket.<ConnectAsync>g__WaitForConnectWithCancellation|285_0(AwaitableSocketAsyncEventArgs saea, ValueTask connectTask, CancellationToken cancellationToken)
   at System.Net.Http.HttpConnectionPool.ConnectToTcpHostAsync(String host, Int32 port, HttpRequestMessage initialRequest, Boolean async, CancellationToken cancellationToken)
   --- End of inner exception stack trace ---
   at System.Net.Http.HttpConnectionPool.ConnectToTcpHostAsync(String host, Int32 port, HttpRequestMessage initialRequest, Boolean async, CancellationToken cancellationToken)
   at System.Net.Http.HttpConnectionPool.ConnectAsync(HttpRequestMessage request, Boolean async, CancellationToken cancellationToken)
   at System.Net.Http.HttpConnectionPool.CreateHttp11ConnectionAsync(HttpRequestMessage request, Boolean async, CancellationToken cancellationToken)
   at System.Net.Http.HttpConnectionPool.AddHttp11ConnectionAsync(QueueItem queueItem)
   at System.Threading.Tasks.TaskCompletionSourceWithCancellation`1.WaitWithCancellationAsync(CancellationToken cancellationToken)
   at System.Net.Http.HttpConnectionPool.SendWithVersionDetectionAndRetryAsync(HttpRequestMessage request, Boolean async, Boolean doRequestAuth, CancellationToken cancellationToken)
   at System.Net.Http.RedirectHandler.SendAsync(HttpRequestMessage request, Boolean async, CancellationToken cancellationToken)
   at Microsoft.AspNetCore.Http.Connections.Client.Internal.AccessTokenHttpMessageHandler.SendAsync(HttpRequestMessage request, CancellationToken cancellationToken)
   at Microsoft.AspNetCore.Http.Connections.Client.Internal.LoggingHttpMessageHandler.SendAsync(HttpRequestMessage request, CancellationToken cancellationToken)
   at System.Net.Http.HttpClient.<SendAsync>g__Core|83_0(HttpRequestMessage request, HttpCompletionOption completionOption, CancellationTokenSource cts, Boolean disposeCts, CancellationTokenSource pendingRequestsCts, CancellationToken originalCancellationToken)
   at Microsoft.AspNetCore.Http.Connections.Client.Internal.SendUtils.SendMessages(Uri sendUrl, IDuplexPipe application, HttpClient httpClient, ILogger logger, CancellationToken cancellationToken)
   at System.IO.Pipelines.Pipe.GetReadResult(ReadResult& result)
   at System.IO.Pipelines.Pipe.GetReadAsyncResult()
   at System.IO.Pipelines.Pipe.DefaultPipeReader.GetResult(Int16 token)
   at Microsoft.AspNetCore.SignalR.Client.HubConnection.HandshakeAsync(ConnectionState startingConnectionState, Int32 protocolVersion, CancellationToken cancellationToken)
   at Microsoft.AspNetCore.SignalR.Client.HubConnection.StartAsyncCore(CancellationToken cancellationToken)
   at Microsoft.AspNetCore.SignalR.Client.HubConnection.StartAsyncCore(CancellationToken cancellationToken)
   at Microsoft.AspNetCore.SignalR.Client.HubConnection.StartAsyncInner(CancellationToken cancellationToken)
   at Microsoft.AspNetCore.SignalR.Client.HubConnection.StartAsync(CancellationToken cancellationToken)
   at Webshop.Backend.Benchmarks.PriceBenchmark.Setup() in C:\HoGent24-25\Bachelorproef\PoC\Bachelorproef\WebshopBachelorproef\Webshop.Backend.Benchmarks\PriceBenchmark.cs:line 41
   at BenchmarkDotNet.Helpers.AwaitHelper.GetResult(Task task)
   at BenchmarkDotNet.Autogenerated.Runnable_4.<.ctor>b__3_0() in C:\HoGent24-25\Bachelorproef\PoC\Bachelorproef\WebshopBachelorproef\Webshop.Backend.Benchmarks\bin\Release\net8.0\e46a60b0-e2f9-49e9-a027-ea01bb6202e5\e46a60b0-e2f9-49e9-a027-ea01bb6202e5.notcs:line 960
   at BenchmarkDotNet.Engines.EngineFactory.CreateReadyToRun(EngineParameters engineParameters)
   at BenchmarkDotNet.Autogenerated.Runnable_4.Run(IHost host, String benchmarkName) in C:\HoGent24-25\Bachelorproef\PoC\Bachelorproef\WebshopBachelorproef\Webshop.Backend.Benchmarks\bin\Release\net8.0\e46a60b0-e2f9-49e9-a027-ea01bb6202e5\e46a60b0-e2f9-49e9-a027-ea01bb6202e5.notcs:line 944
   at System.RuntimeMethodHandle.InvokeMethod(Object target, Void** arguments, Signature sig, Boolean isConstructor)
   at System.Reflection.MethodBaseInvoker.InvokeDirectByRefWithFewArgs(Object obj, Span`1 copyOfArgs, BindingFlags invokeAttr)
   --- End of inner exception stack trace ---
   at System.Reflection.MethodBaseInvoker.InvokeDirectByRefWithFewArgs(Object obj, Span`1 copyOfArgs, BindingFlags invokeAttr)
   at System.Reflection.MethodBaseInvoker.InvokeWithFewArgs(Object obj, BindingFlags invokeAttr, Binder binder, Object[] parameters, CultureInfo culture)
   at System.Reflection.MethodBase.Invoke(Object obj, Object[] parameters)
   at BenchmarkDotNet.Autogenerated.UniqueProgramName.AfterAssemblyLoadingAttached(String[] args) in C:\HoGent24-25\Bachelorproef\PoC\Bachelorproef\WebshopBachelorproef\Webshop.Backend.Benchmarks\bin\Release\net8.0\e46a60b0-e2f9-49e9-a027-ea01bb6202e5\e46a60b0-e2f9-49e9-a027-ea01bb6202e5.notcs:line 57
// AfterAll
No Workload Results were obtained from the run.
// Benchmark Process 21848 has exited with code -1.

// ** Remained 7 (58,3%) benchmark(s) to run. Estimated finish 2025-05-02 11:56 (0h 2m from now) **
Setup power plan (GUID: 8c5e7fda-e8bf-4a96-9a85-a6e23a8c635c FriendlyName: Hoge prestaties)
// **************************
// Benchmark: PriceBenchmark.'GraphQL CalculatePrice': DefaultJob [ConcurrentRequests=100]
// *** Execute ***
// Launch: 1 / 1
// Execute: dotnet e46a60b0-e2f9-49e9-a027-ea01bb6202e5.dll --anonymousPipes 2264 2328 --benchmarkName "Webshop.Backend.Benchmarks.PriceBenchmark.GraphQL_CalculatePrice(ConcurrentRequests: 100)" --job Default --benchmarkId 5 in C:\HoGent24-25\Bachelorproef\PoC\Bachelorproef\WebshopBachelorproef\Webshop.Backend.Benchmarks\bin\Release\net8.0\e46a60b0-e2f9-49e9-a027-ea01bb6202e5\bin\Release\net8.0
// BeforeAnythingElse

// Benchmark Process Environment Information:
// BenchmarkDotNet v0.14.0
// Runtime=.NET 8.0.8 (8.0.824.36612), X64 RyuJIT AVX2
// GC=Concurrent Workstation
// HardwareIntrinsics=AVX2,AES,BMI1,BMI2,FMA,LZCNT,PCLMUL,POPCNT,AvxVnni,SERIALIZE VectorSize=256
// Job: DefaultJob


System.Reflection.TargetInvocationException: Exception has been thrown by the target of an invocation.
 ---> System.Net.Http.HttpRequestException: Elk socketadres (protocol/netwerkadres/poort) kan normaal slechts één keer worden gebruikt. (localhost:5139)
 ---> System.Net.Sockets.SocketException (10048): Elk socketadres (protocol/netwerkadres/poort) kan normaal slechts één keer worden gebruikt.
   at System.Net.Sockets.Socket.AwaitableSocketAsyncEventArgs.ThrowException(SocketError error, CancellationToken cancellationToken)
   at System.Net.Sockets.Socket.AwaitableSocketAsyncEventArgs.System.Threading.Tasks.Sources.IValueTaskSource.GetResult(Int16 token)
   at System.Net.Sockets.Socket.<ConnectAsync>g__WaitForConnectWithCancellation|285_0(AwaitableSocketAsyncEventArgs saea, ValueTask connectTask, CancellationToken cancellationToken)
   at System.Net.Http.HttpConnectionPool.ConnectToTcpHostAsync(String host, Int32 port, HttpRequestMessage initialRequest, Boolean async, CancellationToken cancellationToken)
   --- End of inner exception stack trace ---
   at System.Net.Http.HttpConnectionPool.ConnectToTcpHostAsync(String host, Int32 port, HttpRequestMessage initialRequest, Boolean async, CancellationToken cancellationToken)
   at System.Net.Http.HttpConnectionPool.ConnectAsync(HttpRequestMessage request, Boolean async, CancellationToken cancellationToken)
   at System.Net.Http.HttpConnectionPool.CreateHttp11ConnectionAsync(HttpRequestMessage request, Boolean async, CancellationToken cancellationToken)
   at System.Net.Http.HttpConnectionPool.AddHttp11ConnectionAsync(QueueItem queueItem)
   at System.Threading.Tasks.TaskCompletionSourceWithCancellation`1.WaitWithCancellationAsync(CancellationToken cancellationToken)
   at System.Net.Http.HttpConnectionPool.SendWithVersionDetectionAndRetryAsync(HttpRequestMessage request, Boolean async, Boolean doRequestAuth, CancellationToken cancellationToken)
   at System.Net.Http.RedirectHandler.SendAsync(HttpRequestMessage request, Boolean async, CancellationToken cancellationToken)
   at Microsoft.AspNetCore.Http.Connections.Client.Internal.AccessTokenHttpMessageHandler.SendAsync(HttpRequestMessage request, CancellationToken cancellationToken)
   at Microsoft.AspNetCore.Http.Connections.Client.Internal.LoggingHttpMessageHandler.SendAsync(HttpRequestMessage request, CancellationToken cancellationToken)
   at System.Net.Http.HttpClient.<SendAsync>g__Core|83_0(HttpRequestMessage request, HttpCompletionOption completionOption, CancellationTokenSource cts, Boolean disposeCts, CancellationTokenSource pendingRequestsCts, CancellationToken originalCancellationToken)
   at Microsoft.AspNetCore.Http.Connections.Client.HttpConnection.NegotiateAsync(Uri url, HttpClient httpClient, ILogger logger, CancellationToken cancellationToken)
   at Microsoft.AspNetCore.Http.Connections.Client.HttpConnection.GetNegotiationResponseAsync(Uri uri, CancellationToken cancellationToken)
   at Microsoft.AspNetCore.Http.Connections.Client.HttpConnection.SelectAndStartTransport(TransferFormat transferFormat, CancellationToken cancellationToken)
   at Microsoft.AspNetCore.Http.Connections.Client.HttpConnection.StartAsyncCore(TransferFormat transferFormat, CancellationToken cancellationToken)
   at Microsoft.AspNetCore.Http.Connections.Client.HttpConnection.StartAsync(TransferFormat transferFormat, CancellationToken cancellationToken)
   at Microsoft.AspNetCore.Http.Connections.Client.HttpConnectionFactory.ConnectAsync(EndPoint endPoint, CancellationToken cancellationToken)
   at Microsoft.AspNetCore.Http.Connections.Client.HttpConnectionFactory.ConnectAsync(EndPoint endPoint, CancellationToken cancellationToken)
   at Microsoft.AspNetCore.SignalR.Client.HubConnection.StartAsyncCore(CancellationToken cancellationToken)
   at Microsoft.AspNetCore.SignalR.Client.HubConnection.StartAsyncInner(CancellationToken cancellationToken)
   at Microsoft.AspNetCore.SignalR.Client.HubConnection.StartAsync(CancellationToken cancellationToken)
   at Webshop.Backend.Benchmarks.PriceBenchmark.Setup() in C:\HoGent24-25\Bachelorproef\PoC\Bachelorproef\WebshopBachelorproef\Webshop.Backend.Benchmarks\PriceBenchmark.cs:line 41
   at BenchmarkDotNet.Helpers.AwaitHelper.GetResult(Task task)
   at BenchmarkDotNet.Autogenerated.Runnable_5.<.ctor>b__3_0() in C:\HoGent24-25\Bachelorproef\PoC\Bachelorproef\WebshopBachelorproef\Webshop.Backend.Benchmarks\bin\Release\net8.0\e46a60b0-e2f9-49e9-a027-ea01bb6202e5\e46a60b0-e2f9-49e9-a027-ea01bb6202e5.notcs:line 1152
   at BenchmarkDotNet.Engines.EngineFactory.CreateReadyToRun(EngineParameters engineParameters)
   at BenchmarkDotNet.Autogenerated.Runnable_5.Run(IHost host, String benchmarkName) in C:\HoGent24-25\Bachelorproef\PoC\Bachelorproef\WebshopBachelorproef\Webshop.Backend.Benchmarks\bin\Release\net8.0\e46a60b0-e2f9-49e9-a027-ea01bb6202e5\e46a60b0-e2f9-49e9-a027-ea01bb6202e5.notcs:line 1136
   at System.RuntimeMethodHandle.InvokeMethod(Object target, Void** arguments, Signature sig, Boolean isConstructor)
   at System.Reflection.MethodBaseInvoker.InvokeDirectByRefWithFewArgs(Object obj, Span`1 copyOfArgs, BindingFlags invokeAttr)
   --- End of inner exception stack trace ---
   at System.Reflection.MethodBaseInvoker.InvokeDirectByRefWithFewArgs(Object obj, Span`1 copyOfArgs, BindingFlags invokeAttr)
   at System.Reflection.MethodBaseInvoker.InvokeWithFewArgs(Object obj, BindingFlags invokeAttr, Binder binder, Object[] parameters, CultureInfo culture)
   at System.Reflection.MethodBase.Invoke(Object obj, Object[] parameters)
   at BenchmarkDotNet.Autogenerated.UniqueProgramName.AfterAssemblyLoadingAttached(String[] args) in C:\HoGent24-25\Bachelorproef\PoC\Bachelorproef\WebshopBachelorproef\Webshop.Backend.Benchmarks\bin\Release\net8.0\e46a60b0-e2f9-49e9-a027-ea01bb6202e5\e46a60b0-e2f9-49e9-a027-ea01bb6202e5.notcs:line 57
// AfterAll
No Workload Results were obtained from the run.
// Benchmark Process 35120 has exited with code -1.

// ** Remained 6 (50,0%) benchmark(s) to run. Estimated finish 2025-05-02 11:55 (0h 1m from now) **
Setup power plan (GUID: 8c5e7fda-e8bf-4a96-9a85-a6e23a8c635c FriendlyName: Hoge prestaties)
// **************************
// Benchmark: PriceBenchmark.'SignalR CalculatePrice': DefaultJob [ConcurrentRequests=100]
// *** Execute ***
// Launch: 1 / 1
// Execute: dotnet e46a60b0-e2f9-49e9-a027-ea01bb6202e5.dll --anonymousPipes 2252 2240 --benchmarkName "Webshop.Backend.Benchmarks.PriceBenchmark.SignalR_CalculatePrice(ConcurrentRequests: 100)" --job Default --benchmarkId 6 in C:\HoGent24-25\Bachelorproef\PoC\Bachelorproef\WebshopBachelorproef\Webshop.Backend.Benchmarks\bin\Release\net8.0\e46a60b0-e2f9-49e9-a027-ea01bb6202e5\bin\Release\net8.0
// BeforeAnythingElse

// Benchmark Process Environment Information:
// BenchmarkDotNet v0.14.0
// Runtime=.NET 8.0.8 (8.0.824.36612), X64 RyuJIT AVX2
// GC=Concurrent Workstation
// HardwareIntrinsics=AVX2,AES,BMI1,BMI2,FMA,LZCNT,PCLMUL,POPCNT,AvxVnni,SERIALIZE VectorSize=256
// Job: DefaultJob


System.Reflection.TargetInvocationException: Exception has been thrown by the target of an invocation.
 ---> System.Net.Http.HttpRequestException: Elk socketadres (protocol/netwerkadres/poort) kan normaal slechts één keer worden gebruikt. (localhost:5139)
 ---> System.Net.Sockets.SocketException (10048): Elk socketadres (protocol/netwerkadres/poort) kan normaal slechts één keer worden gebruikt.
   at System.Net.Sockets.Socket.AwaitableSocketAsyncEventArgs.ThrowException(SocketError error, CancellationToken cancellationToken)
   at System.Net.Sockets.Socket.AwaitableSocketAsyncEventArgs.System.Threading.Tasks.Sources.IValueTaskSource.GetResult(Int16 token)
   at System.Net.Sockets.Socket.<ConnectAsync>g__WaitForConnectWithCancellation|285_0(AwaitableSocketAsyncEventArgs saea, ValueTask connectTask, CancellationToken cancellationToken)
   at System.Net.Http.HttpConnectionPool.ConnectToTcpHostAsync(String host, Int32 port, HttpRequestMessage initialRequest, Boolean async, CancellationToken cancellationToken)
   --- End of inner exception stack trace ---
   at System.Net.Http.HttpConnectionPool.ConnectToTcpHostAsync(String host, Int32 port, HttpRequestMessage initialRequest, Boolean async, CancellationToken cancellationToken)
   at System.Net.Http.HttpConnectionPool.ConnectAsync(HttpRequestMessage request, Boolean async, CancellationToken cancellationToken)
   at System.Net.Http.HttpConnectionPool.CreateHttp11ConnectionAsync(HttpRequestMessage request, Boolean async, CancellationToken cancellationToken)
   at System.Net.Http.HttpConnectionPool.AddHttp11ConnectionAsync(QueueItem queueItem)
   at System.Threading.Tasks.TaskCompletionSourceWithCancellation`1.WaitWithCancellationAsync(CancellationToken cancellationToken)
   at System.Net.Http.HttpConnectionPool.SendWithVersionDetectionAndRetryAsync(HttpRequestMessage request, Boolean async, Boolean doRequestAuth, CancellationToken cancellationToken)
   at System.Net.Http.RedirectHandler.SendAsync(HttpRequestMessage request, Boolean async, CancellationToken cancellationToken)
   at Microsoft.AspNetCore.Http.Connections.Client.Internal.AccessTokenHttpMessageHandler.SendAsync(HttpRequestMessage request, CancellationToken cancellationToken)
   at Microsoft.AspNetCore.Http.Connections.Client.Internal.LoggingHttpMessageHandler.SendAsync(HttpRequestMessage request, CancellationToken cancellationToken)
   at System.Net.Http.HttpClient.<SendAsync>g__Core|83_0(HttpRequestMessage request, HttpCompletionOption completionOption, CancellationTokenSource cts, Boolean disposeCts, CancellationTokenSource pendingRequestsCts, CancellationToken originalCancellationToken)
   at Microsoft.AspNetCore.Http.Connections.Client.HttpConnection.NegotiateAsync(Uri url, HttpClient httpClient, ILogger logger, CancellationToken cancellationToken)
   at Microsoft.AspNetCore.Http.Connections.Client.HttpConnection.GetNegotiationResponseAsync(Uri uri, CancellationToken cancellationToken)
   at Microsoft.AspNetCore.Http.Connections.Client.HttpConnection.SelectAndStartTransport(TransferFormat transferFormat, CancellationToken cancellationToken)
   at Microsoft.AspNetCore.Http.Connections.Client.HttpConnection.StartAsyncCore(TransferFormat transferFormat, CancellationToken cancellationToken)
   at Microsoft.AspNetCore.Http.Connections.Client.HttpConnection.StartAsync(TransferFormat transferFormat, CancellationToken cancellationToken)
   at Microsoft.AspNetCore.Http.Connections.Client.HttpConnectionFactory.ConnectAsync(EndPoint endPoint, CancellationToken cancellationToken)
   at Microsoft.AspNetCore.Http.Connections.Client.HttpConnectionFactory.ConnectAsync(EndPoint endPoint, CancellationToken cancellationToken)
   at Microsoft.AspNetCore.SignalR.Client.HubConnection.StartAsyncCore(CancellationToken cancellationToken)
   at Microsoft.AspNetCore.SignalR.Client.HubConnection.StartAsyncInner(CancellationToken cancellationToken)
   at Microsoft.AspNetCore.SignalR.Client.HubConnection.StartAsync(CancellationToken cancellationToken)
   at Webshop.Backend.Benchmarks.PriceBenchmark.Setup() in C:\HoGent24-25\Bachelorproef\PoC\Bachelorproef\WebshopBachelorproef\Webshop.Backend.Benchmarks\PriceBenchmark.cs:line 41
   at BenchmarkDotNet.Helpers.AwaitHelper.GetResult(Task task)
   at BenchmarkDotNet.Autogenerated.Runnable_6.<.ctor>b__3_0() in C:\HoGent24-25\Bachelorproef\PoC\Bachelorproef\WebshopBachelorproef\Webshop.Backend.Benchmarks\bin\Release\net8.0\e46a60b0-e2f9-49e9-a027-ea01bb6202e5\e46a60b0-e2f9-49e9-a027-ea01bb6202e5.notcs:line 1344
   at BenchmarkDotNet.Engines.EngineFactory.CreateReadyToRun(EngineParameters engineParameters)
   at BenchmarkDotNet.Autogenerated.Runnable_6.Run(IHost host, String benchmarkName) in C:\HoGent24-25\Bachelorproef\PoC\Bachelorproef\WebshopBachelorproef\Webshop.Backend.Benchmarks\bin\Release\net8.0\e46a60b0-e2f9-49e9-a027-ea01bb6202e5\e46a60b0-e2f9-49e9-a027-ea01bb6202e5.notcs:line 1328
   at System.RuntimeMethodHandle.InvokeMethod(Object target, Void** arguments, Signature sig, Boolean isConstructor)
   at System.Reflection.MethodBaseInvoker.InvokeDirectByRefWithFewArgs(Object obj, Span`1 copyOfArgs, BindingFlags invokeAttr)
   --- End of inner exception stack trace ---
   at System.Reflection.MethodBaseInvoker.InvokeDirectByRefWithFewArgs(Object obj, Span`1 copyOfArgs, BindingFlags invokeAttr)
   at System.Reflection.MethodBaseInvoker.InvokeWithFewArgs(Object obj, BindingFlags invokeAttr, Binder binder, Object[] parameters, CultureInfo culture)
   at System.Reflection.MethodBase.Invoke(Object obj, Object[] parameters)
   at BenchmarkDotNet.Autogenerated.UniqueProgramName.AfterAssemblyLoadingAttached(String[] args) in C:\HoGent24-25\Bachelorproef\PoC\Bachelorproef\WebshopBachelorproef\Webshop.Backend.Benchmarks\bin\Release\net8.0\e46a60b0-e2f9-49e9-a027-ea01bb6202e5\e46a60b0-e2f9-49e9-a027-ea01bb6202e5.notcs:line 57
// AfterAll
No Workload Results were obtained from the run.
// Benchmark Process 39144 has exited with code -1.

// ** Remained 5 (41,7%) benchmark(s) to run. Estimated finish 2025-05-02 11:55 (0h 1m from now) **
Setup power plan (GUID: 8c5e7fda-e8bf-4a96-9a85-a6e23a8c635c FriendlyName: Hoge prestaties)
// **************************
// Benchmark: PriceBenchmark.'WebSocket CalculatePrice': DefaultJob [ConcurrentRequests=100]
// *** Execute ***
// Launch: 1 / 1
// Execute: dotnet e46a60b0-e2f9-49e9-a027-ea01bb6202e5.dll --anonymousPipes 1364 616 --benchmarkName "Webshop.Backend.Benchmarks.PriceBenchmark.WebSocket_CalculatePrice(ConcurrentRequests: 100)" --job Default --benchmarkId 7 in C:\HoGent24-25\Bachelorproef\PoC\Bachelorproef\WebshopBachelorproef\Webshop.Backend.Benchmarks\bin\Release\net8.0\e46a60b0-e2f9-49e9-a027-ea01bb6202e5\bin\Release\net8.0
// BeforeAnythingElse

// Benchmark Process Environment Information:
// BenchmarkDotNet v0.14.0
// Runtime=.NET 8.0.8 (8.0.824.36612), X64 RyuJIT AVX2
// GC=Concurrent Workstation
// HardwareIntrinsics=AVX2,AES,BMI1,BMI2,FMA,LZCNT,PCLMUL,POPCNT,AvxVnni,SERIALIZE VectorSize=256
// Job: DefaultJob


System.Reflection.TargetInvocationException: Exception has been thrown by the target of an invocation.
 ---> System.Net.Http.HttpRequestException: Elk socketadres (protocol/netwerkadres/poort) kan normaal slechts één keer worden gebruikt. (localhost:5139)
 ---> System.Net.Sockets.SocketException (10048): Elk socketadres (protocol/netwerkadres/poort) kan normaal slechts één keer worden gebruikt.
   at System.Net.Sockets.Socket.AwaitableSocketAsyncEventArgs.ThrowException(SocketError error, CancellationToken cancellationToken)
   at System.Net.Sockets.Socket.AwaitableSocketAsyncEventArgs.System.Threading.Tasks.Sources.IValueTaskSource.GetResult(Int16 token)
   at System.Net.Sockets.Socket.<ConnectAsync>g__WaitForConnectWithCancellation|285_0(AwaitableSocketAsyncEventArgs saea, ValueTask connectTask, CancellationToken cancellationToken)
   at System.Net.Http.HttpConnectionPool.ConnectToTcpHostAsync(String host, Int32 port, HttpRequestMessage initialRequest, Boolean async, CancellationToken cancellationToken)
   --- End of inner exception stack trace ---
   at System.Net.Http.HttpConnectionPool.ConnectToTcpHostAsync(String host, Int32 port, HttpRequestMessage initialRequest, Boolean async, CancellationToken cancellationToken)
   at System.Net.Http.HttpConnectionPool.ConnectAsync(HttpRequestMessage request, Boolean async, CancellationToken cancellationToken)
   at System.Net.Http.HttpConnectionPool.CreateHttp11ConnectionAsync(HttpRequestMessage request, Boolean async, CancellationToken cancellationToken)
   at System.Net.Http.HttpConnectionPool.AddHttp11ConnectionAsync(QueueItem queueItem)
   at System.Threading.Tasks.TaskCompletionSourceWithCancellation`1.WaitWithCancellationAsync(CancellationToken cancellationToken)
   at System.Net.Http.HttpConnectionPool.SendWithVersionDetectionAndRetryAsync(HttpRequestMessage request, Boolean async, Boolean doRequestAuth, CancellationToken cancellationToken)
   at System.Net.Http.RedirectHandler.SendAsync(HttpRequestMessage request, Boolean async, CancellationToken cancellationToken)
   at Microsoft.AspNetCore.Http.Connections.Client.Internal.AccessTokenHttpMessageHandler.SendAsync(HttpRequestMessage request, CancellationToken cancellationToken)
   at Microsoft.AspNetCore.Http.Connections.Client.Internal.LoggingHttpMessageHandler.SendAsync(HttpRequestMessage request, CancellationToken cancellationToken)
   at System.Net.Http.HttpClient.<SendAsync>g__Core|83_0(HttpRequestMessage request, HttpCompletionOption completionOption, CancellationTokenSource cts, Boolean disposeCts, CancellationTokenSource pendingRequestsCts, CancellationToken originalCancellationToken)
   at Microsoft.AspNetCore.Http.Connections.Client.HttpConnection.NegotiateAsync(Uri url, HttpClient httpClient, ILogger logger, CancellationToken cancellationToken)
   at Microsoft.AspNetCore.Http.Connections.Client.HttpConnection.GetNegotiationResponseAsync(Uri uri, CancellationToken cancellationToken)
   at Microsoft.AspNetCore.Http.Connections.Client.HttpConnection.SelectAndStartTransport(TransferFormat transferFormat, CancellationToken cancellationToken)
   at Microsoft.AspNetCore.Http.Connections.Client.HttpConnection.StartAsyncCore(TransferFormat transferFormat, CancellationToken cancellationToken)
   at Microsoft.AspNetCore.Http.Connections.Client.HttpConnection.StartAsync(TransferFormat transferFormat, CancellationToken cancellationToken)
   at Microsoft.AspNetCore.Http.Connections.Client.HttpConnectionFactory.ConnectAsync(EndPoint endPoint, CancellationToken cancellationToken)
   at Microsoft.AspNetCore.Http.Connections.Client.HttpConnectionFactory.ConnectAsync(EndPoint endPoint, CancellationToken cancellationToken)
   at Microsoft.AspNetCore.SignalR.Client.HubConnection.StartAsyncCore(CancellationToken cancellationToken)
   at Microsoft.AspNetCore.SignalR.Client.HubConnection.StartAsyncInner(CancellationToken cancellationToken)
   at Microsoft.AspNetCore.SignalR.Client.HubConnection.StartAsync(CancellationToken cancellationToken)
   at Webshop.Backend.Benchmarks.PriceBenchmark.Setup() in C:\HoGent24-25\Bachelorproef\PoC\Bachelorproef\WebshopBachelorproef\Webshop.Backend.Benchmarks\PriceBenchmark.cs:line 41
   at BenchmarkDotNet.Helpers.AwaitHelper.GetResult(Task task)
   at BenchmarkDotNet.Autogenerated.Runnable_7.<.ctor>b__3_0() in C:\HoGent24-25\Bachelorproef\PoC\Bachelorproef\WebshopBachelorproef\Webshop.Backend.Benchmarks\bin\Release\net8.0\e46a60b0-e2f9-49e9-a027-ea01bb6202e5\e46a60b0-e2f9-49e9-a027-ea01bb6202e5.notcs:line 1536
   at BenchmarkDotNet.Engines.EngineFactory.CreateReadyToRun(EngineParameters engineParameters)
   at BenchmarkDotNet.Autogenerated.Runnable_7.Run(IHost host, String benchmarkName) in C:\HoGent24-25\Bachelorproef\PoC\Bachelorproef\WebshopBachelorproef\Webshop.Backend.Benchmarks\bin\Release\net8.0\e46a60b0-e2f9-49e9-a027-ea01bb6202e5\e46a60b0-e2f9-49e9-a027-ea01bb6202e5.notcs:line 1520
   at System.RuntimeMethodHandle.InvokeMethod(Object target, Void** arguments, Signature sig, Boolean isConstructor)
   at System.Reflection.MethodBaseInvoker.InvokeDirectByRefWithFewArgs(Object obj, Span`1 copyOfArgs, BindingFlags invokeAttr)
   --- End of inner exception stack trace ---
   at System.Reflection.MethodBaseInvoker.InvokeDirectByRefWithFewArgs(Object obj, Span`1 copyOfArgs, BindingFlags invokeAttr)
   at System.Reflection.MethodBaseInvoker.InvokeWithFewArgs(Object obj, BindingFlags invokeAttr, Binder binder, Object[] parameters, CultureInfo culture)
   at System.Reflection.MethodBase.Invoke(Object obj, Object[] parameters)
   at BenchmarkDotNet.Autogenerated.UniqueProgramName.AfterAssemblyLoadingAttached(String[] args) in C:\HoGent24-25\Bachelorproef\PoC\Bachelorproef\WebshopBachelorproef\Webshop.Backend.Benchmarks\bin\Release\net8.0\e46a60b0-e2f9-49e9-a027-ea01bb6202e5\e46a60b0-e2f9-49e9-a027-ea01bb6202e5.notcs:line 57
// AfterAll
No Workload Results were obtained from the run.
// Benchmark Process 38368 has exited with code -1.

// ** Remained 4 (33,3%) benchmark(s) to run. Estimated finish 2025-05-02 11:55 (0h 0m from now) **
Setup power plan (GUID: 8c5e7fda-e8bf-4a96-9a85-a6e23a8c635c FriendlyName: Hoge prestaties)
// **************************
// Benchmark: PriceBenchmark.'REST CalculatePrice': DefaultJob [ConcurrentRequests=200]
// *** Execute ***
// Launch: 1 / 1
// Execute: dotnet e46a60b0-e2f9-49e9-a027-ea01bb6202e5.dll --anonymousPipes 2368 2488 --benchmarkName "Webshop.Backend.Benchmarks.PriceBenchmark.Rest_CalculatePrice(ConcurrentRequests: 200)" --job Default --benchmarkId 8 in C:\HoGent24-25\Bachelorproef\PoC\Bachelorproef\WebshopBachelorproef\Webshop.Backend.Benchmarks\bin\Release\net8.0\e46a60b0-e2f9-49e9-a027-ea01bb6202e5\bin\Release\net8.0
// BeforeAnythingElse

// Benchmark Process Environment Information:
// BenchmarkDotNet v0.14.0
// Runtime=.NET 8.0.8 (8.0.824.36612), X64 RyuJIT AVX2
// GC=Concurrent Workstation
// HardwareIntrinsics=AVX2,AES,BMI1,BMI2,FMA,LZCNT,PCLMUL,POPCNT,AvxVnni,SERIALIZE VectorSize=256
// Job: DefaultJob


System.Reflection.TargetInvocationException: Exception has been thrown by the target of an invocation.
 ---> System.Net.Http.HttpRequestException: Elk socketadres (protocol/netwerkadres/poort) kan normaal slechts één keer worden gebruikt. (localhost:5139)
 ---> System.Net.Sockets.SocketException (10048): Elk socketadres (protocol/netwerkadres/poort) kan normaal slechts één keer worden gebruikt.
   at System.Net.Sockets.Socket.AwaitableSocketAsyncEventArgs.ThrowException(SocketError error, CancellationToken cancellationToken)
   at System.Net.Sockets.Socket.AwaitableSocketAsyncEventArgs.System.Threading.Tasks.Sources.IValueTaskSource.GetResult(Int16 token)
   at System.Net.Sockets.Socket.<ConnectAsync>g__WaitForConnectWithCancellation|285_0(AwaitableSocketAsyncEventArgs saea, ValueTask connectTask, CancellationToken cancellationToken)
   at System.Net.Http.HttpConnectionPool.ConnectToTcpHostAsync(String host, Int32 port, HttpRequestMessage initialRequest, Boolean async, CancellationToken cancellationToken)
   --- End of inner exception stack trace ---
   at System.Net.Http.HttpConnectionPool.ConnectToTcpHostAsync(String host, Int32 port, HttpRequestMessage initialRequest, Boolean async, CancellationToken cancellationToken)
   at System.Net.Http.HttpConnectionPool.ConnectAsync(HttpRequestMessage request, Boolean async, CancellationToken cancellationToken)
   at System.Net.Http.HttpConnectionPool.CreateHttp11ConnectionAsync(HttpRequestMessage request, Boolean async, CancellationToken cancellationToken)
   at System.Net.Http.HttpConnectionPool.AddHttp11ConnectionAsync(QueueItem queueItem)
   at System.Threading.Tasks.TaskCompletionSourceWithCancellation`1.WaitWithCancellationAsync(CancellationToken cancellationToken)
   at System.Net.Http.HttpConnectionPool.SendWithVersionDetectionAndRetryAsync(HttpRequestMessage request, Boolean async, Boolean doRequestAuth, CancellationToken cancellationToken)
   at System.Net.Http.RedirectHandler.SendAsync(HttpRequestMessage request, Boolean async, CancellationToken cancellationToken)
   at Microsoft.AspNetCore.Http.Connections.Client.Internal.AccessTokenHttpMessageHandler.SendAsync(HttpRequestMessage request, CancellationToken cancellationToken)
   at Microsoft.AspNetCore.Http.Connections.Client.Internal.LoggingHttpMessageHandler.SendAsync(HttpRequestMessage request, CancellationToken cancellationToken)
   at System.Net.Http.HttpClient.<SendAsync>g__Core|83_0(HttpRequestMessage request, HttpCompletionOption completionOption, CancellationTokenSource cts, Boolean disposeCts, CancellationTokenSource pendingRequestsCts, CancellationToken originalCancellationToken)
   at Microsoft.AspNetCore.Http.Connections.Client.HttpConnection.NegotiateAsync(Uri url, HttpClient httpClient, ILogger logger, CancellationToken cancellationToken)
   at Microsoft.AspNetCore.Http.Connections.Client.HttpConnection.GetNegotiationResponseAsync(Uri uri, CancellationToken cancellationToken)
   at Microsoft.AspNetCore.Http.Connections.Client.HttpConnection.SelectAndStartTransport(TransferFormat transferFormat, CancellationToken cancellationToken)
   at Microsoft.AspNetCore.Http.Connections.Client.HttpConnection.StartAsyncCore(TransferFormat transferFormat, CancellationToken cancellationToken)
   at Microsoft.AspNetCore.Http.Connections.Client.HttpConnection.StartAsync(TransferFormat transferFormat, CancellationToken cancellationToken)
   at Microsoft.AspNetCore.Http.Connections.Client.HttpConnectionFactory.ConnectAsync(EndPoint endPoint, CancellationToken cancellationToken)
   at Microsoft.AspNetCore.Http.Connections.Client.HttpConnectionFactory.ConnectAsync(EndPoint endPoint, CancellationToken cancellationToken)
   at Microsoft.AspNetCore.SignalR.Client.HubConnection.StartAsyncCore(CancellationToken cancellationToken)
   at Microsoft.AspNetCore.SignalR.Client.HubConnection.StartAsyncInner(CancellationToken cancellationToken)
   at Microsoft.AspNetCore.SignalR.Client.HubConnection.StartAsync(CancellationToken cancellationToken)
   at Webshop.Backend.Benchmarks.PriceBenchmark.Setup() in C:\HoGent24-25\Bachelorproef\PoC\Bachelorproef\WebshopBachelorproef\Webshop.Backend.Benchmarks\PriceBenchmark.cs:line 41
   at BenchmarkDotNet.Helpers.AwaitHelper.GetResult(Task task)
   at BenchmarkDotNet.Autogenerated.Runnable_8.<.ctor>b__3_0() in C:\HoGent24-25\Bachelorproef\PoC\Bachelorproef\WebshopBachelorproef\Webshop.Backend.Benchmarks\bin\Release\net8.0\e46a60b0-e2f9-49e9-a027-ea01bb6202e5\e46a60b0-e2f9-49e9-a027-ea01bb6202e5.notcs:line 1728
   at BenchmarkDotNet.Engines.EngineFactory.CreateReadyToRun(EngineParameters engineParameters)
   at BenchmarkDotNet.Autogenerated.Runnable_8.Run(IHost host, String benchmarkName) in C:\HoGent24-25\Bachelorproef\PoC\Bachelorproef\WebshopBachelorproef\Webshop.Backend.Benchmarks\bin\Release\net8.0\e46a60b0-e2f9-49e9-a027-ea01bb6202e5\e46a60b0-e2f9-49e9-a027-ea01bb6202e5.notcs:line 1712
   at System.RuntimeMethodHandle.InvokeMethod(Object target, Void** arguments, Signature sig, Boolean isConstructor)
   at System.Reflection.MethodBaseInvoker.InvokeDirectByRefWithFewArgs(Object obj, Span`1 copyOfArgs, BindingFlags invokeAttr)
   --- End of inner exception stack trace ---
   at System.Reflection.MethodBaseInvoker.InvokeDirectByRefWithFewArgs(Object obj, Span`1 copyOfArgs, BindingFlags invokeAttr)
   at System.Reflection.MethodBaseInvoker.InvokeWithFewArgs(Object obj, BindingFlags invokeAttr, Binder binder, Object[] parameters, CultureInfo culture)
   at System.Reflection.MethodBase.Invoke(Object obj, Object[] parameters)
   at BenchmarkDotNet.Autogenerated.UniqueProgramName.AfterAssemblyLoadingAttached(String[] args) in C:\HoGent24-25\Bachelorproef\PoC\Bachelorproef\WebshopBachelorproef\Webshop.Backend.Benchmarks\bin\Release\net8.0\e46a60b0-e2f9-49e9-a027-ea01bb6202e5\e46a60b0-e2f9-49e9-a027-ea01bb6202e5.notcs:line 57
// AfterAll
No Workload Results were obtained from the run.
// Benchmark Process 26592 has exited with code -1.

// ** Remained 3 (25,0%) benchmark(s) to run. Estimated finish 2025-05-02 11:54 (0h 0m from now) **
Setup power plan (GUID: 8c5e7fda-e8bf-4a96-9a85-a6e23a8c635c FriendlyName: Hoge prestaties)
// **************************
// Benchmark: PriceBenchmark.'GraphQL CalculatePrice': DefaultJob [ConcurrentRequests=200]
// *** Execute ***
// Launch: 1 / 1
// Execute: dotnet e46a60b0-e2f9-49e9-a027-ea01bb6202e5.dll --anonymousPipes 2592 2368 --benchmarkName "Webshop.Backend.Benchmarks.PriceBenchmark.GraphQL_CalculatePrice(ConcurrentRequests: 200)" --job Default --benchmarkId 9 in C:\HoGent24-25\Bachelorproef\PoC\Bachelorproef\WebshopBachelorproef\Webshop.Backend.Benchmarks\bin\Release\net8.0\e46a60b0-e2f9-49e9-a027-ea01bb6202e5\bin\Release\net8.0
// BeforeAnythingElse

// Benchmark Process Environment Information:
// BenchmarkDotNet v0.14.0
// Runtime=.NET 8.0.8 (8.0.824.36612), X64 RyuJIT AVX2
// GC=Concurrent Workstation
// HardwareIntrinsics=AVX2,AES,BMI1,BMI2,FMA,LZCNT,PCLMUL,POPCNT,AvxVnni,SERIALIZE VectorSize=256
// Job: DefaultJob


System.Reflection.TargetInvocationException: Exception has been thrown by the target of an invocation.
 ---> System.Net.Http.HttpRequestException: Elk socketadres (protocol/netwerkadres/poort) kan normaal slechts één keer worden gebruikt. (localhost:5139)
 ---> System.Net.Sockets.SocketException (10048): Elk socketadres (protocol/netwerkadres/poort) kan normaal slechts één keer worden gebruikt.
   at System.Net.Sockets.Socket.AwaitableSocketAsyncEventArgs.ThrowException(SocketError error, CancellationToken cancellationToken)
   at System.Net.Sockets.Socket.AwaitableSocketAsyncEventArgs.System.Threading.Tasks.Sources.IValueTaskSource.GetResult(Int16 token)
   at System.Net.Sockets.Socket.<ConnectAsync>g__WaitForConnectWithCancellation|285_0(AwaitableSocketAsyncEventArgs saea, ValueTask connectTask, CancellationToken cancellationToken)
   at System.Net.Http.HttpConnectionPool.ConnectToTcpHostAsync(String host, Int32 port, HttpRequestMessage initialRequest, Boolean async, CancellationToken cancellationToken)
   --- End of inner exception stack trace ---
   at System.Net.Http.HttpConnectionPool.ConnectToTcpHostAsync(String host, Int32 port, HttpRequestMessage initialRequest, Boolean async, CancellationToken cancellationToken)
   at System.Net.Http.HttpConnectionPool.ConnectAsync(HttpRequestMessage request, Boolean async, CancellationToken cancellationToken)
   at System.Net.Http.HttpConnectionPool.CreateHttp11ConnectionAsync(HttpRequestMessage request, Boolean async, CancellationToken cancellationToken)
   at System.Net.Http.HttpConnectionPool.AddHttp11ConnectionAsync(QueueItem queueItem)
   at System.Threading.Tasks.TaskCompletionSourceWithCancellation`1.WaitWithCancellationAsync(CancellationToken cancellationToken)
   at System.Net.Http.HttpConnectionPool.SendWithVersionDetectionAndRetryAsync(HttpRequestMessage request, Boolean async, Boolean doRequestAuth, CancellationToken cancellationToken)
   at System.Net.Http.RedirectHandler.SendAsync(HttpRequestMessage request, Boolean async, CancellationToken cancellationToken)
   at Microsoft.AspNetCore.Http.Connections.Client.Internal.AccessTokenHttpMessageHandler.SendAsync(HttpRequestMessage request, CancellationToken cancellationToken)
   at Microsoft.AspNetCore.Http.Connections.Client.Internal.LoggingHttpMessageHandler.SendAsync(HttpRequestMessage request, CancellationToken cancellationToken)
   at System.Net.Http.HttpClient.<SendAsync>g__Core|83_0(HttpRequestMessage request, HttpCompletionOption completionOption, CancellationTokenSource cts, Boolean disposeCts, CancellationTokenSource pendingRequestsCts, CancellationToken originalCancellationToken)
   at Microsoft.AspNetCore.Http.Connections.Client.HttpConnection.NegotiateAsync(Uri url, HttpClient httpClient, ILogger logger, CancellationToken cancellationToken)
   at Microsoft.AspNetCore.Http.Connections.Client.HttpConnection.GetNegotiationResponseAsync(Uri uri, CancellationToken cancellationToken)
   at Microsoft.AspNetCore.Http.Connections.Client.HttpConnection.SelectAndStartTransport(TransferFormat transferFormat, CancellationToken cancellationToken)
   at Microsoft.AspNetCore.Http.Connections.Client.HttpConnection.StartAsyncCore(TransferFormat transferFormat, CancellationToken cancellationToken)
   at Microsoft.AspNetCore.Http.Connections.Client.HttpConnection.StartAsync(TransferFormat transferFormat, CancellationToken cancellationToken)
   at Microsoft.AspNetCore.Http.Connections.Client.HttpConnectionFactory.ConnectAsync(EndPoint endPoint, CancellationToken cancellationToken)
   at Microsoft.AspNetCore.Http.Connections.Client.HttpConnectionFactory.ConnectAsync(EndPoint endPoint, CancellationToken cancellationToken)
   at Microsoft.AspNetCore.SignalR.Client.HubConnection.StartAsyncCore(CancellationToken cancellationToken)
   at Microsoft.AspNetCore.SignalR.Client.HubConnection.StartAsyncInner(CancellationToken cancellationToken)
   at Microsoft.AspNetCore.SignalR.Client.HubConnection.StartAsync(CancellationToken cancellationToken)
   at Webshop.Backend.Benchmarks.PriceBenchmark.Setup() in C:\HoGent24-25\Bachelorproef\PoC\Bachelorproef\WebshopBachelorproef\Webshop.Backend.Benchmarks\PriceBenchmark.cs:line 41
   at BenchmarkDotNet.Helpers.AwaitHelper.GetResult(Task task)
   at BenchmarkDotNet.Autogenerated.Runnable_9.<.ctor>b__3_0() in C:\HoGent24-25\Bachelorproef\PoC\Bachelorproef\WebshopBachelorproef\Webshop.Backend.Benchmarks\bin\Release\net8.0\e46a60b0-e2f9-49e9-a027-ea01bb6202e5\e46a60b0-e2f9-49e9-a027-ea01bb6202e5.notcs:line 1920
   at BenchmarkDotNet.Engines.EngineFactory.CreateReadyToRun(EngineParameters engineParameters)
   at BenchmarkDotNet.Autogenerated.Runnable_9.Run(IHost host, String benchmarkName) in C:\HoGent24-25\Bachelorproef\PoC\Bachelorproef\WebshopBachelorproef\Webshop.Backend.Benchmarks\bin\Release\net8.0\e46a60b0-e2f9-49e9-a027-ea01bb6202e5\e46a60b0-e2f9-49e9-a027-ea01bb6202e5.notcs:line 1904
   at System.RuntimeMethodHandle.InvokeMethod(Object target, Void** arguments, Signature sig, Boolean isConstructor)
   at System.Reflection.MethodBaseInvoker.InvokeDirectByRefWithFewArgs(Object obj, Span`1 copyOfArgs, BindingFlags invokeAttr)
   --- End of inner exception stack trace ---
   at System.Reflection.MethodBaseInvoker.InvokeDirectByRefWithFewArgs(Object obj, Span`1 copyOfArgs, BindingFlags invokeAttr)
   at System.Reflection.MethodBaseInvoker.InvokeWithFewArgs(Object obj, BindingFlags invokeAttr, Binder binder, Object[] parameters, CultureInfo culture)
   at System.Reflection.MethodBase.Invoke(Object obj, Object[] parameters)
   at BenchmarkDotNet.Autogenerated.UniqueProgramName.AfterAssemblyLoadingAttached(String[] args) in C:\HoGent24-25\Bachelorproef\PoC\Bachelorproef\WebshopBachelorproef\Webshop.Backend.Benchmarks\bin\Release\net8.0\e46a60b0-e2f9-49e9-a027-ea01bb6202e5\e46a60b0-e2f9-49e9-a027-ea01bb6202e5.notcs:line 57
// AfterAll
No Workload Results were obtained from the run.
// Benchmark Process 32952 has exited with code -1.

// ** Remained 2 (16,7%) benchmark(s) to run. Estimated finish 2025-05-02 11:54 (0h 0m from now) **
Setup power plan (GUID: 8c5e7fda-e8bf-4a96-9a85-a6e23a8c635c FriendlyName: Hoge prestaties)
// **************************
// Benchmark: PriceBenchmark.'SignalR CalculatePrice': DefaultJob [ConcurrentRequests=200]
// *** Execute ***
// Launch: 1 / 1
// Execute: dotnet e46a60b0-e2f9-49e9-a027-ea01bb6202e5.dll --anonymousPipes 2608 2604 --benchmarkName "Webshop.Backend.Benchmarks.PriceBenchmark.SignalR_CalculatePrice(ConcurrentRequests: 200)" --job Default --benchmarkId 10 in C:\HoGent24-25\Bachelorproef\PoC\Bachelorproef\WebshopBachelorproef\Webshop.Backend.Benchmarks\bin\Release\net8.0\e46a60b0-e2f9-49e9-a027-ea01bb6202e5\bin\Release\net8.0
// BeforeAnythingElse

// Benchmark Process Environment Information:
// BenchmarkDotNet v0.14.0
// Runtime=.NET 8.0.8 (8.0.824.36612), X64 RyuJIT AVX2
// GC=Concurrent Workstation
// HardwareIntrinsics=AVX2,AES,BMI1,BMI2,FMA,LZCNT,PCLMUL,POPCNT,AvxVnni,SERIALIZE VectorSize=256
// Job: DefaultJob


System.Reflection.TargetInvocationException: Exception has been thrown by the target of an invocation.
 ---> System.Net.Http.HttpRequestException: Elk socketadres (protocol/netwerkadres/poort) kan normaal slechts één keer worden gebruikt. (localhost:5139)
 ---> System.Net.Sockets.SocketException (10048): Elk socketadres (protocol/netwerkadres/poort) kan normaal slechts één keer worden gebruikt.
   at System.Net.Sockets.Socket.AwaitableSocketAsyncEventArgs.ThrowException(SocketError error, CancellationToken cancellationToken)
   at System.Net.Sockets.Socket.AwaitableSocketAsyncEventArgs.System.Threading.Tasks.Sources.IValueTaskSource.GetResult(Int16 token)
   at System.Net.Sockets.Socket.<ConnectAsync>g__WaitForConnectWithCancellation|285_0(AwaitableSocketAsyncEventArgs saea, ValueTask connectTask, CancellationToken cancellationToken)
   at System.Net.Http.HttpConnectionPool.ConnectToTcpHostAsync(String host, Int32 port, HttpRequestMessage initialRequest, Boolean async, CancellationToken cancellationToken)
   --- End of inner exception stack trace ---
   at System.Net.Http.HttpConnectionPool.ConnectToTcpHostAsync(String host, Int32 port, HttpRequestMessage initialRequest, Boolean async, CancellationToken cancellationToken)
   at System.Net.Http.HttpConnectionPool.ConnectAsync(HttpRequestMessage request, Boolean async, CancellationToken cancellationToken)
   at System.Net.Http.HttpConnectionPool.CreateHttp11ConnectionAsync(HttpRequestMessage request, Boolean async, CancellationToken cancellationToken)
   at System.Net.Http.HttpConnectionPool.AddHttp11ConnectionAsync(QueueItem queueItem)
   at System.Threading.Tasks.TaskCompletionSourceWithCancellation`1.WaitWithCancellationAsync(CancellationToken cancellationToken)
   at System.Net.Http.HttpConnectionPool.SendWithVersionDetectionAndRetryAsync(HttpRequestMessage request, Boolean async, Boolean doRequestAuth, CancellationToken cancellationToken)
   at System.Net.Http.RedirectHandler.SendAsync(HttpRequestMessage request, Boolean async, CancellationToken cancellationToken)
   at Microsoft.AspNetCore.Http.Connections.Client.Internal.AccessTokenHttpMessageHandler.SendAsync(HttpRequestMessage request, CancellationToken cancellationToken)
   at Microsoft.AspNetCore.Http.Connections.Client.Internal.LoggingHttpMessageHandler.SendAsync(HttpRequestMessage request, CancellationToken cancellationToken)
   at System.Net.Http.HttpClient.<SendAsync>g__Core|83_0(HttpRequestMessage request, HttpCompletionOption completionOption, CancellationTokenSource cts, Boolean disposeCts, CancellationTokenSource pendingRequestsCts, CancellationToken originalCancellationToken)
   at Microsoft.AspNetCore.Http.Connections.Client.HttpConnection.NegotiateAsync(Uri url, HttpClient httpClient, ILogger logger, CancellationToken cancellationToken)
   at Microsoft.AspNetCore.Http.Connections.Client.HttpConnection.GetNegotiationResponseAsync(Uri uri, CancellationToken cancellationToken)
   at Microsoft.AspNetCore.Http.Connections.Client.HttpConnection.SelectAndStartTransport(TransferFormat transferFormat, CancellationToken cancellationToken)
   at Microsoft.AspNetCore.Http.Connections.Client.HttpConnection.StartAsyncCore(TransferFormat transferFormat, CancellationToken cancellationToken)
   at Microsoft.AspNetCore.Http.Connections.Client.HttpConnection.StartAsync(TransferFormat transferFormat, CancellationToken cancellationToken)
   at Microsoft.AspNetCore.Http.Connections.Client.HttpConnectionFactory.ConnectAsync(EndPoint endPoint, CancellationToken cancellationToken)
   at Microsoft.AspNetCore.Http.Connections.Client.HttpConnectionFactory.ConnectAsync(EndPoint endPoint, CancellationToken cancellationToken)
   at Microsoft.AspNetCore.SignalR.Client.HubConnection.StartAsyncCore(CancellationToken cancellationToken)
   at Microsoft.AspNetCore.SignalR.Client.HubConnection.StartAsyncInner(CancellationToken cancellationToken)
   at Microsoft.AspNetCore.SignalR.Client.HubConnection.StartAsync(CancellationToken cancellationToken)
   at Webshop.Backend.Benchmarks.PriceBenchmark.Setup() in C:\HoGent24-25\Bachelorproef\PoC\Bachelorproef\WebshopBachelorproef\Webshop.Backend.Benchmarks\PriceBenchmark.cs:line 41
   at BenchmarkDotNet.Helpers.AwaitHelper.GetResult(Task task)
   at BenchmarkDotNet.Autogenerated.Runnable_10.<.ctor>b__3_0() in C:\HoGent24-25\Bachelorproef\PoC\Bachelorproef\WebshopBachelorproef\Webshop.Backend.Benchmarks\bin\Release\net8.0\e46a60b0-e2f9-49e9-a027-ea01bb6202e5\e46a60b0-e2f9-49e9-a027-ea01bb6202e5.notcs:line 2112
   at BenchmarkDotNet.Engines.EngineFactory.CreateReadyToRun(EngineParameters engineParameters)
   at BenchmarkDotNet.Autogenerated.Runnable_10.Run(IHost host, String benchmarkName) in C:\HoGent24-25\Bachelorproef\PoC\Bachelorproef\WebshopBachelorproef\Webshop.Backend.Benchmarks\bin\Release\net8.0\e46a60b0-e2f9-49e9-a027-ea01bb6202e5\e46a60b0-e2f9-49e9-a027-ea01bb6202e5.notcs:line 2096
   at System.RuntimeMethodHandle.InvokeMethod(Object target, Void** arguments, Signature sig, Boolean isConstructor)
   at System.Reflection.MethodBaseInvoker.InvokeDirectByRefWithFewArgs(Object obj, Span`1 copyOfArgs, BindingFlags invokeAttr)
   --- End of inner exception stack trace ---
   at System.Reflection.MethodBaseInvoker.InvokeDirectByRefWithFewArgs(Object obj, Span`1 copyOfArgs, BindingFlags invokeAttr)
   at System.Reflection.MethodBaseInvoker.InvokeWithFewArgs(Object obj, BindingFlags invokeAttr, Binder binder, Object[] parameters, CultureInfo culture)
   at System.Reflection.MethodBase.Invoke(Object obj, Object[] parameters)
   at BenchmarkDotNet.Autogenerated.UniqueProgramName.AfterAssemblyLoadingAttached(String[] args) in C:\HoGent24-25\Bachelorproef\PoC\Bachelorproef\WebshopBachelorproef\Webshop.Backend.Benchmarks\bin\Release\net8.0\e46a60b0-e2f9-49e9-a027-ea01bb6202e5\e46a60b0-e2f9-49e9-a027-ea01bb6202e5.notcs:line 57
// AfterAll
No Workload Results were obtained from the run.
// Benchmark Process 36652 has exited with code -1.

// ** Remained 1 (8,3%) benchmark(s) to run. Estimated finish 2025-05-02 11:54 (0h 0m from now) **
Setup power plan (GUID: 8c5e7fda-e8bf-4a96-9a85-a6e23a8c635c FriendlyName: Hoge prestaties)
// **************************
// Benchmark: PriceBenchmark.'WebSocket CalculatePrice': DefaultJob [ConcurrentRequests=200]
// *** Execute ***
// Launch: 1 / 1
// Execute: dotnet e46a60b0-e2f9-49e9-a027-ea01bb6202e5.dll --anonymousPipes 2500 2504 --benchmarkName "Webshop.Backend.Benchmarks.PriceBenchmark.WebSocket_CalculatePrice(ConcurrentRequests: 200)" --job Default --benchmarkId 11 in C:\HoGent24-25\Bachelorproef\PoC\Bachelorproef\WebshopBachelorproef\Webshop.Backend.Benchmarks\bin\Release\net8.0\e46a60b0-e2f9-49e9-a027-ea01bb6202e5\bin\Release\net8.0
// BeforeAnythingElse

// Benchmark Process Environment Information:
// BenchmarkDotNet v0.14.0
// Runtime=.NET 8.0.8 (8.0.824.36612), X64 RyuJIT AVX2
// GC=Concurrent Workstation
// HardwareIntrinsics=AVX2,AES,BMI1,BMI2,FMA,LZCNT,PCLMUL,POPCNT,AvxVnni,SERIALIZE VectorSize=256
// Job: DefaultJob


System.Reflection.TargetInvocationException: Exception has been thrown by the target of an invocation.
 ---> System.Net.Http.HttpRequestException: Elk socketadres (protocol/netwerkadres/poort) kan normaal slechts één keer worden gebruikt. (localhost:5139)
 ---> System.Net.Sockets.SocketException (10048): Elk socketadres (protocol/netwerkadres/poort) kan normaal slechts één keer worden gebruikt.
   at System.Net.Sockets.Socket.AwaitableSocketAsyncEventArgs.ThrowException(SocketError error, CancellationToken cancellationToken)
   at System.Net.Sockets.Socket.AwaitableSocketAsyncEventArgs.System.Threading.Tasks.Sources.IValueTaskSource.GetResult(Int16 token)
   at System.Net.Sockets.Socket.<ConnectAsync>g__WaitForConnectWithCancellation|285_0(AwaitableSocketAsyncEventArgs saea, ValueTask connectTask, CancellationToken cancellationToken)
   at System.Net.Http.HttpConnectionPool.ConnectToTcpHostAsync(String host, Int32 port, HttpRequestMessage initialRequest, Boolean async, CancellationToken cancellationToken)
   --- End of inner exception stack trace ---
   at System.Net.Http.HttpConnectionPool.ConnectToTcpHostAsync(String host, Int32 port, HttpRequestMessage initialRequest, Boolean async, CancellationToken cancellationToken)
   at System.Net.Http.HttpConnectionPool.ConnectAsync(HttpRequestMessage request, Boolean async, CancellationToken cancellationToken)
   at System.Net.Http.HttpConnectionPool.CreateHttp11ConnectionAsync(HttpRequestMessage request, Boolean async, CancellationToken cancellationToken)
   at System.Net.Http.HttpConnectionPool.AddHttp11ConnectionAsync(QueueItem queueItem)
   at System.Threading.Tasks.TaskCompletionSourceWithCancellation`1.WaitWithCancellationAsync(CancellationToken cancellationToken)
   at System.Net.Http.HttpConnectionPool.SendWithVersionDetectionAndRetryAsync(HttpRequestMessage request, Boolean async, Boolean doRequestAuth, CancellationToken cancellationToken)
   at System.Net.Http.RedirectHandler.SendAsync(HttpRequestMessage request, Boolean async, CancellationToken cancellationToken)
   at Microsoft.AspNetCore.Http.Connections.Client.Internal.AccessTokenHttpMessageHandler.SendAsync(HttpRequestMessage request, CancellationToken cancellationToken)
   at Microsoft.AspNetCore.Http.Connections.Client.Internal.LoggingHttpMessageHandler.SendAsync(HttpRequestMessage request, CancellationToken cancellationToken)
   at System.Net.Http.HttpClient.<SendAsync>g__Core|83_0(HttpRequestMessage request, HttpCompletionOption completionOption, CancellationTokenSource cts, Boolean disposeCts, CancellationTokenSource pendingRequestsCts, CancellationToken originalCancellationToken)
   at Microsoft.AspNetCore.Http.Connections.Client.HttpConnection.NegotiateAsync(Uri url, HttpClient httpClient, ILogger logger, CancellationToken cancellationToken)
   at Microsoft.AspNetCore.Http.Connections.Client.HttpConnection.GetNegotiationResponseAsync(Uri uri, CancellationToken cancellationToken)
   at Microsoft.AspNetCore.Http.Connections.Client.HttpConnection.SelectAndStartTransport(TransferFormat transferFormat, CancellationToken cancellationToken)
   at Microsoft.AspNetCore.Http.Connections.Client.HttpConnection.StartAsyncCore(TransferFormat transferFormat, CancellationToken cancellationToken)
   at Microsoft.AspNetCore.Http.Connections.Client.HttpConnection.StartAsync(TransferFormat transferFormat, CancellationToken cancellationToken)
   at Microsoft.AspNetCore.Http.Connections.Client.HttpConnectionFactory.ConnectAsync(EndPoint endPoint, CancellationToken cancellationToken)
   at Microsoft.AspNetCore.Http.Connections.Client.HttpConnectionFactory.ConnectAsync(EndPoint endPoint, CancellationToken cancellationToken)
   at Microsoft.AspNetCore.SignalR.Client.HubConnection.StartAsyncCore(CancellationToken cancellationToken)
   at Microsoft.AspNetCore.SignalR.Client.HubConnection.StartAsyncInner(CancellationToken cancellationToken)
   at Microsoft.AspNetCore.SignalR.Client.HubConnection.StartAsync(CancellationToken cancellationToken)
   at Webshop.Backend.Benchmarks.PriceBenchmark.Setup() in C:\HoGent24-25\Bachelorproef\PoC\Bachelorproef\WebshopBachelorproef\Webshop.Backend.Benchmarks\PriceBenchmark.cs:line 41
   at BenchmarkDotNet.Helpers.AwaitHelper.GetResult(Task task)
   at BenchmarkDotNet.Autogenerated.Runnable_11.<.ctor>b__3_0() in C:\HoGent24-25\Bachelorproef\PoC\Bachelorproef\WebshopBachelorproef\Webshop.Backend.Benchmarks\bin\Release\net8.0\e46a60b0-e2f9-49e9-a027-ea01bb6202e5\e46a60b0-e2f9-49e9-a027-ea01bb6202e5.notcs:line 2304
   at BenchmarkDotNet.Engines.EngineFactory.CreateReadyToRun(EngineParameters engineParameters)
   at BenchmarkDotNet.Autogenerated.Runnable_11.Run(IHost host, String benchmarkName) in C:\HoGent24-25\Bachelorproef\PoC\Bachelorproef\WebshopBachelorproef\Webshop.Backend.Benchmarks\bin\Release\net8.0\e46a60b0-e2f9-49e9-a027-ea01bb6202e5\e46a60b0-e2f9-49e9-a027-ea01bb6202e5.notcs:line 2288
   at System.RuntimeMethodHandle.InvokeMethod(Object target, Void** arguments, Signature sig, Boolean isConstructor)
   at System.Reflection.MethodBaseInvoker.InvokeDirectByRefWithFewArgs(Object obj, Span`1 copyOfArgs, BindingFlags invokeAttr)
   --- End of inner exception stack trace ---
   at System.Reflection.MethodBaseInvoker.InvokeDirectByRefWithFewArgs(Object obj, Span`1 copyOfArgs, BindingFlags invokeAttr)
   at System.Reflection.MethodBaseInvoker.InvokeWithFewArgs(Object obj, BindingFlags invokeAttr, Binder binder, Object[] parameters, CultureInfo culture)
   at System.Reflection.MethodBase.Invoke(Object obj, Object[] parameters)
   at BenchmarkDotNet.Autogenerated.UniqueProgramName.AfterAssemblyLoadingAttached(String[] args) in C:\HoGent24-25\Bachelorproef\PoC\Bachelorproef\WebshopBachelorproef\Webshop.Backend.Benchmarks\bin\Release\net8.0\e46a60b0-e2f9-49e9-a027-ea01bb6202e5\e46a60b0-e2f9-49e9-a027-ea01bb6202e5.notcs:line 57
// AfterAll
No Workload Results were obtained from the run.
// Benchmark Process 4744 has exited with code -1.

// ** Remained 0 (0,0%) benchmark(s) to run. Estimated finish 2025-05-02 11:54 (0h 0m from now) **
Successfully reverted power plan (GUID: 8c5e7fda-e8bf-4a96-9a85-a6e23a8c635c FriendlyName: Hoge prestaties)
// ***** BenchmarkRunner: Finish  *****

// * Export *
  BenchmarkDotNet.Artifacts\results\Webshop.Backend.Benchmarks.PriceBenchmark-report.csv
  BenchmarkDotNet.Artifacts\results\Webshop.Backend.Benchmarks.PriceBenchmark-report-github.md
  BenchmarkDotNet.Artifacts\results\Webshop.Backend.Benchmarks.PriceBenchmark-report.html

// * Detailed results *
PriceBenchmark.'REST CalculatePrice': DefaultJob [ConcurrentRequests=50]
Runtime = .NET 8.0.8 (8.0.824.36612), X64 RyuJIT AVX2; GC = Concurrent Workstation
Mean = 1.766 ms, StdErr = 0.009 ms (0.50%), N = 21, StdDev = 0.040 ms
Min = 1.708 ms, Q1 = 1.736 ms, Median = 1.776 ms, Q3 = 1.796 ms, Max = 1.876 ms
IQR = 0.060 ms, LowerFence = 1.645 ms, UpperFence = 1.887 ms
ConfidenceInterval = [1.733 ms; 1.800 ms] (CI 99.9%), Margin = 0.034 ms (1.91% of Mean)
Skewness = 0.68, Kurtosis = 3.21, MValue = 2.2
-------------------- Histogram --------------------
[1.689 ms ; 1.754 ms) | @@@@@@@@@@
[1.754 ms ; 1.808 ms) | @@@@@@@@@@
[1.808 ms ; 1.857 ms) | 
[1.857 ms ; 1.895 ms) | @
---------------------------------------------------

PriceBenchmark.'GraphQL CalculatePrice': DefaultJob [ConcurrentRequests=50]
Runtime = .NET 8.0.8 (8.0.824.36612), X64 RyuJIT AVX2; GC = Concurrent Workstation
Mean = 2.531 ms, StdErr = 0.013 ms (0.50%), N = 22, StdDev = 0.059 ms
Min = 2.454 ms, Q1 = 2.483 ms, Median = 2.524 ms, Q3 = 2.569 ms, Max = 2.694 ms
IQR = 0.086 ms, LowerFence = 2.353 ms, UpperFence = 2.698 ms
ConfidenceInterval = [2.483 ms; 2.579 ms] (CI 99.9%), Margin = 0.048 ms (1.91% of Mean)
Skewness = 0.84, Kurtosis = 3.24, MValue = 2
-------------------- Histogram --------------------
[2.451 ms ; 2.507 ms) | @@@@@@@@@@
[2.507 ms ; 2.589 ms) | @@@@@@@@@
[2.589 ms ; 2.666 ms) | @@
[2.666 ms ; 2.722 ms) | @
---------------------------------------------------

PriceBenchmark.'SignalR CalculatePrice': DefaultJob [ConcurrentRequests=50]
Runtime = .NET 8.0.8 (8.0.824.36612), X64 RyuJIT AVX2; GC = Concurrent Workstation
Mean = 267.572 ms, StdErr = 1.479 ms (0.55%), N = 38, StdDev = 9.115 ms
Min = 246.741 ms, Q1 = 261.961 ms, Median = 266.990 ms, Q3 = 274.492 ms, Max = 282.381 ms
IQR = 12.531 ms, LowerFence = 243.164 ms, UpperFence = 293.289 ms
ConfidenceInterval = [262.287 ms; 272.856 ms] (CI 99.9%), Margin = 5.284 ms (1.97% of Mean)
Skewness = -0.24, Kurtosis = 2.33, MValue = 2
-------------------- Histogram --------------------
[245.707 ms ; 252.824 ms) | @@@
[252.824 ms ; 262.487 ms) | @@@@@@@@
[262.487 ms ; 271.204 ms) | @@@@@@@@@@@@@@
[271.204 ms ; 278.390 ms) | @@@@@@@@
[278.390 ms ; 285.939 ms) | @@@@@
---------------------------------------------------

PriceBenchmark.'WebSocket CalculatePrice': DefaultJob [ConcurrentRequests=50]
Runtime = .NET 8.0.8 (8.0.824.36612), X64 RyuJIT AVX2; GC = Concurrent Workstation
There are not any results runs

PriceBenchmark.'REST CalculatePrice': DefaultJob [ConcurrentRequests=100]
Runtime = .NET 8.0.8 (8.0.824.36612), X64 RyuJIT AVX2; GC = Concurrent Workstation
There are not any results runs

PriceBenchmark.'GraphQL CalculatePrice': DefaultJob [ConcurrentRequests=100]
Runtime = .NET 8.0.8 (8.0.824.36612), X64 RyuJIT AVX2; GC = Concurrent Workstation
There are not any results runs

PriceBenchmark.'SignalR CalculatePrice': DefaultJob [ConcurrentRequests=100]
Runtime = .NET 8.0.8 (8.0.824.36612), X64 RyuJIT AVX2; GC = Concurrent Workstation
There are not any results runs

PriceBenchmark.'WebSocket CalculatePrice': DefaultJob [ConcurrentRequests=100]
Runtime = .NET 8.0.8 (8.0.824.36612), X64 RyuJIT AVX2; GC = Concurrent Workstation
There are not any results runs

PriceBenchmark.'REST CalculatePrice': DefaultJob [ConcurrentRequests=200]
Runtime = .NET 8.0.8 (8.0.824.36612), X64 RyuJIT AVX2; GC = Concurrent Workstation
There are not any results runs

PriceBenchmark.'GraphQL CalculatePrice': DefaultJob [ConcurrentRequests=200]
Runtime = .NET 8.0.8 (8.0.824.36612), X64 RyuJIT AVX2; GC = Concurrent Workstation
There are not any results runs

PriceBenchmark.'SignalR CalculatePrice': DefaultJob [ConcurrentRequests=200]
Runtime = .NET 8.0.8 (8.0.824.36612), X64 RyuJIT AVX2; GC = Concurrent Workstation
There are not any results runs

PriceBenchmark.'WebSocket CalculatePrice': DefaultJob [ConcurrentRequests=200]
Runtime = .NET 8.0.8 (8.0.824.36612), X64 RyuJIT AVX2; GC = Concurrent Workstation
There are not any results runs

// * Summary *

BenchmarkDotNet v0.14.0, Windows 11 (10.0.26100.3775)
12th Gen Intel Core i7-12700H, 1 CPU, 20 logical and 14 physical cores
.NET SDK 8.0.400
  [Host]     : .NET 8.0.8 (8.0.824.36612), X64 RyuJIT AVX2
  DefaultJob : .NET 8.0.8 (8.0.824.36612), X64 RyuJIT AVX2


| Method                     | ConcurrentRequests | Mean       | Error     | StdDev    | Gen0    | Allocated |
|--------------------------- |------------------- |-----------:|----------:|----------:|--------:|----------:|
| 'REST CalculatePrice'      | 50                 |   1.766 ms | 0.0337 ms | 0.0401 ms | 11.7188 | 165.28 KB |
| 'GraphQL CalculatePrice'   | 50                 |   2.531 ms | 0.0483 ms | 0.0593 ms |       - | 189.37 KB |
| 'SignalR CalculatePrice'   | 50                 | 267.572 ms | 5.2841 ms | 9.1149 ms |       - | 169.22 KB |
| 'WebSocket CalculatePrice' | 50                 |         NA |        NA |        NA |      NA |        NA |
| 'REST CalculatePrice'      | 100                |         NA |        NA |        NA |      NA |        NA |
| 'GraphQL CalculatePrice'   | 100                |         NA |        NA |        NA |      NA |        NA |
| 'SignalR CalculatePrice'   | 100                |         NA |        NA |        NA |      NA |        NA |
| 'WebSocket CalculatePrice' | 100                |         NA |        NA |        NA |      NA |        NA |
| 'REST CalculatePrice'      | 200                |         NA |        NA |        NA |      NA |        NA |
| 'GraphQL CalculatePrice'   | 200                |         NA |        NA |        NA |      NA |        NA |
| 'SignalR CalculatePrice'   | 200                |         NA |        NA |        NA |      NA |        NA |
| 'WebSocket CalculatePrice' | 200                |         NA |        NA |        NA |      NA |        NA |

Benchmarks with issues:
  PriceBenchmark.'WebSocket CalculatePrice': DefaultJob [ConcurrentRequests=50]
  PriceBenchmark.'REST CalculatePrice': DefaultJob [ConcurrentRequests=100]
  PriceBenchmark.'GraphQL CalculatePrice': DefaultJob [ConcurrentRequests=100]
  PriceBenchmark.'SignalR CalculatePrice': DefaultJob [ConcurrentRequests=100]
  PriceBenchmark.'WebSocket CalculatePrice': DefaultJob [ConcurrentRequests=100]
  PriceBenchmark.'REST CalculatePrice': DefaultJob [ConcurrentRequests=200]
  PriceBenchmark.'GraphQL CalculatePrice': DefaultJob [ConcurrentRequests=200]
  PriceBenchmark.'SignalR CalculatePrice': DefaultJob [ConcurrentRequests=200]
  PriceBenchmark.'WebSocket CalculatePrice': DefaultJob [ConcurrentRequests=200]

// * Warnings *
Environment
  Summary -> Detected error exit code from one of the benchmarks. It might be caused by following antivirus software:
        - Windows Defender (windowsdefender://)
        - McAfee (\\?\C:\Program Files\McAfee\WPS\1.28.191.1\mc-fw-host.exe)
Use InProcessEmitToolchain or InProcessNoEmitToolchain to avoid new process creation.


// * Hints *
Outliers
  PriceBenchmark.'GraphQL CalculatePrice': Default -> 1 outlier  was  removed (2.84 ms)
  PriceBenchmark.'SignalR CalculatePrice': Default -> 2 outliers were removed (298.41 ms, 323.43 ms)

// * Legends *
  ConcurrentRequests : Value of the 'ConcurrentRequests' parameter
  Mean               : Arithmetic mean of all measurements
  Error              : Half of 99.9% confidence interval
  StdDev             : Standard deviation of all measurements
  Gen0               : GC Generation 0 collects per 1000 operations
  Allocated          : Allocated memory per single operation (managed only, inclusive, 1KB = 1024B)
  1 ms               : 1 Millisecond (0.001 sec)

// * Diagnostic Output - MemoryDiagnoser *


// ***** BenchmarkRunner: End *****
Run time: 00:01:49 (109.57 sec), executed benchmarks: 12

Global total time: 00:02:06 (126.11 sec), executed benchmarks: 12
// * Artifacts cleanup *
Artifacts cleanup is finished
