// Validating benchmarks:
// ***** BenchmarkRunner: Start   *****
// ***** Found 3 benchmark(s) in total *****
// ***** Building 1 exe(s) in Parallel: Start   *****
// start dotnet  restore /p:UseSharedCompilation=false /p:BuildInParallel=false /m:1 /p:Deterministic=true /p:Optimize=true /p:IntermediateOutputPath="C:\HoGent24-25\Bachelorproef\PoC\Bachelorproef\WebshopBachelorproef\Webshop.Backend.Benchmarks\bin\Release\net8.0\0197ecae-b904-49ee-89d8-fd43c59bf8b2\obj\Release\net8.0/" /p:OutDir="C:\HoGent24-25\Bachelorproef\PoC\Bachelorproef\WebshopBachelorproef\Webshop.Backend.Benchmarks\bin\Release\net8.0\0197ecae-b904-49ee-89d8-fd43c59bf8b2\bin\Release\net8.0/" /p:OutputPath="C:\HoGent24-25\Bachelorproef\PoC\Bachelorproef\WebshopBachelorproef\Webshop.Backend.Benchmarks\bin\Release\net8.0\0197ecae-b904-49ee-89d8-fd43c59bf8b2\bin\Release\net8.0/" in C:\HoGent24-25\Bachelorproef\PoC\Bachelorproef\WebshopBachelorproef\Webshop.Backend.Benchmarks\bin\Release\net8.0\0197ecae-b904-49ee-89d8-fd43c59bf8b2
// command took 3.2 sec and exited with 0
// start dotnet  build -c Release --no-restore /p:UseSharedCompilation=false /p:BuildInParallel=false /m:1 /p:Deterministic=true /p:Optimize=true /p:IntermediateOutputPath="C:\HoGent24-25\Bachelorproef\PoC\Bachelorproef\WebshopBachelorproef\Webshop.Backend.Benchmarks\bin\Release\net8.0\0197ecae-b904-49ee-89d8-fd43c59bf8b2\obj\Release\net8.0/" /p:OutDir="C:\HoGent24-25\Bachelorproef\PoC\Bachelorproef\WebshopBachelorproef\Webshop.Backend.Benchmarks\bin\Release\net8.0\0197ecae-b904-49ee-89d8-fd43c59bf8b2\bin\Release\net8.0/" /p:OutputPath="C:\HoGent24-25\Bachelorproef\PoC\Bachelorproef\WebshopBachelorproef\Webshop.Backend.Benchmarks\bin\Release\net8.0\0197ecae-b904-49ee-89d8-fd43c59bf8b2\bin\Release\net8.0/" --output "C:\HoGent24-25\Bachelorproef\PoC\Bachelorproef\WebshopBachelorproef\Webshop.Backend.Benchmarks\bin\Release\net8.0\0197ecae-b904-49ee-89d8-fd43c59bf8b2\bin\Release\net8.0/" in C:\HoGent24-25\Bachelorproef\PoC\Bachelorproef\WebshopBachelorproef\Webshop.Backend.Benchmarks\bin\Release\net8.0\0197ecae-b904-49ee-89d8-fd43c59bf8b2
// command took 14.35 sec and exited with 0
// ***** Done, took 00:00:17 (17.71 sec)   *****
// Found 3 benchmarks:
//   ProductDetailsBenchmark.'REST GET /api/products/{id}/details': DefaultJob [ProductId=1]
//   ProductDetailsBenchmark.'REST GET /api/products/{id}/details': DefaultJob [ProductId=50]
//   ProductDetailsBenchmark.'REST GET /api/products/{id}/details': DefaultJob [ProductId=100]

Setup power plan (GUID: 8c5e7fda-e8bf-4a96-9a85-a6e23a8c635c FriendlyName: Hoge prestaties)
// **************************
// Benchmark: ProductDetailsBenchmark.'REST GET /api/products/{id}/details': DefaultJob [ProductId=1]
// *** Execute ***
// Launch: 1 / 1
// Execute: dotnet 0197ecae-b904-49ee-89d8-fd43c59bf8b2.dll --anonymousPipes 2404 1384 --benchmarkName "Webshop.Backend.Benchmarks.ProductDetailsBenchmark.GetProductDetails(ProductId: 1)" --job Default --benchmarkId 0 in C:\HoGent24-25\Bachelorproef\PoC\Bachelorproef\WebshopBachelorproef\Webshop.Backend.Benchmarks\bin\Release\net8.0\0197ecae-b904-49ee-89d8-fd43c59bf8b2\bin\Release\net8.0
// BeforeAnythingElse

// Benchmark Process Environment Information:
// BenchmarkDotNet v0.14.0
// Runtime=.NET 8.0.8 (8.0.824.36612), X64 RyuJIT AVX2
// GC=Concurrent Workstation
// HardwareIntrinsics=AVX2,AES,BMI1,BMI2,FMA,LZCNT,PCLMUL,POPCNT,AvxVnni,SERIALIZE VectorSize=256
// Job: DefaultJob

OverheadJitting  1: 1 op, 340800.00 ns, 340.8000 us/op

System.Reflection.TargetInvocationException: Exception has been thrown by the target of an invocation.
 ---> System.Net.Http.HttpRequestException: Response status code does not indicate success: 404 (Not Found).
   at System.Net.Http.HttpResponseMessage.EnsureSuccessStatusCode()
   at Webshop.Backend.Benchmarks.ProductDetailsBenchmark.GetProductDetails() in C:\HoGent24-25\Bachelorproef\PoC\Bachelorproef\WebshopBachelorproef\Webshop.Backend.Benchmarks\rest\ProductDetailsBenchmark.cs:line 41
   at BenchmarkDotNet.Helpers.AwaitHelper.GetResult[T](Task`1 task)
   at BenchmarkDotNet.Autogenerated.Runnable_0.<.ctor>b__3_2() in C:\HoGent24-25\Bachelorproef\PoC\Bachelorproef\WebshopBachelorproef\Webshop.Backend.Benchmarks\bin\Release\net8.0\0197ecae-b904-49ee-89d8-fd43c59bf8b2\0197ecae-b904-49ee-89d8-fd43c59bf8b2.notcs:line 197
   at BenchmarkDotNet.Autogenerated.Runnable_0.WorkloadActionNoUnroll(Int64 invokeCount) in C:\HoGent24-25\Bachelorproef\PoC\Bachelorproef\WebshopBachelorproef\Webshop.Backend.Benchmarks\bin\Release\net8.0\0197ecae-b904-49ee-89d8-fd43c59bf8b2\0197ecae-b904-49ee-89d8-fd43c59bf8b2.notcs:line 313
   at BenchmarkDotNet.Engines.Engine.Measure(Action`1 action, Int64 invokeCount)
   at BenchmarkDotNet.Engines.Engine.RunIteration(IterationData data)
   at BenchmarkDotNet.Engines.EngineFactory.Jit(Engine engine, Int32 jitIndex, Int32 invokeCount, Int32 unrollFactor)
   at BenchmarkDotNet.Engines.EngineFactory.CreateReadyToRun(EngineParameters engineParameters)
   at BenchmarkDotNet.Autogenerated.Runnable_0.Run(IHost host, String benchmarkName) in C:\HoGent24-25\Bachelorproef\PoC\Bachelorproef\WebshopBachelorproef\Webshop.Backend.Benchmarks\bin\Release\net8.0\0197ecae-b904-49ee-89d8-fd43c59bf8b2\0197ecae-b904-49ee-89d8-fd43c59bf8b2.notcs:line 176
   at System.RuntimeMethodHandle.InvokeMethod(Object target, Void** arguments, Signature sig, Boolean isConstructor)
   at System.Reflection.MethodBaseInvoker.InvokeDirectByRefWithFewArgs(Object obj, Span`1 copyOfArgs, BindingFlags invokeAttr)
   --- End of inner exception stack trace ---
   at System.Reflection.MethodBaseInvoker.InvokeDirectByRefWithFewArgs(Object obj, Span`1 copyOfArgs, BindingFlags invokeAttr)
   at System.Reflection.MethodBaseInvoker.InvokeWithFewArgs(Object obj, BindingFlags invokeAttr, Binder binder, Object[] parameters, CultureInfo culture)
   at System.Reflection.MethodBase.Invoke(Object obj, Object[] parameters)
   at BenchmarkDotNet.Autogenerated.UniqueProgramName.AfterAssemblyLoadingAttached(String[] args) in C:\HoGent24-25\Bachelorproef\PoC\Bachelorproef\WebshopBachelorproef\Webshop.Backend.Benchmarks\bin\Release\net8.0\0197ecae-b904-49ee-89d8-fd43c59bf8b2\0197ecae-b904-49ee-89d8-fd43c59bf8b2.notcs:line 57
// AfterAll
No Workload Results were obtained from the run.
// Benchmark Process 29420 has exited with code -1.

// ** Remained 2 (66,7%) benchmark(s) to run. Estimated finish 2025-05-05 14:14 (0h 0m from now) **
Setup power plan (GUID: 8c5e7fda-e8bf-4a96-9a85-a6e23a8c635c FriendlyName: Hoge prestaties)
// **************************
// Benchmark: ProductDetailsBenchmark.'REST GET /api/products/{id}/details': DefaultJob [ProductId=50]
// *** Execute ***
// Launch: 1 / 1
// Execute: dotnet 0197ecae-b904-49ee-89d8-fd43c59bf8b2.dll --anonymousPipes 1412 2468 --benchmarkName "Webshop.Backend.Benchmarks.ProductDetailsBenchmark.GetProductDetails(ProductId: 50)" --job Default --benchmarkId 1 in C:\HoGent24-25\Bachelorproef\PoC\Bachelorproef\WebshopBachelorproef\Webshop.Backend.Benchmarks\bin\Release\net8.0\0197ecae-b904-49ee-89d8-fd43c59bf8b2\bin\Release\net8.0
// BeforeAnythingElse

// Benchmark Process Environment Information:
// BenchmarkDotNet v0.14.0
// Runtime=.NET 8.0.8 (8.0.824.36612), X64 RyuJIT AVX2
// GC=Concurrent Workstation
// HardwareIntrinsics=AVX2,AES,BMI1,BMI2,FMA,LZCNT,PCLMUL,POPCNT,AvxVnni,SERIALIZE VectorSize=256
// Job: DefaultJob

OverheadJitting  1: 1 op, 465100.00 ns, 465.1000 us/op

System.Reflection.TargetInvocationException: Exception has been thrown by the target of an invocation.
 ---> System.Net.Http.HttpRequestException: Response status code does not indicate success: 404 (Not Found).
   at System.Net.Http.HttpResponseMessage.EnsureSuccessStatusCode()
   at Webshop.Backend.Benchmarks.ProductDetailsBenchmark.GetProductDetails() in C:\HoGent24-25\Bachelorproef\PoC\Bachelorproef\WebshopBachelorproef\Webshop.Backend.Benchmarks\rest\ProductDetailsBenchmark.cs:line 41
   at BenchmarkDotNet.Helpers.AwaitHelper.GetResult[T](Task`1 task)
   at BenchmarkDotNet.Autogenerated.Runnable_1.<.ctor>b__3_2() in C:\HoGent24-25\Bachelorproef\PoC\Bachelorproef\WebshopBachelorproef\Webshop.Backend.Benchmarks\bin\Release\net8.0\0197ecae-b904-49ee-89d8-fd43c59bf8b2\0197ecae-b904-49ee-89d8-fd43c59bf8b2.notcs:line 394
   at BenchmarkDotNet.Autogenerated.Runnable_1.WorkloadActionNoUnroll(Int64 invokeCount) in C:\HoGent24-25\Bachelorproef\PoC\Bachelorproef\WebshopBachelorproef\Webshop.Backend.Benchmarks\bin\Release\net8.0\0197ecae-b904-49ee-89d8-fd43c59bf8b2\0197ecae-b904-49ee-89d8-fd43c59bf8b2.notcs:line 510
   at BenchmarkDotNet.Engines.Engine.Measure(Action`1 action, Int64 invokeCount)
   at BenchmarkDotNet.Engines.Engine.RunIteration(IterationData data)
   at BenchmarkDotNet.Engines.EngineFactory.Jit(Engine engine, Int32 jitIndex, Int32 invokeCount, Int32 unrollFactor)
   at BenchmarkDotNet.Engines.EngineFactory.CreateReadyToRun(EngineParameters engineParameters)
   at BenchmarkDotNet.Autogenerated.Runnable_1.Run(IHost host, String benchmarkName) in C:\HoGent24-25\Bachelorproef\PoC\Bachelorproef\WebshopBachelorproef\Webshop.Backend.Benchmarks\bin\Release\net8.0\0197ecae-b904-49ee-89d8-fd43c59bf8b2\0197ecae-b904-49ee-89d8-fd43c59bf8b2.notcs:line 373
   at System.RuntimeMethodHandle.InvokeMethod(Object target, Void** arguments, Signature sig, Boolean isConstructor)
   at System.Reflection.MethodBaseInvoker.InvokeDirectByRefWithFewArgs(Object obj, Span`1 copyOfArgs, BindingFlags invokeAttr)
   --- End of inner exception stack trace ---
   at System.Reflection.MethodBaseInvoker.InvokeDirectByRefWithFewArgs(Object obj, Span`1 copyOfArgs, BindingFlags invokeAttr)
   at System.Reflection.MethodBaseInvoker.InvokeWithFewArgs(Object obj, BindingFlags invokeAttr, Binder binder, Object[] parameters, CultureInfo culture)
   at System.Reflection.MethodBase.Invoke(Object obj, Object[] parameters)
   at BenchmarkDotNet.Autogenerated.UniqueProgramName.AfterAssemblyLoadingAttached(String[] args) in C:\HoGent24-25\Bachelorproef\PoC\Bachelorproef\WebshopBachelorproef\Webshop.Backend.Benchmarks\bin\Release\net8.0\0197ecae-b904-49ee-89d8-fd43c59bf8b2\0197ecae-b904-49ee-89d8-fd43c59bf8b2.notcs:line 57
// AfterAll
No Workload Results were obtained from the run.
// Benchmark Process 22444 has exited with code -1.

// ** Remained 1 (33,3%) benchmark(s) to run. Estimated finish 2025-05-05 14:14 (0h 0m from now) **
Setup power plan (GUID: 8c5e7fda-e8bf-4a96-9a85-a6e23a8c635c FriendlyName: Hoge prestaties)
// **************************
// Benchmark: ProductDetailsBenchmark.'REST GET /api/products/{id}/details': DefaultJob [ProductId=100]
// *** Execute ***
// Launch: 1 / 1
// Execute: dotnet 0197ecae-b904-49ee-89d8-fd43c59bf8b2.dll --anonymousPipes 1416 1464 --benchmarkName "Webshop.Backend.Benchmarks.ProductDetailsBenchmark.GetProductDetails(ProductId: 100)" --job Default --benchmarkId 2 in C:\HoGent24-25\Bachelorproef\PoC\Bachelorproef\WebshopBachelorproef\Webshop.Backend.Benchmarks\bin\Release\net8.0\0197ecae-b904-49ee-89d8-fd43c59bf8b2\bin\Release\net8.0
// BeforeAnythingElse

// Benchmark Process Environment Information:
// BenchmarkDotNet v0.14.0
// Runtime=.NET 8.0.8 (8.0.824.36612), X64 RyuJIT AVX2
// GC=Concurrent Workstation
// HardwareIntrinsics=AVX2,AES,BMI1,BMI2,FMA,LZCNT,PCLMUL,POPCNT,AvxVnni,SERIALIZE VectorSize=256
// Job: DefaultJob

OverheadJitting  1: 1 op, 348900.00 ns, 348.9000 us/op

System.Reflection.TargetInvocationException: Exception has been thrown by the target of an invocation.
 ---> System.Net.Http.HttpRequestException: Response status code does not indicate success: 404 (Not Found).
   at System.Net.Http.HttpResponseMessage.EnsureSuccessStatusCode()
   at Webshop.Backend.Benchmarks.ProductDetailsBenchmark.GetProductDetails() in C:\HoGent24-25\Bachelorproef\PoC\Bachelorproef\WebshopBachelorproef\Webshop.Backend.Benchmarks\rest\ProductDetailsBenchmark.cs:line 41
   at BenchmarkDotNet.Helpers.AwaitHelper.GetResult[T](Task`1 task)
   at BenchmarkDotNet.Autogenerated.Runnable_2.<.ctor>b__3_2() in C:\HoGent24-25\Bachelorproef\PoC\Bachelorproef\WebshopBachelorproef\Webshop.Backend.Benchmarks\bin\Release\net8.0\0197ecae-b904-49ee-89d8-fd43c59bf8b2\0197ecae-b904-49ee-89d8-fd43c59bf8b2.notcs:line 591
   at BenchmarkDotNet.Autogenerated.Runnable_2.WorkloadActionNoUnroll(Int64 invokeCount) in C:\HoGent24-25\Bachelorproef\PoC\Bachelorproef\WebshopBachelorproef\Webshop.Backend.Benchmarks\bin\Release\net8.0\0197ecae-b904-49ee-89d8-fd43c59bf8b2\0197ecae-b904-49ee-89d8-fd43c59bf8b2.notcs:line 707
   at BenchmarkDotNet.Engines.Engine.Measure(Action`1 action, Int64 invokeCount)
   at BenchmarkDotNet.Engines.Engine.RunIteration(IterationData data)
   at BenchmarkDotNet.Engines.EngineFactory.Jit(Engine engine, Int32 jitIndex, Int32 invokeCount, Int32 unrollFactor)
   at BenchmarkDotNet.Engines.EngineFactory.CreateReadyToRun(EngineParameters engineParameters)
   at BenchmarkDotNet.Autogenerated.Runnable_2.Run(IHost host, String benchmarkName) in C:\HoGent24-25\Bachelorproef\PoC\Bachelorproef\WebshopBachelorproef\Webshop.Backend.Benchmarks\bin\Release\net8.0\0197ecae-b904-49ee-89d8-fd43c59bf8b2\0197ecae-b904-49ee-89d8-fd43c59bf8b2.notcs:line 570
   at System.RuntimeMethodHandle.InvokeMethod(Object target, Void** arguments, Signature sig, Boolean isConstructor)
   at System.Reflection.MethodBaseInvoker.InvokeDirectByRefWithFewArgs(Object obj, Span`1 copyOfArgs, BindingFlags invokeAttr)
   --- End of inner exception stack trace ---
   at System.Reflection.MethodBaseInvoker.InvokeDirectByRefWithFewArgs(Object obj, Span`1 copyOfArgs, BindingFlags invokeAttr)
   at System.Reflection.MethodBaseInvoker.InvokeWithFewArgs(Object obj, BindingFlags invokeAttr, Binder binder, Object[] parameters, CultureInfo culture)
   at System.Reflection.MethodBase.Invoke(Object obj, Object[] parameters)
   at BenchmarkDotNet.Autogenerated.UniqueProgramName.AfterAssemblyLoadingAttached(String[] args) in C:\HoGent24-25\Bachelorproef\PoC\Bachelorproef\WebshopBachelorproef\Webshop.Backend.Benchmarks\bin\Release\net8.0\0197ecae-b904-49ee-89d8-fd43c59bf8b2\0197ecae-b904-49ee-89d8-fd43c59bf8b2.notcs:line 57
// AfterAll
No Workload Results were obtained from the run.
// Benchmark Process 33048 has exited with code -1.

// ** Remained 0 (0,0%) benchmark(s) to run. Estimated finish 2025-05-05 14:14 (0h 0m from now) **
Successfully reverted power plan (GUID: 8c5e7fda-e8bf-4a96-9a85-a6e23a8c635c FriendlyName: Hoge prestaties)
// ***** BenchmarkRunner: Finish  *****

// * Export *
  BenchmarkDotNet.Artifacts\results\Webshop.Backend.Benchmarks.ProductDetailsBenchmark-report.csv
  BenchmarkDotNet.Artifacts\results\Webshop.Backend.Benchmarks.ProductDetailsBenchmark-report-github.md
  BenchmarkDotNet.Artifacts\results\Webshop.Backend.Benchmarks.ProductDetailsBenchmark-report.html

// * Detailed results *
ProductDetailsBenchmark.'REST GET /api/products/{id}/details': DefaultJob [ProductId=1]
Runtime = .NET 8.0.8 (8.0.824.36612), X64 RyuJIT AVX2; GC = Concurrent Workstation
There are not any results runs

ProductDetailsBenchmark.'REST GET /api/products/{id}/details': DefaultJob [ProductId=50]
Runtime = .NET 8.0.8 (8.0.824.36612), X64 RyuJIT AVX2; GC = Concurrent Workstation
There are not any results runs

ProductDetailsBenchmark.'REST GET /api/products/{id}/details': DefaultJob [ProductId=100]
Runtime = .NET 8.0.8 (8.0.824.36612), X64 RyuJIT AVX2; GC = Concurrent Workstation
There are not any results runs

// * Summary *

BenchmarkDotNet v0.14.0, Windows 11 (10.0.26100.3775)
12th Gen Intel Core i7-12700H, 1 CPU, 20 logical and 14 physical cores
.NET SDK 8.0.400
  [Host]     : .NET 8.0.8 (8.0.824.36612), X64 RyuJIT AVX2
  DefaultJob : .NET 8.0.8 (8.0.824.36612), X64 RyuJIT AVX2


| Method                                | ProductId | Mean | Error |
|-------------------------------------- |---------- |-----:|------:|
| 'REST GET /api/products/{id}/details' | 1         |   NA |    NA |
| 'REST GET /api/products/{id}/details' | 50        |   NA |    NA |
| 'REST GET /api/products/{id}/details' | 100       |   NA |    NA |

Benchmarks with issues:
  ProductDetailsBenchmark.'REST GET /api/products/{id}/details': DefaultJob [ProductId=1]
  ProductDetailsBenchmark.'REST GET /api/products/{id}/details': DefaultJob [ProductId=50]
  ProductDetailsBenchmark.'REST GET /api/products/{id}/details': DefaultJob [ProductId=100]

// * Warnings *
Environment
  Summary -> Detected error exit code from one of the benchmarks. It might be caused by following antivirus software:
        - Windows Defender (windowsdefender://)
        - McAfee (\\?\C:\Program Files\McAfee\WPS\1.28.191.1\mc-fw-host.exe)
Use InProcessEmitToolchain or InProcessNoEmitToolchain to avoid new process creation.


// * Legends *
  ProductId : Value of the 'ProductId' parameter
  Mean      : Arithmetic mean of all measurements
  Error     : Half of 99.9% confidence interval
  1 ns      : 1 Nanosecond (0.000000001 sec)

// * Diagnostic Output - MemoryDiagnoser *


// ***** BenchmarkRunner: End *****
Run time: 00:00:02 (2.01 sec), executed benchmarks: 3

Global total time: 00:00:20 (20.08 sec), executed benchmarks: 3
// * Artifacts cleanup *
Artifacts cleanup is finished
