// Validating benchmarks:
// ***** BenchmarkRunner: Start   *****
// ***** Found 6 benchmark(s) in total *****
// ***** Building 1 exe(s) in Parallel: Start   *****
// start dotnet  restore /p:UseSharedCompilation=false /p:BuildInParallel=false /m:1 /p:Deterministic=true /p:Optimize=true /p:IntermediateOutputPath="C:\HoGent24-25\Bachelorproef\PoC\Bachelorproef\WebshopBachelorproef\Webshop.Backend.Benchmarks\bin\Release\net8.0\f8fa813c-cd66-4c56-81a6-e0ba856df564\obj\Release\net8.0/" /p:OutDir="C:\HoGent24-25\Bachelorproef\PoC\Bachelorproef\WebshopBachelorproef\Webshop.Backend.Benchmarks\bin\Release\net8.0\f8fa813c-cd66-4c56-81a6-e0ba856df564\bin\Release\net8.0/" /p:OutputPath="C:\HoGent24-25\Bachelorproef\PoC\Bachelorproef\WebshopBachelorproef\Webshop.Backend.Benchmarks\bin\Release\net8.0\f8fa813c-cd66-4c56-81a6-e0ba856df564\bin\Release\net8.0/" in C:\HoGent24-25\Bachelorproef\PoC\Bachelorproef\WebshopBachelorproef\Webshop.Backend.Benchmarks\bin\Release\net8.0\f8fa813c-cd66-4c56-81a6-e0ba856df564
// command took 1.2 sec and exited with 0
// start dotnet  build -c Release --no-restore /p:UseSharedCompilation=false /p:BuildInParallel=false /m:1 /p:Deterministic=true /p:Optimize=true /p:IntermediateOutputPath="C:\HoGent24-25\Bachelorproef\PoC\Bachelorproef\WebshopBachelorproef\Webshop.Backend.Benchmarks\bin\Release\net8.0\f8fa813c-cd66-4c56-81a6-e0ba856df564\obj\Release\net8.0/" /p:OutDir="C:\HoGent24-25\Bachelorproef\PoC\Bachelorproef\WebshopBachelorproef\Webshop.Backend.Benchmarks\bin\Release\net8.0\f8fa813c-cd66-4c56-81a6-e0ba856df564\bin\Release\net8.0/" /p:OutputPath="C:\HoGent24-25\Bachelorproef\PoC\Bachelorproef\WebshopBachelorproef\Webshop.Backend.Benchmarks\bin\Release\net8.0\f8fa813c-cd66-4c56-81a6-e0ba856df564\bin\Release\net8.0/" --output "C:\HoGent24-25\Bachelorproef\PoC\Bachelorproef\WebshopBachelorproef\Webshop.Backend.Benchmarks\bin\Release\net8.0\f8fa813c-cd66-4c56-81a6-e0ba856df564\bin\Release\net8.0/" in C:\HoGent24-25\Bachelorproef\PoC\Bachelorproef\WebshopBachelorproef\Webshop.Backend.Benchmarks\bin\Release\net8.0\f8fa813c-cd66-4c56-81a6-e0ba856df564
// command took 7.65 sec and exited with 0
// ***** Done, took 00:00:08 (8.91 sec)   *****
// Found 6 benchmarks:
//   GraphQLResolverBenchmark.'Direct Service Call': DefaultJob [ProductId=1]
//   GraphQLResolverBenchmark.'GraphQL HTTP Call': DefaultJob [ProductId=1]
//   GraphQLResolverBenchmark.'Direct Service Call': DefaultJob [ProductId=10]
//   GraphQLResolverBenchmark.'GraphQL HTTP Call': DefaultJob [ProductId=10]
//   GraphQLResolverBenchmark.'Direct Service Call': DefaultJob [ProductId=50]
//   GraphQLResolverBenchmark.'GraphQL HTTP Call': DefaultJob [ProductId=50]

Setup power plan (GUID: 8c5e7fda-e8bf-4a96-9a85-a6e23a8c635c FriendlyName: Hoge prestaties)
// **************************
// Benchmark: GraphQLResolverBenchmark.'Direct Service Call': DefaultJob [ProductId=1]
// *** Execute ***
// Launch: 1 / 1
// Execute: dotnet f8fa813c-cd66-4c56-81a6-e0ba856df564.dll --anonymousPipes 2404 2408 --benchmarkName "Webshop.Backend.Benchmarks.GraphQLResolverBenchmark.DirectService(ProductId: 1)" --job Default --benchmarkId 0 in C:\HoGent24-25\Bachelorproef\PoC\Bachelorproef\WebshopBachelorproef\Webshop.Backend.Benchmarks\bin\Release\net8.0\f8fa813c-cd66-4c56-81a6-e0ba856df564\bin\Release\net8.0
// BeforeAnythingElse

// Benchmark Process Environment Information:
// BenchmarkDotNet v0.14.0
// Runtime=.NET 8.0.8 (8.0.824.36612), X64 RyuJIT AVX2
// GC=Concurrent Workstation
// HardwareIntrinsics=AVX2,AES,BMI1,BMI2,FMA,LZCNT,PCLMUL,POPCNT,AvxVnni,SERIALIZE VectorSize=256
// Job: DefaultJob


System.Reflection.TargetInvocationException: Exception has been thrown by the target of an invocation.
 ---> Microsoft.EntityFrameworkCore.DbUpdateException: Required properties '{'Description'}' are missing for the instance of entity type 'Product'. Consider using 'DbContextOptionsBuilder.EnableSensitiveDataLogging' to see the entity key value.
   at Microsoft.EntityFrameworkCore.InMemory.Storage.Internal.InMemoryTable`1.ThrowNullabilityErrorException(IUpdateEntry entry, IList`1 nullabilityErrors)
   at Microsoft.EntityFrameworkCore.InMemory.Storage.Internal.InMemoryTable`1.Create(IUpdateEntry entry, IDiagnosticsLogger`1 updateLogger)
   at Microsoft.EntityFrameworkCore.InMemory.Storage.Internal.InMemoryStore.ExecuteTransaction(IList`1 entries, IDiagnosticsLogger`1 updateLogger)
   at Microsoft.EntityFrameworkCore.InMemory.Storage.Internal.InMemoryDatabase.SaveChanges(IList`1 entries)
   at Microsoft.EntityFrameworkCore.ChangeTracking.Internal.StateManager.SaveChanges(IList`1 entriesToSave)
   at Microsoft.EntityFrameworkCore.ChangeTracking.Internal.StateManager.SaveChanges(StateManager stateManager, Boolean acceptAllChangesOnSuccess)
   at Microsoft.EntityFrameworkCore.ChangeTracking.Internal.StateManager.<>c.<SaveChanges>b__112_0(DbContext _, ValueTuple`2 t)
   at Microsoft.EntityFrameworkCore.Storage.NonRetryingExecutionStrategy.Execute[TState,TResult](TState state, Func`3 operation, Func`3 verifySucceeded)
   at Microsoft.EntityFrameworkCore.ChangeTracking.Internal.StateManager.SaveChanges(Boolean acceptAllChangesOnSuccess)
   at Microsoft.EntityFrameworkCore.DbContext.SaveChanges(Boolean acceptAllChangesOnSuccess)
   at Microsoft.EntityFrameworkCore.DbContext.SaveChanges()
   at Webshop.Backend.Benchmarks.GraphQLResolverBenchmark.Setup() in C:\HoGent24-25\Bachelorproef\PoC\Bachelorproef\WebshopBachelorproef\Webshop.Backend.Benchmarks\GraphQLResolverBenchmark.cs:line 57
   at BenchmarkDotNet.Engines.EngineFactory.CreateReadyToRun(EngineParameters engineParameters)
   at BenchmarkDotNet.Autogenerated.Runnable_0.Run(IHost host, String benchmarkName) in C:\HoGent24-25\Bachelorproef\PoC\Bachelorproef\WebshopBachelorproef\Webshop.Backend.Benchmarks\bin\Release\net8.0\f8fa813c-cd66-4c56-81a6-e0ba856df564\f8fa813c-cd66-4c56-81a6-e0ba856df564.notcs:line 176
   at System.RuntimeMethodHandle.InvokeMethod(Object target, Void** arguments, Signature sig, Boolean isConstructor)
   at System.Reflection.MethodBaseInvoker.InvokeDirectByRefWithFewArgs(Object obj, Span`1 copyOfArgs, BindingFlags invokeAttr)
   --- End of inner exception stack trace ---
   at System.Reflection.MethodBaseInvoker.InvokeDirectByRefWithFewArgs(Object obj, Span`1 copyOfArgs, BindingFlags invokeAttr)
   at System.Reflection.MethodBaseInvoker.InvokeWithFewArgs(Object obj, BindingFlags invokeAttr, Binder binder, Object[] parameters, CultureInfo culture)
   at System.Reflection.MethodBase.Invoke(Object obj, Object[] parameters)
   at BenchmarkDotNet.Autogenerated.UniqueProgramName.AfterAssemblyLoadingAttached(String[] args) in C:\HoGent24-25\Bachelorproef\PoC\Bachelorproef\WebshopBachelorproef\Webshop.Backend.Benchmarks\bin\Release\net8.0\f8fa813c-cd66-4c56-81a6-e0ba856df564\f8fa813c-cd66-4c56-81a6-e0ba856df564.notcs:line 57
// AfterAll
No Workload Results were obtained from the run.
// Benchmark Process 9804 has exited with code -1.

// ** Remained 5 (83,3%) benchmark(s) to run. Estimated finish 2025-05-05 10:52 (0h 0m from now) **
Setup power plan (GUID: 8c5e7fda-e8bf-4a96-9a85-a6e23a8c635c FriendlyName: Hoge prestaties)
// **************************
// Benchmark: GraphQLResolverBenchmark.'GraphQL HTTP Call': DefaultJob [ProductId=1]
// *** Execute ***
// Launch: 1 / 1
// Execute: dotnet f8fa813c-cd66-4c56-81a6-e0ba856df564.dll --anonymousPipes 2392 2400 --benchmarkName "Webshop.Backend.Benchmarks.GraphQLResolverBenchmark.GraphQLHttp(ProductId: 1)" --job Default --benchmarkId 1 in C:\HoGent24-25\Bachelorproef\PoC\Bachelorproef\WebshopBachelorproef\Webshop.Backend.Benchmarks\bin\Release\net8.0\f8fa813c-cd66-4c56-81a6-e0ba856df564\bin\Release\net8.0
// BeforeAnythingElse

// Benchmark Process Environment Information:
// BenchmarkDotNet v0.14.0
// Runtime=.NET 8.0.8 (8.0.824.36612), X64 RyuJIT AVX2
// GC=Concurrent Workstation
// HardwareIntrinsics=AVX2,AES,BMI1,BMI2,FMA,LZCNT,PCLMUL,POPCNT,AvxVnni,SERIALIZE VectorSize=256
// Job: DefaultJob


System.Reflection.TargetInvocationException: Exception has been thrown by the target of an invocation.
 ---> Microsoft.EntityFrameworkCore.DbUpdateException: Required properties '{'Description'}' are missing for the instance of entity type 'Product'. Consider using 'DbContextOptionsBuilder.EnableSensitiveDataLogging' to see the entity key value.
   at Microsoft.EntityFrameworkCore.InMemory.Storage.Internal.InMemoryTable`1.ThrowNullabilityErrorException(IUpdateEntry entry, IList`1 nullabilityErrors)
   at Microsoft.EntityFrameworkCore.InMemory.Storage.Internal.InMemoryTable`1.Create(IUpdateEntry entry, IDiagnosticsLogger`1 updateLogger)
   at Microsoft.EntityFrameworkCore.InMemory.Storage.Internal.InMemoryStore.ExecuteTransaction(IList`1 entries, IDiagnosticsLogger`1 updateLogger)
   at Microsoft.EntityFrameworkCore.InMemory.Storage.Internal.InMemoryDatabase.SaveChanges(IList`1 entries)
   at Microsoft.EntityFrameworkCore.ChangeTracking.Internal.StateManager.SaveChanges(IList`1 entriesToSave)
   at Microsoft.EntityFrameworkCore.ChangeTracking.Internal.StateManager.SaveChanges(StateManager stateManager, Boolean acceptAllChangesOnSuccess)
   at Microsoft.EntityFrameworkCore.ChangeTracking.Internal.StateManager.<>c.<SaveChanges>b__112_0(DbContext _, ValueTuple`2 t)
   at Microsoft.EntityFrameworkCore.Storage.NonRetryingExecutionStrategy.Execute[TState,TResult](TState state, Func`3 operation, Func`3 verifySucceeded)
   at Microsoft.EntityFrameworkCore.ChangeTracking.Internal.StateManager.SaveChanges(Boolean acceptAllChangesOnSuccess)
   at Microsoft.EntityFrameworkCore.DbContext.SaveChanges(Boolean acceptAllChangesOnSuccess)
   at Microsoft.EntityFrameworkCore.DbContext.SaveChanges()
   at Webshop.Backend.Benchmarks.GraphQLResolverBenchmark.Setup() in C:\HoGent24-25\Bachelorproef\PoC\Bachelorproef\WebshopBachelorproef\Webshop.Backend.Benchmarks\GraphQLResolverBenchmark.cs:line 57
   at BenchmarkDotNet.Engines.EngineFactory.CreateReadyToRun(EngineParameters engineParameters)
   at BenchmarkDotNet.Autogenerated.Runnable_1.Run(IHost host, String benchmarkName) in C:\HoGent24-25\Bachelorproef\PoC\Bachelorproef\WebshopBachelorproef\Webshop.Backend.Benchmarks\bin\Release\net8.0\f8fa813c-cd66-4c56-81a6-e0ba856df564\f8fa813c-cd66-4c56-81a6-e0ba856df564.notcs:line 368
   at System.RuntimeMethodHandle.InvokeMethod(Object target, Void** arguments, Signature sig, Boolean isConstructor)
   at System.Reflection.MethodBaseInvoker.InvokeDirectByRefWithFewArgs(Object obj, Span`1 copyOfArgs, BindingFlags invokeAttr)
   --- End of inner exception stack trace ---
   at System.Reflection.MethodBaseInvoker.InvokeDirectByRefWithFewArgs(Object obj, Span`1 copyOfArgs, BindingFlags invokeAttr)
   at System.Reflection.MethodBaseInvoker.InvokeWithFewArgs(Object obj, BindingFlags invokeAttr, Binder binder, Object[] parameters, CultureInfo culture)
   at System.Reflection.MethodBase.Invoke(Object obj, Object[] parameters)
   at BenchmarkDotNet.Autogenerated.UniqueProgramName.AfterAssemblyLoadingAttached(String[] args) in C:\HoGent24-25\Bachelorproef\PoC\Bachelorproef\WebshopBachelorproef\Webshop.Backend.Benchmarks\bin\Release\net8.0\f8fa813c-cd66-4c56-81a6-e0ba856df564\f8fa813c-cd66-4c56-81a6-e0ba856df564.notcs:line 57
// AfterAll
No Workload Results were obtained from the run.
// Benchmark Process 1544 has exited with code -1.

// ** Remained 4 (66,7%) benchmark(s) to run. Estimated finish 2025-05-05 10:52 (0h 0m from now) **
Setup power plan (GUID: 8c5e7fda-e8bf-4a96-9a85-a6e23a8c635c FriendlyName: Hoge prestaties)
// **************************
// Benchmark: GraphQLResolverBenchmark.'Direct Service Call': DefaultJob [ProductId=10]
// *** Execute ***
// Launch: 1 / 1
// Execute: dotnet f8fa813c-cd66-4c56-81a6-e0ba856df564.dll --anonymousPipes 1384 2608 --benchmarkName "Webshop.Backend.Benchmarks.GraphQLResolverBenchmark.DirectService(ProductId: 10)" --job Default --benchmarkId 2 in C:\HoGent24-25\Bachelorproef\PoC\Bachelorproef\WebshopBachelorproef\Webshop.Backend.Benchmarks\bin\Release\net8.0\f8fa813c-cd66-4c56-81a6-e0ba856df564\bin\Release\net8.0
// BeforeAnythingElse

// Benchmark Process Environment Information:
// BenchmarkDotNet v0.14.0
// Runtime=.NET 8.0.8 (8.0.824.36612), X64 RyuJIT AVX2
// GC=Concurrent Workstation
// HardwareIntrinsics=AVX2,AES,BMI1,BMI2,FMA,LZCNT,PCLMUL,POPCNT,AvxVnni,SERIALIZE VectorSize=256
// Job: DefaultJob


System.Reflection.TargetInvocationException: Exception has been thrown by the target of an invocation.
 ---> Microsoft.EntityFrameworkCore.DbUpdateException: Required properties '{'Description'}' are missing for the instance of entity type 'Product'. Consider using 'DbContextOptionsBuilder.EnableSensitiveDataLogging' to see the entity key value.
   at Microsoft.EntityFrameworkCore.InMemory.Storage.Internal.InMemoryTable`1.ThrowNullabilityErrorException(IUpdateEntry entry, IList`1 nullabilityErrors)
   at Microsoft.EntityFrameworkCore.InMemory.Storage.Internal.InMemoryTable`1.Create(IUpdateEntry entry, IDiagnosticsLogger`1 updateLogger)
   at Microsoft.EntityFrameworkCore.InMemory.Storage.Internal.InMemoryStore.ExecuteTransaction(IList`1 entries, IDiagnosticsLogger`1 updateLogger)
   at Microsoft.EntityFrameworkCore.InMemory.Storage.Internal.InMemoryDatabase.SaveChanges(IList`1 entries)
   at Microsoft.EntityFrameworkCore.ChangeTracking.Internal.StateManager.SaveChanges(IList`1 entriesToSave)
   at Microsoft.EntityFrameworkCore.ChangeTracking.Internal.StateManager.SaveChanges(StateManager stateManager, Boolean acceptAllChangesOnSuccess)
   at Microsoft.EntityFrameworkCore.ChangeTracking.Internal.StateManager.<>c.<SaveChanges>b__112_0(DbContext _, ValueTuple`2 t)
   at Microsoft.EntityFrameworkCore.Storage.NonRetryingExecutionStrategy.Execute[TState,TResult](TState state, Func`3 operation, Func`3 verifySucceeded)
   at Microsoft.EntityFrameworkCore.ChangeTracking.Internal.StateManager.SaveChanges(Boolean acceptAllChangesOnSuccess)
   at Microsoft.EntityFrameworkCore.DbContext.SaveChanges(Boolean acceptAllChangesOnSuccess)
   at Microsoft.EntityFrameworkCore.DbContext.SaveChanges()
   at Webshop.Backend.Benchmarks.GraphQLResolverBenchmark.Setup() in C:\HoGent24-25\Bachelorproef\PoC\Bachelorproef\WebshopBachelorproef\Webshop.Backend.Benchmarks\GraphQLResolverBenchmark.cs:line 57
   at BenchmarkDotNet.Engines.EngineFactory.CreateReadyToRun(EngineParameters engineParameters)
   at BenchmarkDotNet.Autogenerated.Runnable_2.Run(IHost host, String benchmarkName) in C:\HoGent24-25\Bachelorproef\PoC\Bachelorproef\WebshopBachelorproef\Webshop.Backend.Benchmarks\bin\Release\net8.0\f8fa813c-cd66-4c56-81a6-e0ba856df564\f8fa813c-cd66-4c56-81a6-e0ba856df564.notcs:line 560
   at System.RuntimeMethodHandle.InvokeMethod(Object target, Void** arguments, Signature sig, Boolean isConstructor)
   at System.Reflection.MethodBaseInvoker.InvokeDirectByRefWithFewArgs(Object obj, Span`1 copyOfArgs, BindingFlags invokeAttr)
   --- End of inner exception stack trace ---
   at System.Reflection.MethodBaseInvoker.InvokeDirectByRefWithFewArgs(Object obj, Span`1 copyOfArgs, BindingFlags invokeAttr)
   at System.Reflection.MethodBaseInvoker.InvokeWithFewArgs(Object obj, BindingFlags invokeAttr, Binder binder, Object[] parameters, CultureInfo culture)
   at System.Reflection.MethodBase.Invoke(Object obj, Object[] parameters)
   at BenchmarkDotNet.Autogenerated.UniqueProgramName.AfterAssemblyLoadingAttached(String[] args) in C:\HoGent24-25\Bachelorproef\PoC\Bachelorproef\WebshopBachelorproef\Webshop.Backend.Benchmarks\bin\Release\net8.0\f8fa813c-cd66-4c56-81a6-e0ba856df564\f8fa813c-cd66-4c56-81a6-e0ba856df564.notcs:line 57
// AfterAll
No Workload Results were obtained from the run.
// Benchmark Process 10656 has exited with code -1.

// ** Remained 3 (50,0%) benchmark(s) to run. Estimated finish 2025-05-05 10:52 (0h 0m from now) **
Setup power plan (GUID: 8c5e7fda-e8bf-4a96-9a85-a6e23a8c635c FriendlyName: Hoge prestaties)
// **************************
// Benchmark: GraphQLResolverBenchmark.'GraphQL HTTP Call': DefaultJob [ProductId=10]
// *** Execute ***
// Launch: 1 / 1
// Execute: dotnet f8fa813c-cd66-4c56-81a6-e0ba856df564.dll --anonymousPipes 2656 1336 --benchmarkName "Webshop.Backend.Benchmarks.GraphQLResolverBenchmark.GraphQLHttp(ProductId: 10)" --job Default --benchmarkId 3 in C:\HoGent24-25\Bachelorproef\PoC\Bachelorproef\WebshopBachelorproef\Webshop.Backend.Benchmarks\bin\Release\net8.0\f8fa813c-cd66-4c56-81a6-e0ba856df564\bin\Release\net8.0
// BeforeAnythingElse

// Benchmark Process Environment Information:
// BenchmarkDotNet v0.14.0
// Runtime=.NET 8.0.8 (8.0.824.36612), X64 RyuJIT AVX2
// GC=Concurrent Workstation
// HardwareIntrinsics=AVX2,AES,BMI1,BMI2,FMA,LZCNT,PCLMUL,POPCNT,AvxVnni,SERIALIZE VectorSize=256
// Job: DefaultJob


System.Reflection.TargetInvocationException: Exception has been thrown by the target of an invocation.
 ---> Microsoft.EntityFrameworkCore.DbUpdateException: Required properties '{'Description'}' are missing for the instance of entity type 'Product'. Consider using 'DbContextOptionsBuilder.EnableSensitiveDataLogging' to see the entity key value.
   at Microsoft.EntityFrameworkCore.InMemory.Storage.Internal.InMemoryTable`1.ThrowNullabilityErrorException(IUpdateEntry entry, IList`1 nullabilityErrors)
   at Microsoft.EntityFrameworkCore.InMemory.Storage.Internal.InMemoryTable`1.Create(IUpdateEntry entry, IDiagnosticsLogger`1 updateLogger)
   at Microsoft.EntityFrameworkCore.InMemory.Storage.Internal.InMemoryStore.ExecuteTransaction(IList`1 entries, IDiagnosticsLogger`1 updateLogger)
   at Microsoft.EntityFrameworkCore.InMemory.Storage.Internal.InMemoryDatabase.SaveChanges(IList`1 entries)
   at Microsoft.EntityFrameworkCore.ChangeTracking.Internal.StateManager.SaveChanges(IList`1 entriesToSave)
   at Microsoft.EntityFrameworkCore.ChangeTracking.Internal.StateManager.SaveChanges(StateManager stateManager, Boolean acceptAllChangesOnSuccess)
   at Microsoft.EntityFrameworkCore.ChangeTracking.Internal.StateManager.<>c.<SaveChanges>b__112_0(DbContext _, ValueTuple`2 t)
   at Microsoft.EntityFrameworkCore.Storage.NonRetryingExecutionStrategy.Execute[TState,TResult](TState state, Func`3 operation, Func`3 verifySucceeded)
   at Microsoft.EntityFrameworkCore.ChangeTracking.Internal.StateManager.SaveChanges(Boolean acceptAllChangesOnSuccess)
   at Microsoft.EntityFrameworkCore.DbContext.SaveChanges(Boolean acceptAllChangesOnSuccess)
   at Microsoft.EntityFrameworkCore.DbContext.SaveChanges()
   at Webshop.Backend.Benchmarks.GraphQLResolverBenchmark.Setup() in C:\HoGent24-25\Bachelorproef\PoC\Bachelorproef\WebshopBachelorproef\Webshop.Backend.Benchmarks\GraphQLResolverBenchmark.cs:line 57
   at BenchmarkDotNet.Engines.EngineFactory.CreateReadyToRun(EngineParameters engineParameters)
   at BenchmarkDotNet.Autogenerated.Runnable_3.Run(IHost host, String benchmarkName) in C:\HoGent24-25\Bachelorproef\PoC\Bachelorproef\WebshopBachelorproef\Webshop.Backend.Benchmarks\bin\Release\net8.0\f8fa813c-cd66-4c56-81a6-e0ba856df564\f8fa813c-cd66-4c56-81a6-e0ba856df564.notcs:line 752
   at System.RuntimeMethodHandle.InvokeMethod(Object target, Void** arguments, Signature sig, Boolean isConstructor)
   at System.Reflection.MethodBaseInvoker.InvokeDirectByRefWithFewArgs(Object obj, Span`1 copyOfArgs, BindingFlags invokeAttr)
   --- End of inner exception stack trace ---
   at System.Reflection.MethodBaseInvoker.InvokeDirectByRefWithFewArgs(Object obj, Span`1 copyOfArgs, BindingFlags invokeAttr)
   at System.Reflection.MethodBaseInvoker.InvokeWithFewArgs(Object obj, BindingFlags invokeAttr, Binder binder, Object[] parameters, CultureInfo culture)
   at System.Reflection.MethodBase.Invoke(Object obj, Object[] parameters)
   at BenchmarkDotNet.Autogenerated.UniqueProgramName.AfterAssemblyLoadingAttached(String[] args) in C:\HoGent24-25\Bachelorproef\PoC\Bachelorproef\WebshopBachelorproef\Webshop.Backend.Benchmarks\bin\Release\net8.0\f8fa813c-cd66-4c56-81a6-e0ba856df564\f8fa813c-cd66-4c56-81a6-e0ba856df564.notcs:line 57
// AfterAll
No Workload Results were obtained from the run.
// Benchmark Process 23404 has exited with code -1.

// ** Remained 2 (33,3%) benchmark(s) to run. Estimated finish 2025-05-05 10:52 (0h 0m from now) **
Setup power plan (GUID: 8c5e7fda-e8bf-4a96-9a85-a6e23a8c635c FriendlyName: Hoge prestaties)
// **************************
// Benchmark: GraphQLResolverBenchmark.'Direct Service Call': DefaultJob [ProductId=50]
// *** Execute ***
// Launch: 1 / 1
// Execute: dotnet f8fa813c-cd66-4c56-81a6-e0ba856df564.dll --anonymousPipes 2668 1252 --benchmarkName "Webshop.Backend.Benchmarks.GraphQLResolverBenchmark.DirectService(ProductId: 50)" --job Default --benchmarkId 4 in C:\HoGent24-25\Bachelorproef\PoC\Bachelorproef\WebshopBachelorproef\Webshop.Backend.Benchmarks\bin\Release\net8.0\f8fa813c-cd66-4c56-81a6-e0ba856df564\bin\Release\net8.0
// BeforeAnythingElse

// Benchmark Process Environment Information:
// BenchmarkDotNet v0.14.0
// Runtime=.NET 8.0.8 (8.0.824.36612), X64 RyuJIT AVX2
// GC=Concurrent Workstation
// HardwareIntrinsics=AVX2,AES,BMI1,BMI2,FMA,LZCNT,PCLMUL,POPCNT,AvxVnni,SERIALIZE VectorSize=256
// Job: DefaultJob


System.Reflection.TargetInvocationException: Exception has been thrown by the target of an invocation.
 ---> Microsoft.EntityFrameworkCore.DbUpdateException: Required properties '{'Description'}' are missing for the instance of entity type 'Product'. Consider using 'DbContextOptionsBuilder.EnableSensitiveDataLogging' to see the entity key value.
   at Microsoft.EntityFrameworkCore.InMemory.Storage.Internal.InMemoryTable`1.ThrowNullabilityErrorException(IUpdateEntry entry, IList`1 nullabilityErrors)
   at Microsoft.EntityFrameworkCore.InMemory.Storage.Internal.InMemoryTable`1.Create(IUpdateEntry entry, IDiagnosticsLogger`1 updateLogger)
   at Microsoft.EntityFrameworkCore.InMemory.Storage.Internal.InMemoryStore.ExecuteTransaction(IList`1 entries, IDiagnosticsLogger`1 updateLogger)
   at Microsoft.EntityFrameworkCore.InMemory.Storage.Internal.InMemoryDatabase.SaveChanges(IList`1 entries)
   at Microsoft.EntityFrameworkCore.ChangeTracking.Internal.StateManager.SaveChanges(IList`1 entriesToSave)
   at Microsoft.EntityFrameworkCore.ChangeTracking.Internal.StateManager.SaveChanges(StateManager stateManager, Boolean acceptAllChangesOnSuccess)
   at Microsoft.EntityFrameworkCore.ChangeTracking.Internal.StateManager.<>c.<SaveChanges>b__112_0(DbContext _, ValueTuple`2 t)
   at Microsoft.EntityFrameworkCore.Storage.NonRetryingExecutionStrategy.Execute[TState,TResult](TState state, Func`3 operation, Func`3 verifySucceeded)
   at Microsoft.EntityFrameworkCore.ChangeTracking.Internal.StateManager.SaveChanges(Boolean acceptAllChangesOnSuccess)
   at Microsoft.EntityFrameworkCore.DbContext.SaveChanges(Boolean acceptAllChangesOnSuccess)
   at Microsoft.EntityFrameworkCore.DbContext.SaveChanges()
   at Webshop.Backend.Benchmarks.GraphQLResolverBenchmark.Setup() in C:\HoGent24-25\Bachelorproef\PoC\Bachelorproef\WebshopBachelorproef\Webshop.Backend.Benchmarks\GraphQLResolverBenchmark.cs:line 57
   at BenchmarkDotNet.Engines.EngineFactory.CreateReadyToRun(EngineParameters engineParameters)
   at BenchmarkDotNet.Autogenerated.Runnable_4.Run(IHost host, String benchmarkName) in C:\HoGent24-25\Bachelorproef\PoC\Bachelorproef\WebshopBachelorproef\Webshop.Backend.Benchmarks\bin\Release\net8.0\f8fa813c-cd66-4c56-81a6-e0ba856df564\f8fa813c-cd66-4c56-81a6-e0ba856df564.notcs:line 944
   at System.RuntimeMethodHandle.InvokeMethod(Object target, Void** arguments, Signature sig, Boolean isConstructor)
   at System.Reflection.MethodBaseInvoker.InvokeDirectByRefWithFewArgs(Object obj, Span`1 copyOfArgs, BindingFlags invokeAttr)
   --- End of inner exception stack trace ---
   at System.Reflection.MethodBaseInvoker.InvokeDirectByRefWithFewArgs(Object obj, Span`1 copyOfArgs, BindingFlags invokeAttr)
   at System.Reflection.MethodBaseInvoker.InvokeWithFewArgs(Object obj, BindingFlags invokeAttr, Binder binder, Object[] parameters, CultureInfo culture)
   at System.Reflection.MethodBase.Invoke(Object obj, Object[] parameters)
   at BenchmarkDotNet.Autogenerated.UniqueProgramName.AfterAssemblyLoadingAttached(String[] args) in C:\HoGent24-25\Bachelorproef\PoC\Bachelorproef\WebshopBachelorproef\Webshop.Backend.Benchmarks\bin\Release\net8.0\f8fa813c-cd66-4c56-81a6-e0ba856df564\f8fa813c-cd66-4c56-81a6-e0ba856df564.notcs:line 57
// AfterAll
No Workload Results were obtained from the run.
// Benchmark Process 35744 has exited with code -1.

// ** Remained 1 (16,7%) benchmark(s) to run. Estimated finish 2025-05-05 10:52 (0h 0m from now) **
Setup power plan (GUID: 8c5e7fda-e8bf-4a96-9a85-a6e23a8c635c FriendlyName: Hoge prestaties)
// **************************
// Benchmark: GraphQLResolverBenchmark.'GraphQL HTTP Call': DefaultJob [ProductId=50]
// *** Execute ***
// Launch: 1 / 1
// Execute: dotnet f8fa813c-cd66-4c56-81a6-e0ba856df564.dll --anonymousPipes 2728 2668 --benchmarkName "Webshop.Backend.Benchmarks.GraphQLResolverBenchmark.GraphQLHttp(ProductId: 50)" --job Default --benchmarkId 5 in C:\HoGent24-25\Bachelorproef\PoC\Bachelorproef\WebshopBachelorproef\Webshop.Backend.Benchmarks\bin\Release\net8.0\f8fa813c-cd66-4c56-81a6-e0ba856df564\bin\Release\net8.0
// BeforeAnythingElse

// Benchmark Process Environment Information:
// BenchmarkDotNet v0.14.0
// Runtime=.NET 8.0.8 (8.0.824.36612), X64 RyuJIT AVX2
// GC=Concurrent Workstation
// HardwareIntrinsics=AVX2,AES,BMI1,BMI2,FMA,LZCNT,PCLMUL,POPCNT,AvxVnni,SERIALIZE VectorSize=256
// Job: DefaultJob


System.Reflection.TargetInvocationException: Exception has been thrown by the target of an invocation.
 ---> Microsoft.EntityFrameworkCore.DbUpdateException: Required properties '{'Description'}' are missing for the instance of entity type 'Product'. Consider using 'DbContextOptionsBuilder.EnableSensitiveDataLogging' to see the entity key value.
   at Microsoft.EntityFrameworkCore.InMemory.Storage.Internal.InMemoryTable`1.ThrowNullabilityErrorException(IUpdateEntry entry, IList`1 nullabilityErrors)
   at Microsoft.EntityFrameworkCore.InMemory.Storage.Internal.InMemoryTable`1.Create(IUpdateEntry entry, IDiagnosticsLogger`1 updateLogger)
   at Microsoft.EntityFrameworkCore.InMemory.Storage.Internal.InMemoryStore.ExecuteTransaction(IList`1 entries, IDiagnosticsLogger`1 updateLogger)
   at Microsoft.EntityFrameworkCore.InMemory.Storage.Internal.InMemoryDatabase.SaveChanges(IList`1 entries)
   at Microsoft.EntityFrameworkCore.ChangeTracking.Internal.StateManager.SaveChanges(IList`1 entriesToSave)
   at Microsoft.EntityFrameworkCore.ChangeTracking.Internal.StateManager.SaveChanges(StateManager stateManager, Boolean acceptAllChangesOnSuccess)
   at Microsoft.EntityFrameworkCore.ChangeTracking.Internal.StateManager.<>c.<SaveChanges>b__112_0(DbContext _, ValueTuple`2 t)
   at Microsoft.EntityFrameworkCore.Storage.NonRetryingExecutionStrategy.Execute[TState,TResult](TState state, Func`3 operation, Func`3 verifySucceeded)
   at Microsoft.EntityFrameworkCore.ChangeTracking.Internal.StateManager.SaveChanges(Boolean acceptAllChangesOnSuccess)
   at Microsoft.EntityFrameworkCore.DbContext.SaveChanges(Boolean acceptAllChangesOnSuccess)
   at Microsoft.EntityFrameworkCore.DbContext.SaveChanges()
   at Webshop.Backend.Benchmarks.GraphQLResolverBenchmark.Setup() in C:\HoGent24-25\Bachelorproef\PoC\Bachelorproef\WebshopBachelorproef\Webshop.Backend.Benchmarks\GraphQLResolverBenchmark.cs:line 57
   at BenchmarkDotNet.Engines.EngineFactory.CreateReadyToRun(EngineParameters engineParameters)
   at BenchmarkDotNet.Autogenerated.Runnable_5.Run(IHost host, String benchmarkName) in C:\HoGent24-25\Bachelorproef\PoC\Bachelorproef\WebshopBachelorproef\Webshop.Backend.Benchmarks\bin\Release\net8.0\f8fa813c-cd66-4c56-81a6-e0ba856df564\f8fa813c-cd66-4c56-81a6-e0ba856df564.notcs:line 1136
   at System.RuntimeMethodHandle.InvokeMethod(Object target, Void** arguments, Signature sig, Boolean isConstructor)
   at System.Reflection.MethodBaseInvoker.InvokeDirectByRefWithFewArgs(Object obj, Span`1 copyOfArgs, BindingFlags invokeAttr)
   --- End of inner exception stack trace ---
   at System.Reflection.MethodBaseInvoker.InvokeDirectByRefWithFewArgs(Object obj, Span`1 copyOfArgs, BindingFlags invokeAttr)
   at System.Reflection.MethodBaseInvoker.InvokeWithFewArgs(Object obj, BindingFlags invokeAttr, Binder binder, Object[] parameters, CultureInfo culture)
   at System.Reflection.MethodBase.Invoke(Object obj, Object[] parameters)
   at BenchmarkDotNet.Autogenerated.UniqueProgramName.AfterAssemblyLoadingAttached(String[] args) in C:\HoGent24-25\Bachelorproef\PoC\Bachelorproef\WebshopBachelorproef\Webshop.Backend.Benchmarks\bin\Release\net8.0\f8fa813c-cd66-4c56-81a6-e0ba856df564\f8fa813c-cd66-4c56-81a6-e0ba856df564.notcs:line 57
// AfterAll
No Workload Results were obtained from the run.
// Benchmark Process 43108 has exited with code -1.

// ** Remained 0 (0,0%) benchmark(s) to run. Estimated finish 2025-05-05 10:52 (0h 0m from now) **
Successfully reverted power plan (GUID: 8c5e7fda-e8bf-4a96-9a85-a6e23a8c635c FriendlyName: Hoge prestaties)
// ***** BenchmarkRunner: Finish  *****

// * Export *
  BenchmarkDotNet.Artifacts\results\Webshop.Backend.Benchmarks.GraphQLResolverBenchmark-report.csv
  BenchmarkDotNet.Artifacts\results\Webshop.Backend.Benchmarks.GraphQLResolverBenchmark-report-github.md
  BenchmarkDotNet.Artifacts\results\Webshop.Backend.Benchmarks.GraphQLResolverBenchmark-report.html

// * Detailed results *
GraphQLResolverBenchmark.'Direct Service Call': DefaultJob [ProductId=1]
Runtime = .NET 8.0.8 (8.0.824.36612), X64 RyuJIT AVX2; GC = Concurrent Workstation
There are not any results runs

GraphQLResolverBenchmark.'GraphQL HTTP Call': DefaultJob [ProductId=1]
Runtime = .NET 8.0.8 (8.0.824.36612), X64 RyuJIT AVX2; GC = Concurrent Workstation
There are not any results runs

GraphQLResolverBenchmark.'Direct Service Call': DefaultJob [ProductId=10]
Runtime = .NET 8.0.8 (8.0.824.36612), X64 RyuJIT AVX2; GC = Concurrent Workstation
There are not any results runs

GraphQLResolverBenchmark.'GraphQL HTTP Call': DefaultJob [ProductId=10]
Runtime = .NET 8.0.8 (8.0.824.36612), X64 RyuJIT AVX2; GC = Concurrent Workstation
There are not any results runs

GraphQLResolverBenchmark.'Direct Service Call': DefaultJob [ProductId=50]
Runtime = .NET 8.0.8 (8.0.824.36612), X64 RyuJIT AVX2; GC = Concurrent Workstation
There are not any results runs

GraphQLResolverBenchmark.'GraphQL HTTP Call': DefaultJob [ProductId=50]
Runtime = .NET 8.0.8 (8.0.824.36612), X64 RyuJIT AVX2; GC = Concurrent Workstation
There are not any results runs

// * Summary *

BenchmarkDotNet v0.14.0, Windows 11 (10.0.26100.3775)
12th Gen Intel Core i7-12700H, 1 CPU, 20 logical and 14 physical cores
.NET SDK 8.0.400
  [Host]     : .NET 8.0.8 (8.0.824.36612), X64 RyuJIT AVX2
  DefaultJob : .NET 8.0.8 (8.0.824.36612), X64 RyuJIT AVX2


| Method                | ProductId | Mean | Error |
|---------------------- |---------- |-----:|------:|
| 'Direct Service Call' | 1         |   NA |    NA |
| 'GraphQL HTTP Call'   | 1         |   NA |    NA |
| 'Direct Service Call' | 10        |   NA |    NA |
| 'GraphQL HTTP Call'   | 10        |   NA |    NA |
| 'Direct Service Call' | 50        |   NA |    NA |
| 'GraphQL HTTP Call'   | 50        |   NA |    NA |

Benchmarks with issues:
  GraphQLResolverBenchmark.'Direct Service Call': DefaultJob [ProductId=1]
  GraphQLResolverBenchmark.'GraphQL HTTP Call': DefaultJob [ProductId=1]
  GraphQLResolverBenchmark.'Direct Service Call': DefaultJob [ProductId=10]
  GraphQLResolverBenchmark.'GraphQL HTTP Call': DefaultJob [ProductId=10]
  GraphQLResolverBenchmark.'Direct Service Call': DefaultJob [ProductId=50]
  GraphQLResolverBenchmark.'GraphQL HTTP Call': DefaultJob [ProductId=50]

// * Warnings *
Environment
  Summary -> Detected error exit code from one of the benchmarks. It might be caused by following antivirus software:
        - Windows Defender (windowsdefender://)
        - McAfee (\\?\C:\Program Files\McAfee\WPS\1.28.191.1\mc-fw-host.exe)
Use InProcessEmitToolchain or InProcessNoEmitToolchain to avoid new process creation.


// * Legends *
  ProductId : Value of the 'ProductId' parameter
  Mean      : Arithmetic mean of all measurements
  Error     : Half of 99.9% confidence interval
  1 ns      : 1 Nanosecond (0.000000001 sec)

// * Diagnostic Output - MemoryDiagnoser *


// ***** BenchmarkRunner: End *****
Run time: 00:00:03 (3.81 sec), executed benchmarks: 6

Global total time: 00:00:12 (12.92 sec), executed benchmarks: 6
// * Artifacts cleanup *
Artifacts cleanup is finished
