// Validating benchmarks:
// ***** BenchmarkRunner: Start   *****
// ***** Found 12 benchmark(s) in total *****
// ***** Building 1 exe(s) in Parallel: Start   *****
// start dotnet  restore /p:UseSharedCompilation=false /p:BuildInParallel=false /m:1 /p:Deterministic=true /p:Optimize=true /p:IntermediateOutputPath="C:\HoGent24-25\Bachelorproef\PoC\Bachelorproef\WebshopBachelorproef\Webshop.Backend.Benchmarks\bin\Release\net8.0\acb5355e-eecb-4ae6-9bb2-643bba12f93e\obj\Release\net8.0/" /p:OutDir="C:\HoGent24-25\Bachelorproef\PoC\Bachelorproef\WebshopBachelorproef\Webshop.Backend.Benchmarks\bin\Release\net8.0\acb5355e-eecb-4ae6-9bb2-643bba12f93e\bin\Release\net8.0/" /p:OutputPath="C:\HoGent24-25\Bachelorproef\PoC\Bachelorproef\WebshopBachelorproef\Webshop.Backend.Benchmarks\bin\Release\net8.0\acb5355e-eecb-4ae6-9bb2-643bba12f93e\bin\Release\net8.0/" in C:\HoGent24-25\Bachelorproef\PoC\Bachelorproef\WebshopBachelorproef\Webshop.Backend.Benchmarks\bin\Release\net8.0\acb5355e-eecb-4ae6-9bb2-643bba12f93e
// command took 2.21 sec and exited with 0
// start dotnet  build -c Release --no-restore /p:UseSharedCompilation=false /p:BuildInParallel=false /m:1 /p:Deterministic=true /p:Optimize=true /p:IntermediateOutputPath="C:\HoGent24-25\Bachelorproef\PoC\Bachelorproef\WebshopBachelorproef\Webshop.Backend.Benchmarks\bin\Release\net8.0\acb5355e-eecb-4ae6-9bb2-643bba12f93e\obj\Release\net8.0/" /p:OutDir="C:\HoGent24-25\Bachelorproef\PoC\Bachelorproef\WebshopBachelorproef\Webshop.Backend.Benchmarks\bin\Release\net8.0\acb5355e-eecb-4ae6-9bb2-643bba12f93e\bin\Release\net8.0/" /p:OutputPath="C:\HoGent24-25\Bachelorproef\PoC\Bachelorproef\WebshopBachelorproef\Webshop.Backend.Benchmarks\bin\Release\net8.0\acb5355e-eecb-4ae6-9bb2-643bba12f93e\bin\Release\net8.0/" --output "C:\HoGent24-25\Bachelorproef\PoC\Bachelorproef\WebshopBachelorproef\Webshop.Backend.Benchmarks\bin\Release\net8.0\acb5355e-eecb-4ae6-9bb2-643bba12f93e\bin\Release\net8.0/" in C:\HoGent24-25\Bachelorproef\PoC\Bachelorproef\WebshopBachelorproef\Webshop.Backend.Benchmarks\bin\Release\net8.0\acb5355e-eecb-4ae6-9bb2-643bba12f93e
// command took 13.94 sec and exited with 0
// ***** Done, took 00:00:16 (16.37 sec)   *****
// Found 12 benchmarks:
//   PriceBenchmark.'REST CalculatePrice': DefaultJob [ConcurrentRequests=50]
//   PriceBenchmark.'GraphQL CalculatePrice': DefaultJob [ConcurrentRequests=50]
//   PriceBenchmark.'SignalR CalculatePrice': DefaultJob [ConcurrentRequests=50]
//   PriceBenchmark.'WebSocket CalculatePrice': DefaultJob [ConcurrentRequests=50]
//   PriceBenchmark.'REST CalculatePrice': DefaultJob [ConcurrentRequests=100]
//   PriceBenchmark.'GraphQL CalculatePrice': DefaultJob [ConcurrentRequests=100]
//   PriceBenchmark.'SignalR CalculatePrice': DefaultJob [ConcurrentRequests=100]
//   PriceBenchmark.'WebSocket CalculatePrice': DefaultJob [ConcurrentRequests=100]
//   PriceBenchmark.'REST CalculatePrice': DefaultJob [ConcurrentRequests=200]
//   PriceBenchmark.'GraphQL CalculatePrice': DefaultJob [ConcurrentRequests=200]
//   PriceBenchmark.'SignalR CalculatePrice': DefaultJob [ConcurrentRequests=200]
//   PriceBenchmark.'WebSocket CalculatePrice': DefaultJob [ConcurrentRequests=200]

Setup power plan (GUID: 8c5e7fda-e8bf-4a96-9a85-a6e23a8c635c FriendlyName: Hoge prestaties)
// **************************
// Benchmark: PriceBenchmark.'REST CalculatePrice': DefaultJob [ConcurrentRequests=50]
// *** Execute ***
// Launch: 1 / 1
// Execute: dotnet acb5355e-eecb-4ae6-9bb2-643bba12f93e.dll --anonymousPipes 608 612 --benchmarkName "Webshop.Backend.Benchmarks.PriceBenchmark.Rest_CalculatePrice(ConcurrentRequests: 50)" --job Default --benchmarkId 0 in C:\HoGent24-25\Bachelorproef\PoC\Bachelorproef\WebshopBachelorproef\Webshop.Backend.Benchmarks\bin\Release\net8.0\acb5355e-eecb-4ae6-9bb2-643bba12f93e\bin\Release\net8.0
// BeforeAnythingElse

// Benchmark Process Environment Information:
// BenchmarkDotNet v0.14.0
// Runtime=.NET 8.0.8 (8.0.824.36612), X64 RyuJIT AVX2
// GC=Concurrent Workstation
// HardwareIntrinsics=AVX2,AES,BMI1,BMI2,FMA,LZCNT,PCLMUL,POPCNT,AvxVnni,SERIALIZE VectorSize=256
// Job: DefaultJob

OverheadJitting  1: 1 op, 290800.00 ns, 290.8000 us/op
WorkloadJitting  1: 1 op, 108278200.00 ns, 108.2782 ms/op

WorkloadPilot    1: 2 op, 11046800.00 ns, 5.5234 ms/op
WorkloadPilot    2: 3 op, 14939700.00 ns, 4.9799 ms/op
WorkloadPilot    3: 4 op, 18688000.00 ns, 4.6720 ms/op
WorkloadPilot    4: 5 op, 22660300.00 ns, 4.5321 ms/op
WorkloadPilot    5: 6 op, 28963000.00 ns, 4.8272 ms/op
WorkloadPilot    6: 7 op, 38909000.00 ns, 5.5584 ms/op
WorkloadPilot    7: 8 op, 38671000.00 ns, 4.8339 ms/op
WorkloadPilot    8: 9 op, 44350400.00 ns, 4.9278 ms/op
WorkloadPilot    9: 10 op, 48638700.00 ns, 4.8639 ms/op
WorkloadPilot   10: 11 op, 53440100.00 ns, 4.8582 ms/op
WorkloadPilot   11: 12 op, 58869400.00 ns, 4.9058 ms/op
WorkloadPilot   12: 13 op, 63464400.00 ns, 4.8819 ms/op
WorkloadPilot   13: 14 op, 66357200.00 ns, 4.7398 ms/op
WorkloadPilot   14: 15 op, 63230000.00 ns, 4.2153 ms/op
WorkloadPilot   15: 16 op, 71373400.00 ns, 4.4608 ms/op
WorkloadPilot   16: 32 op, 130539800.00 ns, 4.0794 ms/op
WorkloadPilot   17: 64 op, 242995100.00 ns, 3.7968 ms/op
WorkloadPilot   18: 128 op, 451662300.00 ns, 3.5286 ms/op
WorkloadPilot   19: 256 op, 607598500.00 ns, 2.3734 ms/op

WorkloadWarmup   1: 256 op, 489109000.00 ns, 1.9106 ms/op
WorkloadWarmup   2: 256 op, 489693800.00 ns, 1.9129 ms/op
WorkloadWarmup   3: 256 op, 489211000.00 ns, 1.9110 ms/op
WorkloadWarmup   4: 256 op, 480112900.00 ns, 1.8754 ms/op
WorkloadWarmup   5: 256 op, 441267000.00 ns, 1.7237 ms/op
WorkloadWarmup   6: 256 op, 442479600.00 ns, 1.7284 ms/op
WorkloadWarmup   7: 256 op, 444417800.00 ns, 1.7360 ms/op
WorkloadWarmup   8: 256 op, 443602400.00 ns, 1.7328 ms/op

// BeforeActualRun
WorkloadActual   1: 256 op, 442832300.00 ns, 1.7298 ms/op
WorkloadActual   2: 256 op, 448712500.00 ns, 1.7528 ms/op
WorkloadActual   3: 256 op, 440923800.00 ns, 1.7224 ms/op
WorkloadActual   4: 256 op, 438738200.00 ns, 1.7138 ms/op
WorkloadActual   5: 256 op, 439973800.00 ns, 1.7186 ms/op
WorkloadActual   6: 256 op, 438735600.00 ns, 1.7138 ms/op
WorkloadActual   7: 256 op, 447093600.00 ns, 1.7465 ms/op
WorkloadActual   8: 256 op, 441801800.00 ns, 1.7258 ms/op
WorkloadActual   9: 256 op, 442058700.00 ns, 1.7268 ms/op
WorkloadActual  10: 256 op, 441721700.00 ns, 1.7255 ms/op
WorkloadActual  11: 256 op, 447174800.00 ns, 1.7468 ms/op
WorkloadActual  12: 256 op, 460869100.00 ns, 1.8003 ms/op
WorkloadActual  13: 256 op, 443685700.00 ns, 1.7331 ms/op
WorkloadActual  14: 256 op, 446399200.00 ns, 1.7437 ms/op
WorkloadActual  15: 256 op, 453390600.00 ns, 1.7711 ms/op

// AfterActualRun
WorkloadResult   1: 256 op, 442832300.00 ns, 1.7298 ms/op
WorkloadResult   2: 256 op, 448712500.00 ns, 1.7528 ms/op
WorkloadResult   3: 256 op, 440923800.00 ns, 1.7224 ms/op
WorkloadResult   4: 256 op, 438738200.00 ns, 1.7138 ms/op
WorkloadResult   5: 256 op, 439973800.00 ns, 1.7186 ms/op
WorkloadResult   6: 256 op, 438735600.00 ns, 1.7138 ms/op
WorkloadResult   7: 256 op, 447093600.00 ns, 1.7465 ms/op
WorkloadResult   8: 256 op, 441801800.00 ns, 1.7258 ms/op
WorkloadResult   9: 256 op, 442058700.00 ns, 1.7268 ms/op
WorkloadResult  10: 256 op, 441721700.00 ns, 1.7255 ms/op
WorkloadResult  11: 256 op, 447174800.00 ns, 1.7468 ms/op
WorkloadResult  12: 256 op, 443685700.00 ns, 1.7331 ms/op
WorkloadResult  13: 256 op, 446399200.00 ns, 1.7437 ms/op
WorkloadResult  14: 256 op, 453390600.00 ns, 1.7711 ms/op
// GC:  3 0 0 43321624 256
// Threading:  36129 3 256

// AfterAll
// Benchmark Process 18436 has exited with code 0.

Mean = 1.734 ms, StdErr = 0.004 ms (0.25%), N = 14, StdDev = 0.016 ms
Min = 1.714 ms, Q1 = 1.723 ms, Median = 1.728 ms, Q3 = 1.746 ms, Max = 1.771 ms
IQR = 0.023 ms, LowerFence = 1.689 ms, UpperFence = 1.780 ms
ConfidenceInterval = [1.715 ms; 1.752 ms] (CI 99.9%), Margin = 0.019 ms (1.07% of Mean)
Skewness = 0.69, Kurtosis = 2.47, MValue = 2

// ** Remained 11 (91,7%) benchmark(s) to run. Estimated finish 2025-05-02 11:43 (0h 2m from now) **
Setup power plan (GUID: 8c5e7fda-e8bf-4a96-9a85-a6e23a8c635c FriendlyName: Hoge prestaties)
// **************************
// Benchmark: PriceBenchmark.'GraphQL CalculatePrice': DefaultJob [ConcurrentRequests=50]
// *** Execute ***
// Launch: 1 / 1
// Execute: dotnet acb5355e-eecb-4ae6-9bb2-643bba12f93e.dll --anonymousPipes 2488 2372 --benchmarkName "Webshop.Backend.Benchmarks.PriceBenchmark.GraphQL_CalculatePrice(ConcurrentRequests: 50)" --job Default --benchmarkId 1 in C:\HoGent24-25\Bachelorproef\PoC\Bachelorproef\WebshopBachelorproef\Webshop.Backend.Benchmarks\bin\Release\net8.0\acb5355e-eecb-4ae6-9bb2-643bba12f93e\bin\Release\net8.0
// BeforeAnythingElse

// Benchmark Process Environment Information:
// BenchmarkDotNet v0.14.0
// Runtime=.NET 8.0.8 (8.0.824.36612), X64 RyuJIT AVX2
// GC=Concurrent Workstation
// HardwareIntrinsics=AVX2,AES,BMI1,BMI2,FMA,LZCNT,PCLMUL,POPCNT,AvxVnni,SERIALIZE VectorSize=256
// Job: DefaultJob

OverheadJitting  1: 1 op, 246100.00 ns, 246.1000 us/op
WorkloadJitting  1: 1 op, 1363506900.00 ns, 1.3635 s/op

OverheadJitting  2: 1 op, 900.00 ns, 900.0000 ns/op
WorkloadJitting  2: 1 op, 9423600.00 ns, 9.4236 ms/op

OverheadJitting  3: 16 op, 270000.00 ns, 16.8750 us/op
WorkloadJitting  3: 16 op, 120822100.00 ns, 7.5514 ms/op

WorkloadPilot    1: 16 op, 124064200.00 ns, 7.7540 ms/op
WorkloadPilot    2: 32 op, 209508700.00 ns, 6.5471 ms/op
WorkloadPilot    3: 64 op, 373128900.00 ns, 5.8301 ms/op
WorkloadPilot    4: 128 op, 690638000.00 ns, 5.3956 ms/op

OverheadWarmup   1: 128 op, 3100.00 ns, 24.2188 ns/op
OverheadWarmup   2: 128 op, 1400.00 ns, 10.9375 ns/op
OverheadWarmup   3: 128 op, 1400.00 ns, 10.9375 ns/op
OverheadWarmup   4: 128 op, 1500.00 ns, 11.7188 ns/op
OverheadWarmup   5: 128 op, 1500.00 ns, 11.7188 ns/op
OverheadWarmup   6: 128 op, 1600.00 ns, 12.5000 ns/op

OverheadActual   1: 128 op, 1500.00 ns, 11.7188 ns/op
OverheadActual   2: 128 op, 1400.00 ns, 10.9375 ns/op
OverheadActual   3: 128 op, 1500.00 ns, 11.7188 ns/op
OverheadActual   4: 128 op, 1700.00 ns, 13.2813 ns/op
OverheadActual   5: 128 op, 1500.00 ns, 11.7188 ns/op
OverheadActual   6: 128 op, 1500.00 ns, 11.7188 ns/op
OverheadActual   7: 128 op, 1300.00 ns, 10.1563 ns/op
OverheadActual   8: 128 op, 1400.00 ns, 10.9375 ns/op
OverheadActual   9: 128 op, 1700.00 ns, 13.2813 ns/op
OverheadActual  10: 128 op, 1500.00 ns, 11.7188 ns/op
OverheadActual  11: 128 op, 1500.00 ns, 11.7188 ns/op
OverheadActual  12: 128 op, 1600.00 ns, 12.5000 ns/op
OverheadActual  13: 128 op, 1400.00 ns, 10.9375 ns/op
OverheadActual  14: 128 op, 1500.00 ns, 11.7188 ns/op
OverheadActual  15: 128 op, 3000.00 ns, 23.4375 ns/op
OverheadActual  16: 128 op, 1700.00 ns, 13.2813 ns/op
OverheadActual  17: 128 op, 1500.00 ns, 11.7188 ns/op
OverheadActual  18: 128 op, 1400.00 ns, 10.9375 ns/op
OverheadActual  19: 128 op, 1300.00 ns, 10.1563 ns/op
OverheadActual  20: 128 op, 1500.00 ns, 11.7188 ns/op

WorkloadWarmup   1: 128 op, 861130300.00 ns, 6.7276 ms/op
WorkloadWarmup   2: 128 op, 533960800.00 ns, 4.1716 ms/op
WorkloadWarmup   3: 128 op, 453558200.00 ns, 3.5434 ms/op
WorkloadWarmup   4: 128 op, 390244200.00 ns, 3.0488 ms/op
WorkloadWarmup   5: 128 op, 331646500.00 ns, 2.5910 ms/op
WorkloadWarmup   6: 128 op, 321665100.00 ns, 2.5130 ms/op
WorkloadWarmup   7: 128 op, 321366200.00 ns, 2.5107 ms/op
WorkloadWarmup   8: 128 op, 317822400.00 ns, 2.4830 ms/op
WorkloadWarmup   9: 128 op, 326760200.00 ns, 2.5528 ms/op
WorkloadWarmup  10: 128 op, 320290400.00 ns, 2.5023 ms/op
WorkloadWarmup  11: 128 op, 319883200.00 ns, 2.4991 ms/op
WorkloadWarmup  12: 128 op, 328670800.00 ns, 2.5677 ms/op
WorkloadWarmup  13: 128 op, 319830200.00 ns, 2.4987 ms/op

// BeforeActualRun
WorkloadActual   1: 128 op, 326655700.00 ns, 2.5520 ms/op
WorkloadActual   2: 128 op, 327213500.00 ns, 2.5564 ms/op
WorkloadActual   3: 128 op, 323862600.00 ns, 2.5302 ms/op
WorkloadActual   4: 128 op, 327663000.00 ns, 2.5599 ms/op
WorkloadActual   5: 128 op, 319564900.00 ns, 2.4966 ms/op
WorkloadActual   6: 128 op, 332609800.00 ns, 2.5985 ms/op
WorkloadActual   7: 128 op, 330635000.00 ns, 2.5831 ms/op
WorkloadActual   8: 128 op, 316938100.00 ns, 2.4761 ms/op
WorkloadActual   9: 128 op, 352751100.00 ns, 2.7559 ms/op
WorkloadActual  10: 128 op, 329270700.00 ns, 2.5724 ms/op
WorkloadActual  11: 128 op, 340121000.00 ns, 2.6572 ms/op
WorkloadActual  12: 128 op, 345356300.00 ns, 2.6981 ms/op
WorkloadActual  13: 128 op, 328523200.00 ns, 2.5666 ms/op
WorkloadActual  14: 128 op, 324032300.00 ns, 2.5315 ms/op
WorkloadActual  15: 128 op, 323662000.00 ns, 2.5286 ms/op
WorkloadActual  16: 128 op, 329311500.00 ns, 2.5727 ms/op

// AfterActualRun
WorkloadResult   1: 128 op, 326654200.00 ns, 2.5520 ms/op
WorkloadResult   2: 128 op, 327212000.00 ns, 2.5563 ms/op
WorkloadResult   3: 128 op, 323861100.00 ns, 2.5302 ms/op
WorkloadResult   4: 128 op, 327661500.00 ns, 2.5599 ms/op
WorkloadResult   5: 128 op, 319563400.00 ns, 2.4966 ms/op
WorkloadResult   6: 128 op, 332608300.00 ns, 2.5985 ms/op
WorkloadResult   7: 128 op, 330633500.00 ns, 2.5831 ms/op
WorkloadResult   8: 128 op, 316936600.00 ns, 2.4761 ms/op
WorkloadResult   9: 128 op, 329269200.00 ns, 2.5724 ms/op
WorkloadResult  10: 128 op, 340119500.00 ns, 2.6572 ms/op
WorkloadResult  11: 128 op, 328521700.00 ns, 2.5666 ms/op
WorkloadResult  12: 128 op, 324030800.00 ns, 2.5315 ms/op
WorkloadResult  13: 128 op, 323660500.00 ns, 2.5286 ms/op
WorkloadResult  14: 128 op, 329310000.00 ns, 2.5727 ms/op
// GC:  1 0 0 24808808 128
// Threading:  17786 0 128

// AfterAll
// Benchmark Process 18056 has exited with code 0.

Mean = 2.556 ms, StdErr = 0.012 ms (0.46%), N = 14, StdDev = 0.044 ms
Min = 2.476 ms, Q1 = 2.530 ms, Median = 2.558 ms, Q3 = 2.573 ms, Max = 2.657 ms
IQR = 0.042 ms, LowerFence = 2.467 ms, UpperFence = 2.636 ms
ConfidenceInterval = [2.506 ms; 2.606 ms] (CI 99.9%), Margin = 0.050 ms (1.95% of Mean)
Skewness = 0.32, Kurtosis = 3.06, MValue = 2

// ** Remained 10 (83,3%) benchmark(s) to run. Estimated finish 2025-05-02 11:43 (0h 2m from now) **
Setup power plan (GUID: 8c5e7fda-e8bf-4a96-9a85-a6e23a8c635c FriendlyName: Hoge prestaties)
// **************************
// Benchmark: PriceBenchmark.'SignalR CalculatePrice': DefaultJob [ConcurrentRequests=50]
// *** Execute ***
// Launch: 1 / 1
// Execute: dotnet acb5355e-eecb-4ae6-9bb2-643bba12f93e.dll --anonymousPipes 616 2552 --benchmarkName "Webshop.Backend.Benchmarks.PriceBenchmark.SignalR_CalculatePrice(ConcurrentRequests: 50)" --job Default --benchmarkId 2 in C:\HoGent24-25\Bachelorproef\PoC\Bachelorproef\WebshopBachelorproef\Webshop.Backend.Benchmarks\bin\Release\net8.0\acb5355e-eecb-4ae6-9bb2-643bba12f93e\bin\Release\net8.0
// BeforeAnythingElse

// Benchmark Process Environment Information:
// BenchmarkDotNet v0.14.0
// Runtime=.NET 8.0.8 (8.0.824.36612), X64 RyuJIT AVX2
// GC=Concurrent Workstation
// HardwareIntrinsics=AVX2,AES,BMI1,BMI2,FMA,LZCNT,PCLMUL,POPCNT,AvxVnni,SERIALIZE VectorSize=256
// Job: DefaultJob

OverheadJitting  1: 1 op, 231600.00 ns, 231.6000 us/op
WorkloadJitting  1: 1 op, 3124569100.00 ns, 3.1246 s/op

OverheadJitting  2: 1 op, 700.00 ns, 700.0000 ns/op
WorkloadJitting  2: 1 op, 371957800.00 ns, 371.9578 ms/op

WorkloadWarmup   1: 1 op, 353360000.00 ns, 353.3600 ms/op
WorkloadWarmup   2: 1 op, 362239600.00 ns, 362.2396 ms/op
WorkloadWarmup   3: 1 op, 366992400.00 ns, 366.9924 ms/op
WorkloadWarmup   4: 1 op, 364534200.00 ns, 364.5342 ms/op
WorkloadWarmup   5: 1 op, 350769900.00 ns, 350.7699 ms/op
WorkloadWarmup   6: 1 op, 362135200.00 ns, 362.1352 ms/op
WorkloadWarmup   7: 1 op, 334991800.00 ns, 334.9918 ms/op

// BeforeActualRun
WorkloadActual   1: 1 op, 312144800.00 ns, 312.1448 ms/op
WorkloadActual   2: 1 op, 309903200.00 ns, 309.9032 ms/op
WorkloadActual   3: 1 op, 297373900.00 ns, 297.3739 ms/op
WorkloadActual   4: 1 op, 312281800.00 ns, 312.2818 ms/op
WorkloadActual   5: 1 op, 303838500.00 ns, 303.8385 ms/op
WorkloadActual   6: 1 op, 303744600.00 ns, 303.7446 ms/op
WorkloadActual   7: 1 op, 299384300.00 ns, 299.3843 ms/op
WorkloadActual   8: 1 op, 291244300.00 ns, 291.2443 ms/op
WorkloadActual   9: 1 op, 291149500.00 ns, 291.1495 ms/op
WorkloadActual  10: 1 op, 294305600.00 ns, 294.3056 ms/op
WorkloadActual  11: 1 op, 290912200.00 ns, 290.9122 ms/op
WorkloadActual  12: 1 op, 293091700.00 ns, 293.0917 ms/op
WorkloadActual  13: 1 op, 297502400.00 ns, 297.5024 ms/op
WorkloadActual  14: 1 op, 294593600.00 ns, 294.5936 ms/op
WorkloadActual  15: 1 op, 295864100.00 ns, 295.8641 ms/op
WorkloadActual  16: 1 op, 303037400.00 ns, 303.0374 ms/op
WorkloadActual  17: 1 op, 285439900.00 ns, 285.4399 ms/op
WorkloadActual  18: 1 op, 293673300.00 ns, 293.6733 ms/op
WorkloadActual  19: 1 op, 292953900.00 ns, 292.9539 ms/op
WorkloadActual  20: 1 op, 303195000.00 ns, 303.1950 ms/op
WorkloadActual  21: 1 op, 304763500.00 ns, 304.7635 ms/op
WorkloadActual  22: 1 op, 289687800.00 ns, 289.6878 ms/op
WorkloadActual  23: 1 op, 292701600.00 ns, 292.7016 ms/op

// AfterActualRun
WorkloadResult   1: 1 op, 312144800.00 ns, 312.1448 ms/op
WorkloadResult   2: 1 op, 309903200.00 ns, 309.9032 ms/op
WorkloadResult   3: 1 op, 297373900.00 ns, 297.3739 ms/op
WorkloadResult   4: 1 op, 312281800.00 ns, 312.2818 ms/op
WorkloadResult   5: 1 op, 303838500.00 ns, 303.8385 ms/op
WorkloadResult   6: 1 op, 303744600.00 ns, 303.7446 ms/op
WorkloadResult   7: 1 op, 299384300.00 ns, 299.3843 ms/op
WorkloadResult   8: 1 op, 291244300.00 ns, 291.2443 ms/op
WorkloadResult   9: 1 op, 291149500.00 ns, 291.1495 ms/op
WorkloadResult  10: 1 op, 294305600.00 ns, 294.3056 ms/op
WorkloadResult  11: 1 op, 290912200.00 ns, 290.9122 ms/op
WorkloadResult  12: 1 op, 293091700.00 ns, 293.0917 ms/op
WorkloadResult  13: 1 op, 297502400.00 ns, 297.5024 ms/op
WorkloadResult  14: 1 op, 294593600.00 ns, 294.5936 ms/op
WorkloadResult  15: 1 op, 295864100.00 ns, 295.8641 ms/op
WorkloadResult  16: 1 op, 303037400.00 ns, 303.0374 ms/op
WorkloadResult  17: 1 op, 285439900.00 ns, 285.4399 ms/op
WorkloadResult  18: 1 op, 293673300.00 ns, 293.6733 ms/op
WorkloadResult  19: 1 op, 292953900.00 ns, 292.9539 ms/op
WorkloadResult  20: 1 op, 303195000.00 ns, 303.1950 ms/op
WorkloadResult  21: 1 op, 304763500.00 ns, 304.7635 ms/op
WorkloadResult  22: 1 op, 289687800.00 ns, 289.6878 ms/op
WorkloadResult  23: 1 op, 292701600.00 ns, 292.7016 ms/op
// GC:  0 0 0 184576 1
// Threading:  252 0 1
// Exceptions:  50

// AfterAll
// Benchmark Process 8176 has exited with code 0.

Mean = 297.947 ms, StdErr = 1.546 ms (0.52%), N = 23, StdDev = 7.414 ms
Min = 285.440 ms, Q1 = 292.828 ms, Median = 295.864 ms, Q3 = 303.470 ms, Max = 312.282 ms
IQR = 10.642 ms, LowerFence = 276.865 ms, UpperFence = 319.433 ms
ConfidenceInterval = [292.085 ms; 303.809 ms] (CI 99.9%), Margin = 5.862 ms (1.97% of Mean)
Skewness = 0.48, Kurtosis = 2.12, MValue = 2

// ** Remained 9 (75,0%) benchmark(s) to run. Estimated finish 2025-05-02 11:42 (0h 2m from now) **
Setup power plan (GUID: 8c5e7fda-e8bf-4a96-9a85-a6e23a8c635c FriendlyName: Hoge prestaties)
// **************************
// Benchmark: PriceBenchmark.'WebSocket CalculatePrice': DefaultJob [ConcurrentRequests=50]
// *** Execute ***
// Launch: 1 / 1
// Execute: dotnet acb5355e-eecb-4ae6-9bb2-643bba12f93e.dll --anonymousPipes 852 2532 --benchmarkName "Webshop.Backend.Benchmarks.PriceBenchmark.WebSocket_CalculatePrice(ConcurrentRequests: 50)" --job Default --benchmarkId 3 in C:\HoGent24-25\Bachelorproef\PoC\Bachelorproef\WebshopBachelorproef\Webshop.Backend.Benchmarks\bin\Release\net8.0\acb5355e-eecb-4ae6-9bb2-643bba12f93e\bin\Release\net8.0
// BeforeAnythingElse

// Benchmark Process Environment Information:
// BenchmarkDotNet v0.14.0
// Runtime=.NET 8.0.8 (8.0.824.36612), X64 RyuJIT AVX2
// GC=Concurrent Workstation
// HardwareIntrinsics=AVX2,AES,BMI1,BMI2,FMA,LZCNT,PCLMUL,POPCNT,AvxVnni,SERIALIZE VectorSize=256
// Job: DefaultJob

OverheadJitting  1: 1 op, 271700.00 ns, 271.7000 us/op
