// Validating benchmarks:
// ***** BenchmarkRunner: Start   *****
// ***** Found 12 benchmark(s) in total *****
// ***** Building 1 exe(s) in Parallel: Start   *****
// start dotnet  restore /p:UseSharedCompilation=false /p:BuildInParallel=false /m:1 /p:Deterministic=true /p:Optimize=true /p:IntermediateOutputPath="C:\HoGent24-25\Bachelorproef\PoC\Bachelorproef\WebshopBachelorproef\Webshop.Backend.Benchmarks\bin\Release\net8.0\d1c32135-65ea-490b-8039-31c9b25c8b97\obj\Release\net8.0/" /p:OutDir="C:\HoGent24-25\Bachelorproef\PoC\Bachelorproef\WebshopBachelorproef\Webshop.Backend.Benchmarks\bin\Release\net8.0\d1c32135-65ea-490b-8039-31c9b25c8b97\bin\Release\net8.0/" /p:OutputPath="C:\HoGent24-25\Bachelorproef\PoC\Bachelorproef\WebshopBachelorproef\Webshop.Backend.Benchmarks\bin\Release\net8.0\d1c32135-65ea-490b-8039-31c9b25c8b97\bin\Release\net8.0/" in C:\HoGent24-25\Bachelorproef\PoC\Bachelorproef\WebshopBachelorproef\Webshop.Backend.Benchmarks\bin\Release\net8.0\d1c32135-65ea-490b-8039-31c9b25c8b97
// command took 2.08 sec and exited with 0
// start dotnet  build -c Release --no-restore /p:UseSharedCompilation=false /p:BuildInParallel=false /m:1 /p:Deterministic=true /p:Optimize=true /p:IntermediateOutputPath="C:\HoGent24-25\Bachelorproef\PoC\Bachelorproef\WebshopBachelorproef\Webshop.Backend.Benchmarks\bin\Release\net8.0\d1c32135-65ea-490b-8039-31c9b25c8b97\obj\Release\net8.0/" /p:OutDir="C:\HoGent24-25\Bachelorproef\PoC\Bachelorproef\WebshopBachelorproef\Webshop.Backend.Benchmarks\bin\Release\net8.0\d1c32135-65ea-490b-8039-31c9b25c8b97\bin\Release\net8.0/" /p:OutputPath="C:\HoGent24-25\Bachelorproef\PoC\Bachelorproef\WebshopBachelorproef\Webshop.Backend.Benchmarks\bin\Release\net8.0\d1c32135-65ea-490b-8039-31c9b25c8b97\bin\Release\net8.0/" --output "C:\HoGent24-25\Bachelorproef\PoC\Bachelorproef\WebshopBachelorproef\Webshop.Backend.Benchmarks\bin\Release\net8.0\d1c32135-65ea-490b-8039-31c9b25c8b97\bin\Release\net8.0/" in C:\HoGent24-25\Bachelorproef\PoC\Bachelorproef\WebshopBachelorproef\Webshop.Backend.Benchmarks\bin\Release\net8.0\d1c32135-65ea-490b-8039-31c9b25c8b97
// command took 13.6 sec and exited with 0
// ***** Done, took 00:00:15 (15.81 sec)   *****
// Found 12 benchmarks:
//   PriceBenchmark.'REST CalculatePrice': DefaultJob [ConcurrentRequests=50]
//   PriceBenchmark.'GraphQL CalculatePrice': DefaultJob [ConcurrentRequests=50]
//   PriceBenchmark.'SignalR CalculatePrice': DefaultJob [ConcurrentRequests=50]
//   PriceBenchmark.'WebSocket CalculatePrice': DefaultJob [ConcurrentRequests=50]
//   PriceBenchmark.'REST CalculatePrice': DefaultJob [ConcurrentRequests=100]
//   PriceBenchmark.'GraphQL CalculatePrice': DefaultJob [ConcurrentRequests=100]
//   PriceBenchmark.'SignalR CalculatePrice': DefaultJob [ConcurrentRequests=100]
//   PriceBenchmark.'WebSocket CalculatePrice': DefaultJob [ConcurrentRequests=100]
//   PriceBenchmark.'REST CalculatePrice': DefaultJob [ConcurrentRequests=200]
//   PriceBenchmark.'GraphQL CalculatePrice': DefaultJob [ConcurrentRequests=200]
//   PriceBenchmark.'SignalR CalculatePrice': DefaultJob [ConcurrentRequests=200]
//   PriceBenchmark.'WebSocket CalculatePrice': DefaultJob [ConcurrentRequests=200]

Setup power plan (GUID: 8c5e7fda-e8bf-4a96-9a85-a6e23a8c635c FriendlyName: Hoge prestaties)
// **************************
// Benchmark: PriceBenchmark.'REST CalculatePrice': DefaultJob [ConcurrentRequests=50]
// *** Execute ***
// Launch: 1 / 1
// Execute: dotnet d1c32135-65ea-490b-8039-31c9b25c8b97.dll --anonymousPipes 2188 1336 --benchmarkName "Webshop.Backend.Benchmarks.PriceBenchmark.Rest_CalculatePrice(ConcurrentRequests: 50)" --job Default --benchmarkId 0 in C:\HoGent24-25\Bachelorproef\PoC\Bachelorproef\WebshopBachelorproef\Webshop.Backend.Benchmarks\bin\Release\net8.0\d1c32135-65ea-490b-8039-31c9b25c8b97\bin\Release\net8.0
// BeforeAnythingElse

// Benchmark Process Environment Information:
// BenchmarkDotNet v0.14.0
// Runtime=.NET 8.0.8 (8.0.824.36612), X64 RyuJIT AVX2
// GC=Concurrent Workstation
// HardwareIntrinsics=AVX2,AES,BMI1,BMI2,FMA,LZCNT,PCLMUL,POPCNT,AvxVnni,SERIALIZE VectorSize=256
// Job: DefaultJob

OverheadJitting  1: 1 op, 246800.00 ns, 246.8000 us/op
WorkloadJitting  1: 1 op, 90821200.00 ns, 90.8212 ms/op

WorkloadPilot    1: 2 op, 9322200.00 ns, 4.6611 ms/op
WorkloadPilot    2: 3 op, 13643200.00 ns, 4.5477 ms/op
WorkloadPilot    3: 4 op, 18111100.00 ns, 4.5278 ms/op
WorkloadPilot    4: 5 op, 20769300.00 ns, 4.1539 ms/op
WorkloadPilot    5: 6 op, 25277000.00 ns, 4.2128 ms/op
WorkloadPilot    6: 7 op, 29651600.00 ns, 4.2359 ms/op
WorkloadPilot    7: 8 op, 33103400.00 ns, 4.1379 ms/op
WorkloadPilot    8: 9 op, 42958500.00 ns, 4.7732 ms/op
WorkloadPilot    9: 10 op, 41728800.00 ns, 4.1729 ms/op
WorkloadPilot   10: 11 op, 46361400.00 ns, 4.2147 ms/op
WorkloadPilot   11: 12 op, 50490400.00 ns, 4.2075 ms/op
WorkloadPilot   12: 13 op, 54384300.00 ns, 4.1834 ms/op
WorkloadPilot   13: 14 op, 59831300.00 ns, 4.2737 ms/op
WorkloadPilot   14: 15 op, 68995300.00 ns, 4.5997 ms/op
WorkloadPilot   15: 16 op, 75047400.00 ns, 4.6905 ms/op
WorkloadPilot   16: 32 op, 138450000.00 ns, 4.3266 ms/op
WorkloadPilot   17: 64 op, 264315400.00 ns, 4.1299 ms/op
WorkloadPilot   18: 128 op, 634361100.00 ns, 4.9559 ms/op

WorkloadWarmup   1: 128 op, 257539000.00 ns, 2.0120 ms/op
WorkloadWarmup   2: 128 op, 261907100.00 ns, 2.0461 ms/op
WorkloadWarmup   3: 128 op, 228840100.00 ns, 1.7878 ms/op
WorkloadWarmup   4: 128 op, 229043000.00 ns, 1.7894 ms/op
WorkloadWarmup   5: 128 op, 228922300.00 ns, 1.7885 ms/op
WorkloadWarmup   6: 128 op, 228329100.00 ns, 1.7838 ms/op

// BeforeActualRun
WorkloadActual   1: 128 op, 232162600.00 ns, 1.8138 ms/op
WorkloadActual   2: 128 op, 231326400.00 ns, 1.8072 ms/op
WorkloadActual   3: 128 op, 231599500.00 ns, 1.8094 ms/op
WorkloadActual   4: 128 op, 227033700.00 ns, 1.7737 ms/op
WorkloadActual   5: 128 op, 235246500.00 ns, 1.8379 ms/op
WorkloadActual   6: 128 op, 246915500.00 ns, 1.9290 ms/op
WorkloadActual   7: 128 op, 231865700.00 ns, 1.8115 ms/op
WorkloadActual   8: 128 op, 229511700.00 ns, 1.7931 ms/op
WorkloadActual   9: 128 op, 228070100.00 ns, 1.7818 ms/op
WorkloadActual  10: 128 op, 229068400.00 ns, 1.7896 ms/op
WorkloadActual  11: 128 op, 233132200.00 ns, 1.8213 ms/op
WorkloadActual  12: 128 op, 246655700.00 ns, 1.9270 ms/op
WorkloadActual  13: 128 op, 231219400.00 ns, 1.8064 ms/op
WorkloadActual  14: 128 op, 229581400.00 ns, 1.7936 ms/op
WorkloadActual  15: 128 op, 230327600.00 ns, 1.7994 ms/op

// AfterActualRun
WorkloadResult   1: 128 op, 232162600.00 ns, 1.8138 ms/op
WorkloadResult   2: 128 op, 231326400.00 ns, 1.8072 ms/op
WorkloadResult   3: 128 op, 231599500.00 ns, 1.8094 ms/op
WorkloadResult   4: 128 op, 227033700.00 ns, 1.7737 ms/op
WorkloadResult   5: 128 op, 235246500.00 ns, 1.8379 ms/op
WorkloadResult   6: 128 op, 231865700.00 ns, 1.8115 ms/op
WorkloadResult   7: 128 op, 229511700.00 ns, 1.7931 ms/op
WorkloadResult   8: 128 op, 228070100.00 ns, 1.7818 ms/op
WorkloadResult   9: 128 op, 229068400.00 ns, 1.7896 ms/op
WorkloadResult  10: 128 op, 233132200.00 ns, 1.8213 ms/op
WorkloadResult  11: 128 op, 231219400.00 ns, 1.8064 ms/op
WorkloadResult  12: 128 op, 229581400.00 ns, 1.7936 ms/op
WorkloadResult  13: 128 op, 230327600.00 ns, 1.7994 ms/op
// GC:  1 0 0 22436888 128
// Threading:  17978 1 128

// AfterAll
// Benchmark Process 36376 has exited with code 0.

Mean = 1.803 ms, StdErr = 0.005 ms (0.26%), N = 13, StdDev = 0.017 ms
Min = 1.774 ms, Q1 = 1.793 ms, Median = 1.806 ms, Q3 = 1.811 ms, Max = 1.838 ms
IQR = 0.018 ms, LowerFence = 1.765 ms, UpperFence = 1.839 ms
ConfidenceInterval = [1.783 ms; 1.823 ms] (CI 99.9%), Margin = 0.020 ms (1.13% of Mean)
Skewness = 0.19, Kurtosis = 2.36, MValue = 2

// ** Remained 11 (91,7%) benchmark(s) to run. Estimated finish 2025-05-02 12:13 (0h 1m from now) **
Setup power plan (GUID: 8c5e7fda-e8bf-4a96-9a85-a6e23a8c635c FriendlyName: Hoge prestaties)
// **************************
// Benchmark: PriceBenchmark.'GraphQL CalculatePrice': DefaultJob [ConcurrentRequests=50]
// *** Execute ***
// Launch: 1 / 1
// Execute: dotnet d1c32135-65ea-490b-8039-31c9b25c8b97.dll --anonymousPipes 2120 2124 --benchmarkName "Webshop.Backend.Benchmarks.PriceBenchmark.GraphQL_CalculatePrice(ConcurrentRequests: 50)" --job Default --benchmarkId 1 in C:\HoGent24-25\Bachelorproef\PoC\Bachelorproef\WebshopBachelorproef\Webshop.Backend.Benchmarks\bin\Release\net8.0\d1c32135-65ea-490b-8039-31c9b25c8b97\bin\Release\net8.0
// BeforeAnythingElse

// Benchmark Process Environment Information:
// BenchmarkDotNet v0.14.0
// Runtime=.NET 8.0.8 (8.0.824.36612), X64 RyuJIT AVX2
// GC=Concurrent Workstation
// HardwareIntrinsics=AVX2,AES,BMI1,BMI2,FMA,LZCNT,PCLMUL,POPCNT,AvxVnni,SERIALIZE VectorSize=256
// Job: DefaultJob

OverheadJitting  1: 1 op, 231700.00 ns, 231.7000 us/op
WorkloadJitting  1: 1 op, 103580100.00 ns, 103.5801 ms/op

WorkloadPilot    1: 2 op, 10683900.00 ns, 5.3420 ms/op
WorkloadPilot    2: 3 op, 15611700.00 ns, 5.2039 ms/op
WorkloadPilot    3: 4 op, 21655100.00 ns, 5.4138 ms/op
WorkloadPilot    4: 5 op, 26408600.00 ns, 5.2817 ms/op
WorkloadPilot    5: 6 op, 33454800.00 ns, 5.5758 ms/op
WorkloadPilot    6: 7 op, 36115100.00 ns, 5.1593 ms/op
WorkloadPilot    7: 8 op, 54884000.00 ns, 6.8605 ms/op
WorkloadPilot    8: 9 op, 61004300.00 ns, 6.7783 ms/op
WorkloadPilot    9: 10 op, 71812800.00 ns, 7.1813 ms/op
WorkloadPilot   10: 11 op, 68167700.00 ns, 6.1971 ms/op
WorkloadPilot   11: 12 op, 65336400.00 ns, 5.4447 ms/op
WorkloadPilot   12: 13 op, 71415900.00 ns, 5.4935 ms/op
WorkloadPilot   13: 14 op, 76132100.00 ns, 5.4380 ms/op
WorkloadPilot   14: 15 op, 81337600.00 ns, 5.4225 ms/op
WorkloadPilot   15: 16 op, 85699000.00 ns, 5.3562 ms/op
WorkloadPilot   16: 32 op, 176380900.00 ns, 5.5119 ms/op
WorkloadPilot   17: 64 op, 335284800.00 ns, 5.2388 ms/op
WorkloadPilot   18: 128 op, 438269600.00 ns, 3.4240 ms/op
WorkloadPilot   19: 256 op, 873334200.00 ns, 3.4115 ms/op

WorkloadWarmup   1: 256 op, 680996100.00 ns, 2.6601 ms/op
WorkloadWarmup   2: 256 op, 662926300.00 ns, 2.5896 ms/op
WorkloadWarmup   3: 256 op, 670766500.00 ns, 2.6202 ms/op
WorkloadWarmup   4: 256 op, 675422100.00 ns, 2.6384 ms/op
WorkloadWarmup   5: 256 op, 666498700.00 ns, 2.6035 ms/op
WorkloadWarmup   6: 256 op, 679465200.00 ns, 2.6542 ms/op
WorkloadWarmup   7: 256 op, 672949500.00 ns, 2.6287 ms/op

// BeforeActualRun
WorkloadActual   1: 256 op, 695928900.00 ns, 2.7185 ms/op
WorkloadActual   2: 256 op, 654364300.00 ns, 2.5561 ms/op
WorkloadActual   3: 256 op, 677929000.00 ns, 2.6482 ms/op
WorkloadActual   4: 256 op, 679496300.00 ns, 2.6543 ms/op
WorkloadActual   5: 256 op, 674511500.00 ns, 2.6348 ms/op
WorkloadActual   6: 256 op, 679998200.00 ns, 2.6562 ms/op
WorkloadActual   7: 256 op, 672771500.00 ns, 2.6280 ms/op
WorkloadActual   8: 256 op, 655716400.00 ns, 2.5614 ms/op
WorkloadActual   9: 256 op, 674224500.00 ns, 2.6337 ms/op
WorkloadActual  10: 256 op, 670455900.00 ns, 2.6190 ms/op
WorkloadActual  11: 256 op, 727253400.00 ns, 2.8408 ms/op
WorkloadActual  12: 256 op, 723646700.00 ns, 2.8267 ms/op
WorkloadActual  13: 256 op, 718395500.00 ns, 2.8062 ms/op
WorkloadActual  14: 256 op, 717251500.00 ns, 2.8018 ms/op
WorkloadActual  15: 256 op, 727391500.00 ns, 2.8414 ms/op
WorkloadActual  16: 256 op, 717536500.00 ns, 2.8029 ms/op
WorkloadActual  17: 256 op, 715049400.00 ns, 2.7932 ms/op
WorkloadActual  18: 256 op, 686108400.00 ns, 2.6801 ms/op
WorkloadActual  19: 256 op, 683807300.00 ns, 2.6711 ms/op
WorkloadActual  20: 256 op, 668325900.00 ns, 2.6106 ms/op
WorkloadActual  21: 256 op, 670433700.00 ns, 2.6189 ms/op
WorkloadActual  22: 256 op, 672285400.00 ns, 2.6261 ms/op
WorkloadActual  23: 256 op, 668388500.00 ns, 2.6109 ms/op
WorkloadActual  24: 256 op, 675606100.00 ns, 2.6391 ms/op
WorkloadActual  25: 256 op, 695107600.00 ns, 2.7153 ms/op
WorkloadActual  26: 256 op, 681113900.00 ns, 2.6606 ms/op
WorkloadActual  27: 256 op, 668797900.00 ns, 2.6125 ms/op
WorkloadActual  28: 256 op, 686960000.00 ns, 2.6834 ms/op
WorkloadActual  29: 256 op, 686746300.00 ns, 2.6826 ms/op
WorkloadActual  30: 256 op, 691129700.00 ns, 2.6997 ms/op
WorkloadActual  31: 256 op, 677880300.00 ns, 2.6480 ms/op

// AfterActualRun
WorkloadResult   1: 256 op, 695928900.00 ns, 2.7185 ms/op
WorkloadResult   2: 256 op, 654364300.00 ns, 2.5561 ms/op
WorkloadResult   3: 256 op, 677929000.00 ns, 2.6482 ms/op
WorkloadResult   4: 256 op, 679496300.00 ns, 2.6543 ms/op
WorkloadResult   5: 256 op, 674511500.00 ns, 2.6348 ms/op
WorkloadResult   6: 256 op, 679998200.00 ns, 2.6562 ms/op
WorkloadResult   7: 256 op, 672771500.00 ns, 2.6280 ms/op
WorkloadResult   8: 256 op, 655716400.00 ns, 2.5614 ms/op
WorkloadResult   9: 256 op, 674224500.00 ns, 2.6337 ms/op
WorkloadResult  10: 256 op, 670455900.00 ns, 2.6190 ms/op
WorkloadResult  11: 256 op, 727253400.00 ns, 2.8408 ms/op
WorkloadResult  12: 256 op, 723646700.00 ns, 2.8267 ms/op
WorkloadResult  13: 256 op, 718395500.00 ns, 2.8062 ms/op
WorkloadResult  14: 256 op, 717251500.00 ns, 2.8018 ms/op
WorkloadResult  15: 256 op, 727391500.00 ns, 2.8414 ms/op
WorkloadResult  16: 256 op, 717536500.00 ns, 2.8029 ms/op
WorkloadResult  17: 256 op, 715049400.00 ns, 2.7932 ms/op
WorkloadResult  18: 256 op, 686108400.00 ns, 2.6801 ms/op
WorkloadResult  19: 256 op, 683807300.00 ns, 2.6711 ms/op
WorkloadResult  20: 256 op, 668325900.00 ns, 2.6106 ms/op
WorkloadResult  21: 256 op, 670433700.00 ns, 2.6189 ms/op
WorkloadResult  22: 256 op, 672285400.00 ns, 2.6261 ms/op
WorkloadResult  23: 256 op, 668388500.00 ns, 2.6109 ms/op
WorkloadResult  24: 256 op, 675606100.00 ns, 2.6391 ms/op
WorkloadResult  25: 256 op, 695107600.00 ns, 2.7153 ms/op
WorkloadResult  26: 256 op, 681113900.00 ns, 2.6606 ms/op
WorkloadResult  27: 256 op, 668797900.00 ns, 2.6125 ms/op
WorkloadResult  28: 256 op, 686960000.00 ns, 2.6834 ms/op
WorkloadResult  29: 256 op, 686746300.00 ns, 2.6826 ms/op
WorkloadResult  30: 256 op, 691129700.00 ns, 2.6997 ms/op
WorkloadResult  31: 256 op, 677880300.00 ns, 2.6480 ms/op
// GC:  4 0 0 51130240 256
// Threading:  35309 0 256

// AfterAll
// Benchmark Process 34064 has exited with code 0.

Mean = 2.683 ms, StdErr = 0.015 ms (0.55%), N = 31, StdDev = 0.082 ms
Min = 2.556 ms, Q1 = 2.627 ms, Median = 2.656 ms, Q3 = 2.717 ms, Max = 2.841 ms
IQR = 0.090 ms, LowerFence = 2.492 ms, UpperFence = 2.852 ms
ConfidenceInterval = [2.630 ms; 2.737 ms] (CI 99.9%), Margin = 0.054 ms (2.00% of Mean)
Skewness = 0.65, Kurtosis = 2.21, MValue = 2.13

// ** Remained 10 (83,3%) benchmark(s) to run. Estimated finish 2025-05-02 12:15 (0h 3m from now) **
Setup power plan (GUID: 8c5e7fda-e8bf-4a96-9a85-a6e23a8c635c FriendlyName: Hoge prestaties)
// **************************
// Benchmark: PriceBenchmark.'SignalR CalculatePrice': DefaultJob [ConcurrentRequests=50]
// *** Execute ***
// Launch: 1 / 1
// Execute: dotnet d1c32135-65ea-490b-8039-31c9b25c8b97.dll --anonymousPipes 2156 2152 --benchmarkName "Webshop.Backend.Benchmarks.PriceBenchmark.SignalR_CalculatePrice(ConcurrentRequests: 50)" --job Default --benchmarkId 2 in C:\HoGent24-25\Bachelorproef\PoC\Bachelorproef\WebshopBachelorproef\Webshop.Backend.Benchmarks\bin\Release\net8.0\d1c32135-65ea-490b-8039-31c9b25c8b97\bin\Release\net8.0
// BeforeAnythingElse

// Benchmark Process Environment Information:
// BenchmarkDotNet v0.14.0
// Runtime=.NET 8.0.8 (8.0.824.36612), X64 RyuJIT AVX2
// GC=Concurrent Workstation
// HardwareIntrinsics=AVX2,AES,BMI1,BMI2,FMA,LZCNT,PCLMUL,POPCNT,AvxVnni,SERIALIZE VectorSize=256
// Job: DefaultJob

OverheadJitting  1: 1 op, 258000.00 ns, 258.0000 us/op
WorkloadJitting  1: 1 op, 354734900.00 ns, 354.7349 ms/op

OverheadJitting  2: 1 op, 700.00 ns, 700.0000 ns/op
WorkloadJitting  2: 1 op, 300160300.00 ns, 300.1603 ms/op

WorkloadPilot    1: 2 op, 575716400.00 ns, 287.8582 ms/op

WorkloadWarmup   1: 2 op, 564537700.00 ns, 282.2689 ms/op
WorkloadWarmup   2: 2 op, 547538400.00 ns, 273.7692 ms/op
WorkloadWarmup   3: 2 op, 560477500.00 ns, 280.2388 ms/op
WorkloadWarmup   4: 2 op, 542400900.00 ns, 271.2005 ms/op
WorkloadWarmup   5: 2 op, 554143300.00 ns, 277.0717 ms/op
WorkloadWarmup   6: 2 op, 538415000.00 ns, 269.2075 ms/op

// BeforeActualRun
WorkloadActual   1: 2 op, 541739600.00 ns, 270.8698 ms/op
WorkloadActual   2: 2 op, 545632900.00 ns, 272.8165 ms/op
WorkloadActual   3: 2 op, 592652400.00 ns, 296.3262 ms/op
WorkloadActual   4: 2 op, 538238700.00 ns, 269.1194 ms/op
WorkloadActual   5: 2 op, 536326000.00 ns, 268.1630 ms/op
WorkloadActual   6: 2 op, 533995800.00 ns, 266.9979 ms/op
WorkloadActual   7: 2 op, 528982400.00 ns, 264.4912 ms/op
WorkloadActual   8: 2 op, 535137600.00 ns, 267.5688 ms/op
WorkloadActual   9: 2 op, 536169500.00 ns, 268.0848 ms/op
WorkloadActual  10: 2 op, 526396600.00 ns, 263.1983 ms/op
WorkloadActual  11: 2 op, 552600100.00 ns, 276.3001 ms/op
WorkloadActual  12: 2 op, 548209900.00 ns, 274.1050 ms/op
WorkloadActual  13: 2 op, 548137100.00 ns, 274.0686 ms/op
WorkloadActual  14: 2 op, 523327100.00 ns, 261.6636 ms/op
WorkloadActual  15: 2 op, 521904500.00 ns, 260.9523 ms/op
WorkloadActual  16: 2 op, 516886600.00 ns, 258.4433 ms/op
WorkloadActual  17: 2 op, 521452000.00 ns, 260.7260 ms/op
WorkloadActual  18: 2 op, 525693400.00 ns, 262.8467 ms/op

// AfterActualRun
WorkloadResult   1: 2 op, 541739600.00 ns, 270.8698 ms/op
WorkloadResult   2: 2 op, 545632900.00 ns, 272.8165 ms/op
WorkloadResult   3: 2 op, 538238700.00 ns, 269.1194 ms/op
WorkloadResult   4: 2 op, 536326000.00 ns, 268.1630 ms/op
WorkloadResult   5: 2 op, 533995800.00 ns, 266.9979 ms/op
WorkloadResult   6: 2 op, 528982400.00 ns, 264.4912 ms/op
WorkloadResult   7: 2 op, 535137600.00 ns, 267.5688 ms/op
WorkloadResult   8: 2 op, 536169500.00 ns, 268.0848 ms/op
WorkloadResult   9: 2 op, 526396600.00 ns, 263.1983 ms/op
WorkloadResult  10: 2 op, 552600100.00 ns, 276.3001 ms/op
WorkloadResult  11: 2 op, 548209900.00 ns, 274.1050 ms/op
WorkloadResult  12: 2 op, 548137100.00 ns, 274.0686 ms/op
WorkloadResult  13: 2 op, 523327100.00 ns, 261.6636 ms/op
WorkloadResult  14: 2 op, 521904500.00 ns, 260.9523 ms/op
WorkloadResult  15: 2 op, 516886600.00 ns, 258.4433 ms/op
WorkloadResult  16: 2 op, 521452000.00 ns, 260.7260 ms/op
WorkloadResult  17: 2 op, 525693400.00 ns, 262.8467 ms/op
// GC:  0 0 0 355184 2
// Threading:  506 0 2
// Exceptions:  50

// AfterAll
// Benchmark Process 32072 has exited with code 0.

Mean = 267.083 ms, StdErr = 1.298 ms (0.49%), N = 17, StdDev = 5.354 ms
Min = 258.443 ms, Q1 = 262.847 ms, Median = 267.569 ms, Q3 = 270.870 ms, Max = 276.300 ms
IQR = 8.023 ms, LowerFence = 250.812 ms, UpperFence = 282.904 ms
ConfidenceInterval = [261.870 ms; 272.297 ms] (CI 99.9%), Margin = 5.213 ms (1.95% of Mean)
Skewness = 0.11, Kurtosis = 1.68, MValue = 2

// ** Remained 9 (75,0%) benchmark(s) to run. Estimated finish 2025-05-02 12:15 (0h 2m from now) **
Setup power plan (GUID: 8c5e7fda-e8bf-4a96-9a85-a6e23a8c635c FriendlyName: Hoge prestaties)
// **************************
// Benchmark: PriceBenchmark.'WebSocket CalculatePrice': DefaultJob [ConcurrentRequests=50]
// *** Execute ***
// Launch: 1 / 1
// Execute: dotnet d1c32135-65ea-490b-8039-31c9b25c8b97.dll --anonymousPipes 2496 2180 --benchmarkName "Webshop.Backend.Benchmarks.PriceBenchmark.WebSocket_CalculatePrice(ConcurrentRequests: 50)" --job Default --benchmarkId 3 in C:\HoGent24-25\Bachelorproef\PoC\Bachelorproef\WebshopBachelorproef\Webshop.Backend.Benchmarks\bin\Release\net8.0\d1c32135-65ea-490b-8039-31c9b25c8b97\bin\Release\net8.0
// BeforeAnythingElse

// Benchmark Process Environment Information:
// BenchmarkDotNet v0.14.0
// Runtime=.NET 8.0.8 (8.0.824.36612), X64 RyuJIT AVX2
// GC=Concurrent Workstation
// HardwareIntrinsics=AVX2,AES,BMI1,BMI2,FMA,LZCNT,PCLMUL,POPCNT,AvxVnni,SERIALIZE VectorSize=256
// Job: DefaultJob

OverheadJitting  1: 1 op, 230100.00 ns, 230.1000 us/op
WorkloadJitting  1: 1 op, 145439100.00 ns, 145.4391 ms/op

WorkloadPilot    1: 2 op, 121891100.00 ns, 60.9456 ms/op
WorkloadPilot    2: 3 op, 184855900.00 ns, 61.6186 ms/op
WorkloadPilot    3: 4 op, 254857800.00 ns, 63.7145 ms/op
WorkloadPilot    4: 5 op, 303561100.00 ns, 60.7122 ms/op
WorkloadPilot    5: 6 op, 373053500.00 ns, 62.1756 ms/op
WorkloadPilot    6: 7 op, 404691500.00 ns, 57.8131 ms/op
WorkloadPilot    7: 8 op, 458486900.00 ns, 57.3109 ms/op
WorkloadPilot    8: 9 op, 527652200.00 ns, 58.6280 ms/op

WorkloadWarmup   1: 9 op, 768301000.00 ns, 85.3668 ms/op
WorkloadWarmup   2: 9 op, 497987200.00 ns, 55.3319 ms/op
WorkloadWarmup   3: 9 op, 483281300.00 ns, 53.6979 ms/op
WorkloadWarmup   4: 9 op, 494971400.00 ns, 54.9968 ms/op
WorkloadWarmup   5: 9 op, 502193500.00 ns, 55.7993 ms/op
WorkloadWarmup   6: 9 op, 503883100.00 ns, 55.9870 ms/op
WorkloadWarmup   7: 9 op, 481791300.00 ns, 53.5324 ms/op
WorkloadWarmup   8: 9 op, 473691600.00 ns, 52.6324 ms/op
WorkloadWarmup   9: 9 op, 507538100.00 ns, 56.3931 ms/op
WorkloadWarmup  10: 9 op, 505040900.00 ns, 56.1157 ms/op

// BeforeActualRun
WorkloadActual   1: 9 op, 508709200.00 ns, 56.5232 ms/op
WorkloadActual   2: 9 op, 496491700.00 ns, 55.1657 ms/op
WorkloadActual   3: 9 op, 491896900.00 ns, 54.6552 ms/op
WorkloadActual   4: 9 op, 504037500.00 ns, 56.0042 ms/op
WorkloadActual   5: 9 op, 514421800.00 ns, 57.1580 ms/op
WorkloadActual   6: 9 op, 498457100.00 ns, 55.3841 ms/op
WorkloadActual   7: 9 op, 513768000.00 ns, 57.0853 ms/op
WorkloadActual   8: 9 op, 499534700.00 ns, 55.5039 ms/op
WorkloadActual   9: 9 op, 511163100.00 ns, 56.7959 ms/op
WorkloadActual  10: 9 op, 507528900.00 ns, 56.3921 ms/op
WorkloadActual  11: 9 op, 516762100.00 ns, 57.4180 ms/op
WorkloadActual  12: 9 op, 510500500.00 ns, 56.7223 ms/op
WorkloadActual  13: 9 op, 500875600.00 ns, 55.6528 ms/op
WorkloadActual  14: 9 op, 516433600.00 ns, 57.3815 ms/op
WorkloadActual  15: 9 op, 515835900.00 ns, 57.3151 ms/op

// AfterActualRun
WorkloadResult   1: 9 op, 508709200.00 ns, 56.5232 ms/op
WorkloadResult   2: 9 op, 496491700.00 ns, 55.1657 ms/op
WorkloadResult   3: 9 op, 491896900.00 ns, 54.6552 ms/op
WorkloadResult   4: 9 op, 504037500.00 ns, 56.0042 ms/op
WorkloadResult   5: 9 op, 514421800.00 ns, 57.1580 ms/op
WorkloadResult   6: 9 op, 498457100.00 ns, 55.3841 ms/op
WorkloadResult   7: 9 op, 513768000.00 ns, 57.0853 ms/op
WorkloadResult   8: 9 op, 499534700.00 ns, 55.5039 ms/op
WorkloadResult   9: 9 op, 511163100.00 ns, 56.7959 ms/op
WorkloadResult  10: 9 op, 507528900.00 ns, 56.3921 ms/op
WorkloadResult  11: 9 op, 516762100.00 ns, 57.4180 ms/op
WorkloadResult  12: 9 op, 510500500.00 ns, 56.7223 ms/op
WorkloadResult  13: 9 op, 500875600.00 ns, 55.6528 ms/op
WorkloadResult  14: 9 op, 516433600.00 ns, 57.3815 ms/op
WorkloadResult  15: 9 op, 515835900.00 ns, 57.3151 ms/op
// GC:  1 0 0 11476832 9
// Threading:  6996 0 9

// AfterAll
// Benchmark Process 22208 has exited with code 0.

Mean = 56.344 ms, StdErr = 0.231 ms (0.41%), N = 15, StdDev = 0.896 ms
Min = 54.655 ms, Q1 = 55.578 ms, Median = 56.523 ms, Q3 = 57.122 ms, Max = 57.418 ms
IQR = 1.543 ms, LowerFence = 53.263 ms, UpperFence = 59.437 ms
ConfidenceInterval = [55.386 ms; 57.301 ms] (CI 99.9%), Margin = 0.957 ms (1.70% of Mean)
Skewness = -0.36, Kurtosis = 1.64, MValue = 2

// ** Remained 8 (66,7%) benchmark(s) to run. Estimated finish 2025-05-02 12:15 (0h 2m from now) **
Setup power plan (GUID: 8c5e7fda-e8bf-4a96-9a85-a6e23a8c635c FriendlyName: Hoge prestaties)
// **************************
// Benchmark: PriceBenchmark.'REST CalculatePrice': DefaultJob [ConcurrentRequests=100]
// *** Execute ***
// Launch: 1 / 1
// Execute: dotnet d1c32135-65ea-490b-8039-31c9b25c8b97.dll --anonymousPipes 2156 2192 --benchmarkName "Webshop.Backend.Benchmarks.PriceBenchmark.Rest_CalculatePrice(ConcurrentRequests: 100)" --job Default --benchmarkId 4 in C:\HoGent24-25\Bachelorproef\PoC\Bachelorproef\WebshopBachelorproef\Webshop.Backend.Benchmarks\bin\Release\net8.0\d1c32135-65ea-490b-8039-31c9b25c8b97\bin\Release\net8.0
// BeforeAnythingElse

// Benchmark Process Environment Information:
// BenchmarkDotNet v0.14.0
// Runtime=.NET 8.0.8 (8.0.824.36612), X64 RyuJIT AVX2
// GC=Concurrent Workstation
// HardwareIntrinsics=AVX2,AES,BMI1,BMI2,FMA,LZCNT,PCLMUL,POPCNT,AvxVnni,SERIALIZE VectorSize=256
// Job: DefaultJob

OverheadJitting  1: 1 op, 269600.00 ns, 269.6000 us/op
WorkloadJitting  1: 1 op, 115604400.00 ns, 115.6044 ms/op

WorkloadPilot    1: 2 op, 15464000.00 ns, 7.7320 ms/op
WorkloadPilot    2: 3 op, 24718400.00 ns, 8.2395 ms/op
WorkloadPilot    3: 4 op, 31714700.00 ns, 7.9287 ms/op
WorkloadPilot    4: 5 op, 37132700.00 ns, 7.4265 ms/op
WorkloadPilot    5: 6 op, 52010100.00 ns, 8.6684 ms/op
WorkloadPilot    6: 7 op, 57893400.00 ns, 8.2705 ms/op
WorkloadPilot    7: 8 op, 64661900.00 ns, 8.0827 ms/op
WorkloadPilot    8: 9 op, 71583100.00 ns, 7.9537 ms/op
WorkloadPilot    9: 10 op, 80524900.00 ns, 8.0525 ms/op
WorkloadPilot   10: 11 op, 85040500.00 ns, 7.7310 ms/op
WorkloadPilot   11: 12 op, 96106200.00 ns, 8.0089 ms/op
WorkloadPilot   12: 13 op, 101377600.00 ns, 7.7983 ms/op
WorkloadPilot   13: 14 op, 109670900.00 ns, 7.8336 ms/op
WorkloadPilot   14: 15 op, 115567200.00 ns, 7.7045 ms/op
WorkloadPilot   15: 16 op, 120889500.00 ns, 7.5556 ms/op
WorkloadPilot   16: 32 op, 202783800.00 ns, 6.3370 ms/op
WorkloadPilot   17: 64 op, 313272300.00 ns, 4.8949 ms/op
WorkloadPilot   18: 128 op, 470377700.00 ns, 3.6748 ms/op
WorkloadPilot   19: 256 op, 857778500.00 ns, 3.3507 ms/op

WorkloadWarmup   1: 256 op, 850926200.00 ns, 3.3239 ms/op
WorkloadWarmup   2: 256 op, 851009800.00 ns, 3.3243 ms/op
WorkloadWarmup   3: 256 op, 851555400.00 ns, 3.3264 ms/op
WorkloadWarmup   4: 256 op, 844081000.00 ns, 3.2972 ms/op
WorkloadWarmup   5: 256 op, 843775600.00 ns, 3.2960 ms/op
WorkloadWarmup   6: 256 op, 858039300.00 ns, 3.3517 ms/op
WorkloadWarmup   7: 256 op, 852225000.00 ns, 3.3290 ms/op

// BeforeActualRun
WorkloadActual   1: 256 op, 848151000.00 ns, 3.3131 ms/op
WorkloadActual   2: 256 op, 874375200.00 ns, 3.4155 ms/op
WorkloadActual   3: 256 op, 848372600.00 ns, 3.3140 ms/op
WorkloadActual   4: 256 op, 865355700.00 ns, 3.3803 ms/op
WorkloadActual   5: 256 op, 871828300.00 ns, 3.4056 ms/op
WorkloadActual   6: 256 op, 862899400.00 ns, 3.3707 ms/op
WorkloadActual   7: 256 op, 847642700.00 ns, 3.3111 ms/op
WorkloadActual   8: 256 op, 876673100.00 ns, 3.4245 ms/op
WorkloadActual   9: 256 op, 869266400.00 ns, 3.3956 ms/op
WorkloadActual  10: 256 op, 846321700.00 ns, 3.3059 ms/op
WorkloadActual  11: 256 op, 848377800.00 ns, 3.3140 ms/op
WorkloadActual  12: 256 op, 851045300.00 ns, 3.3244 ms/op
WorkloadActual  13: 256 op, 844473100.00 ns, 3.2987 ms/op
WorkloadActual  14: 256 op, 862704800.00 ns, 3.3699 ms/op
WorkloadActual  15: 256 op, 839219500.00 ns, 3.2782 ms/op

// AfterActualRun
WorkloadResult   1: 256 op, 848151000.00 ns, 3.3131 ms/op
WorkloadResult   2: 256 op, 874375200.00 ns, 3.4155 ms/op
WorkloadResult   3: 256 op, 848372600.00 ns, 3.3140 ms/op
WorkloadResult   4: 256 op, 865355700.00 ns, 3.3803 ms/op
WorkloadResult   5: 256 op, 871828300.00 ns, 3.4056 ms/op
WorkloadResult   6: 256 op, 862899400.00 ns, 3.3707 ms/op
WorkloadResult   7: 256 op, 847642700.00 ns, 3.3111 ms/op
WorkloadResult   8: 256 op, 876673100.00 ns, 3.4245 ms/op
WorkloadResult   9: 256 op, 869266400.00 ns, 3.3956 ms/op
WorkloadResult  10: 256 op, 846321700.00 ns, 3.3059 ms/op
WorkloadResult  11: 256 op, 848377800.00 ns, 3.3140 ms/op
WorkloadResult  12: 256 op, 851045300.00 ns, 3.3244 ms/op
WorkloadResult  13: 256 op, 844473100.00 ns, 3.2987 ms/op
WorkloadResult  14: 256 op, 862704800.00 ns, 3.3699 ms/op
WorkloadResult  15: 256 op, 839219500.00 ns, 3.2782 ms/op
// GC:  7 0 0 89617664 256
// Threading:  73560 4 256

// AfterAll
// Benchmark Process 44024 has exited with code 0.

Mean = 3.348 ms, StdErr = 0.012 ms (0.37%), N = 15, StdDev = 0.048 ms
Min = 3.278 ms, Q1 = 3.312 ms, Median = 3.324 ms, Q3 = 3.388 ms, Max = 3.425 ms
IQR = 0.076 ms, LowerFence = 3.198 ms, UpperFence = 3.502 ms
ConfidenceInterval = [3.297 ms; 3.400 ms] (CI 99.9%), Margin = 0.052 ms (1.54% of Mean)
Skewness = 0.23, Kurtosis = 1.38, MValue = 2

// ** Remained 7 (58,3%) benchmark(s) to run. Estimated finish 2025-05-02 12:15 (0h 2m from now) **
Setup power plan (GUID: 8c5e7fda-e8bf-4a96-9a85-a6e23a8c635c FriendlyName: Hoge prestaties)
// **************************
// Benchmark: PriceBenchmark.'GraphQL CalculatePrice': DefaultJob [ConcurrentRequests=100]
// *** Execute ***
// Launch: 1 / 1
// Execute: dotnet d1c32135-65ea-490b-8039-31c9b25c8b97.dll --anonymousPipes 2064 2076 --benchmarkName "Webshop.Backend.Benchmarks.PriceBenchmark.GraphQL_CalculatePrice(ConcurrentRequests: 100)" --job Default --benchmarkId 5 in C:\HoGent24-25\Bachelorproef\PoC\Bachelorproef\WebshopBachelorproef\Webshop.Backend.Benchmarks\bin\Release\net8.0\d1c32135-65ea-490b-8039-31c9b25c8b97\bin\Release\net8.0
// BeforeAnythingElse

// Benchmark Process Environment Information:
// BenchmarkDotNet v0.14.0
// Runtime=.NET 8.0.8 (8.0.824.36612), X64 RyuJIT AVX2
// GC=Concurrent Workstation
// HardwareIntrinsics=AVX2,AES,BMI1,BMI2,FMA,LZCNT,PCLMUL,POPCNT,AvxVnni,SERIALIZE VectorSize=256
// Job: DefaultJob

OverheadJitting  1: 1 op, 290500.00 ns, 290.5000 us/op
WorkloadJitting  1: 1 op, 113392200.00 ns, 113.3922 ms/op

WorkloadPilot    1: 2 op, 21875700.00 ns, 10.9379 ms/op
WorkloadPilot    2: 3 op, 31767300.00 ns, 10.5891 ms/op
WorkloadPilot    3: 4 op, 40203200.00 ns, 10.0508 ms/op
WorkloadPilot    4: 5 op, 49282900.00 ns, 9.8566 ms/op
WorkloadPilot    5: 6 op, 60020800.00 ns, 10.0035 ms/op
WorkloadPilot    6: 7 op, 70207000.00 ns, 10.0296 ms/op
WorkloadPilot    7: 8 op, 81733500.00 ns, 10.2167 ms/op
WorkloadPilot    8: 9 op, 94096000.00 ns, 10.4551 ms/op
WorkloadPilot    9: 10 op, 106928500.00 ns, 10.6929 ms/op
WorkloadPilot   10: 11 op, 108403000.00 ns, 9.8548 ms/op
WorkloadPilot   11: 12 op, 115038000.00 ns, 9.5865 ms/op
WorkloadPilot   12: 13 op, 123354800.00 ns, 9.4888 ms/op
WorkloadPilot   13: 14 op, 136500400.00 ns, 9.7500 ms/op
WorkloadPilot   14: 15 op, 129827200.00 ns, 8.6551 ms/op
WorkloadPilot   15: 16 op, 114359500.00 ns, 7.1475 ms/op
WorkloadPilot   16: 32 op, 201487900.00 ns, 6.2965 ms/op
WorkloadPilot   17: 64 op, 563346000.00 ns, 8.8023 ms/op

WorkloadWarmup   1: 64 op, 313894400.00 ns, 4.9046 ms/op
WorkloadWarmup   2: 64 op, 316396000.00 ns, 4.9437 ms/op
WorkloadWarmup   3: 64 op, 315259300.00 ns, 4.9259 ms/op
WorkloadWarmup   4: 64 op, 313140500.00 ns, 4.8928 ms/op
WorkloadWarmup   5: 64 op, 318001100.00 ns, 4.9688 ms/op
WorkloadWarmup   6: 64 op, 312917500.00 ns, 4.8893 ms/op

// BeforeActualRun
WorkloadActual   1: 64 op, 309343400.00 ns, 4.8335 ms/op
WorkloadActual   2: 64 op, 313396900.00 ns, 4.8968 ms/op
WorkloadActual   3: 64 op, 354268000.00 ns, 5.5354 ms/op
WorkloadActual   4: 64 op, 330860900.00 ns, 5.1697 ms/op
WorkloadActual   5: 64 op, 311810900.00 ns, 4.8720 ms/op
WorkloadActual   6: 64 op, 313716200.00 ns, 4.9018 ms/op
WorkloadActual   7: 64 op, 316692100.00 ns, 4.9483 ms/op
WorkloadActual   8: 64 op, 320990200.00 ns, 5.0155 ms/op
WorkloadActual   9: 64 op, 311617800.00 ns, 4.8690 ms/op
WorkloadActual  10: 64 op, 315306200.00 ns, 4.9267 ms/op
WorkloadActual  11: 64 op, 316761300.00 ns, 4.9494 ms/op
WorkloadActual  12: 64 op, 324432700.00 ns, 5.0693 ms/op
WorkloadActual  13: 64 op, 310139200.00 ns, 4.8459 ms/op
WorkloadActual  14: 64 op, 323168400.00 ns, 5.0495 ms/op
WorkloadActual  15: 64 op, 322754600.00 ns, 5.0430 ms/op
WorkloadActual  16: 64 op, 309712700.00 ns, 4.8393 ms/op
WorkloadActual  17: 64 op, 335026900.00 ns, 5.2348 ms/op
WorkloadActual  18: 64 op, 313290200.00 ns, 4.8952 ms/op
WorkloadActual  19: 64 op, 310467300.00 ns, 4.8511 ms/op
WorkloadActual  20: 64 op, 317126800.00 ns, 4.9551 ms/op
WorkloadActual  21: 64 op, 312394400.00 ns, 4.8812 ms/op

// AfterActualRun
WorkloadResult   1: 64 op, 309343400.00 ns, 4.8335 ms/op
WorkloadResult   2: 64 op, 313396900.00 ns, 4.8968 ms/op
WorkloadResult   3: 64 op, 330860900.00 ns, 5.1697 ms/op
WorkloadResult   4: 64 op, 311810900.00 ns, 4.8720 ms/op
WorkloadResult   5: 64 op, 313716200.00 ns, 4.9018 ms/op
WorkloadResult   6: 64 op, 316692100.00 ns, 4.9483 ms/op
WorkloadResult   7: 64 op, 320990200.00 ns, 5.0155 ms/op
WorkloadResult   8: 64 op, 311617800.00 ns, 4.8690 ms/op
WorkloadResult   9: 64 op, 315306200.00 ns, 4.9267 ms/op
WorkloadResult  10: 64 op, 316761300.00 ns, 4.9494 ms/op
WorkloadResult  11: 64 op, 324432700.00 ns, 5.0693 ms/op
WorkloadResult  12: 64 op, 310139200.00 ns, 4.8459 ms/op
WorkloadResult  13: 64 op, 323168400.00 ns, 5.0495 ms/op
WorkloadResult  14: 64 op, 322754600.00 ns, 5.0430 ms/op
WorkloadResult  15: 64 op, 309712700.00 ns, 4.8393 ms/op
WorkloadResult  16: 64 op, 335026900.00 ns, 5.2348 ms/op
WorkloadResult  17: 64 op, 313290200.00 ns, 4.8952 ms/op
WorkloadResult  18: 64 op, 310467300.00 ns, 4.8511 ms/op
WorkloadResult  19: 64 op, 317126800.00 ns, 4.9551 ms/op
WorkloadResult  20: 64 op, 312394400.00 ns, 4.8812 ms/op
// GC:  2 0 0 25550832 64
// Threading:  17421 0 64

// AfterAll
// Benchmark Process 24712 has exited with code 0.

Mean = 4.952 ms, StdErr = 0.025 ms (0.51%), N = 20, StdDev = 0.112 ms
Min = 4.833 ms, Q1 = 4.871 ms, Median = 4.914 ms, Q3 = 5.022 ms, Max = 5.235 ms
IQR = 0.151 ms, LowerFence = 4.645 ms, UpperFence = 5.249 ms
ConfidenceInterval = [4.855 ms; 5.050 ms] (CI 99.9%), Margin = 0.097 ms (1.97% of Mean)
Skewness = 1.03, Kurtosis = 3.07, MValue = 2

// ** Remained 6 (50,0%) benchmark(s) to run. Estimated finish 2025-05-02 12:15 (0h 1m from now) **
Setup power plan (GUID: 8c5e7fda-e8bf-4a96-9a85-a6e23a8c635c FriendlyName: Hoge prestaties)
// **************************
// Benchmark: PriceBenchmark.'SignalR CalculatePrice': DefaultJob [ConcurrentRequests=100]
// *** Execute ***
// Launch: 1 / 1
// Execute: dotnet d1c32135-65ea-490b-8039-31c9b25c8b97.dll --anonymousPipes 2560 2556 --benchmarkName "Webshop.Backend.Benchmarks.PriceBenchmark.SignalR_CalculatePrice(ConcurrentRequests: 100)" --job Default --benchmarkId 6 in C:\HoGent24-25\Bachelorproef\PoC\Bachelorproef\WebshopBachelorproef\Webshop.Backend.Benchmarks\bin\Release\net8.0\d1c32135-65ea-490b-8039-31c9b25c8b97\bin\Release\net8.0
// BeforeAnythingElse

// Benchmark Process Environment Information:
// BenchmarkDotNet v0.14.0
// Runtime=.NET 8.0.8 (8.0.824.36612), X64 RyuJIT AVX2
// GC=Concurrent Workstation
// HardwareIntrinsics=AVX2,AES,BMI1,BMI2,FMA,LZCNT,PCLMUL,POPCNT,AvxVnni,SERIALIZE VectorSize=256
// Job: DefaultJob

OverheadJitting  1: 1 op, 235200.00 ns, 235.2000 us/op
WorkloadJitting  1: 1 op, 602628200.00 ns, 602.6282 ms/op

OverheadJitting  2: 1 op, 800.00 ns, 800.0000 ns/op
WorkloadJitting  2: 1 op, 550873200.00 ns, 550.8732 ms/op

WorkloadWarmup   1: 1 op, 579878100.00 ns, 579.8781 ms/op
WorkloadWarmup   2: 1 op, 567719700.00 ns, 567.7197 ms/op
WorkloadWarmup   3: 1 op, 568461000.00 ns, 568.4610 ms/op
WorkloadWarmup   4: 1 op, 569726100.00 ns, 569.7261 ms/op
WorkloadWarmup   5: 1 op, 595920600.00 ns, 595.9206 ms/op
WorkloadWarmup   6: 1 op, 564797600.00 ns, 564.7976 ms/op
WorkloadWarmup   7: 1 op, 574250700.00 ns, 574.2507 ms/op
WorkloadWarmup   8: 1 op, 573470700.00 ns, 573.4707 ms/op

// BeforeActualRun
WorkloadActual   1: 1 op, 572425600.00 ns, 572.4256 ms/op
WorkloadActual   2: 1 op, 576469500.00 ns, 576.4695 ms/op
WorkloadActual   3: 1 op, 582208900.00 ns, 582.2089 ms/op
WorkloadActual   4: 1 op, 576433300.00 ns, 576.4333 ms/op
WorkloadActual   5: 1 op, 574382300.00 ns, 574.3823 ms/op
WorkloadActual   6: 1 op, 582835700.00 ns, 582.8357 ms/op
WorkloadActual   7: 1 op, 550906200.00 ns, 550.9062 ms/op
WorkloadActual   8: 1 op, 560836300.00 ns, 560.8363 ms/op
WorkloadActual   9: 1 op, 545635300.00 ns, 545.6353 ms/op
WorkloadActual  10: 1 op, 552189400.00 ns, 552.1894 ms/op
WorkloadActual  11: 1 op, 565030300.00 ns, 565.0303 ms/op
WorkloadActual  12: 1 op, 557908500.00 ns, 557.9085 ms/op
WorkloadActual  13: 1 op, 560794400.00 ns, 560.7944 ms/op
WorkloadActual  14: 1 op, 557488600.00 ns, 557.4886 ms/op
WorkloadActual  15: 1 op, 553811100.00 ns, 553.8111 ms/op
WorkloadActual  16: 1 op, 551718300.00 ns, 551.7183 ms/op
WorkloadActual  17: 1 op, 574679500.00 ns, 574.6795 ms/op
WorkloadActual  18: 1 op, 576913300.00 ns, 576.9133 ms/op

// AfterActualRun
WorkloadResult   1: 1 op, 572425600.00 ns, 572.4256 ms/op
WorkloadResult   2: 1 op, 576469500.00 ns, 576.4695 ms/op
WorkloadResult   3: 1 op, 582208900.00 ns, 582.2089 ms/op
WorkloadResult   4: 1 op, 576433300.00 ns, 576.4333 ms/op
WorkloadResult   5: 1 op, 574382300.00 ns, 574.3823 ms/op
WorkloadResult   6: 1 op, 582835700.00 ns, 582.8357 ms/op
WorkloadResult   7: 1 op, 550906200.00 ns, 550.9062 ms/op
WorkloadResult   8: 1 op, 560836300.00 ns, 560.8363 ms/op
WorkloadResult   9: 1 op, 545635300.00 ns, 545.6353 ms/op
WorkloadResult  10: 1 op, 552189400.00 ns, 552.1894 ms/op
WorkloadResult  11: 1 op, 565030300.00 ns, 565.0303 ms/op
WorkloadResult  12: 1 op, 557908500.00 ns, 557.9085 ms/op
WorkloadResult  13: 1 op, 560794400.00 ns, 560.7944 ms/op
WorkloadResult  14: 1 op, 557488600.00 ns, 557.4886 ms/op
WorkloadResult  15: 1 op, 553811100.00 ns, 553.8111 ms/op
WorkloadResult  16: 1 op, 551718300.00 ns, 551.7183 ms/op
WorkloadResult  17: 1 op, 574679500.00 ns, 574.6795 ms/op
WorkloadResult  18: 1 op, 576913300.00 ns, 576.9133 ms/op
// GC:  0 0 0 360848 1
// Threading:  501 0 1
// Exceptions:  100

// AfterAll
// Benchmark Process 28256 has exited with code 0.

Mean = 565.148 ms, StdErr = 2.821 ms (0.50%), N = 18, StdDev = 11.971 ms
Min = 545.635 ms, Q1 = 554.730 ms, Median = 562.933 ms, Q3 = 575.995 ms, Max = 582.836 ms
IQR = 21.264 ms, LowerFence = 522.834 ms, UpperFence = 607.891 ms
ConfidenceInterval = [553.961 ms; 576.336 ms] (CI 99.9%), Margin = 11.188 ms (1.98% of Mean)
Skewness = -0.01, Kurtosis = 1.42, MValue = 2

// ** Remained 5 (41,7%) benchmark(s) to run. Estimated finish 2025-05-02 12:15 (0h 1m from now) **
Setup power plan (GUID: 8c5e7fda-e8bf-4a96-9a85-a6e23a8c635c FriendlyName: Hoge prestaties)
// **************************
// Benchmark: PriceBenchmark.'WebSocket CalculatePrice': DefaultJob [ConcurrentRequests=100]
// *** Execute ***
// Launch: 1 / 1
// Execute: dotnet d1c32135-65ea-490b-8039-31c9b25c8b97.dll --anonymousPipes 2624 2040 --benchmarkName "Webshop.Backend.Benchmarks.PriceBenchmark.WebSocket_CalculatePrice(ConcurrentRequests: 100)" --job Default --benchmarkId 7 in C:\HoGent24-25\Bachelorproef\PoC\Bachelorproef\WebshopBachelorproef\Webshop.Backend.Benchmarks\bin\Release\net8.0\d1c32135-65ea-490b-8039-31c9b25c8b97\bin\Release\net8.0
// BeforeAnythingElse

// Benchmark Process Environment Information:
// BenchmarkDotNet v0.14.0
// Runtime=.NET 8.0.8 (8.0.824.36612), X64 RyuJIT AVX2
// GC=Concurrent Workstation
// HardwareIntrinsics=AVX2,AES,BMI1,BMI2,FMA,LZCNT,PCLMUL,POPCNT,AvxVnni,SERIALIZE VectorSize=256
// Job: DefaultJob

OverheadJitting  1: 1 op, 233400.00 ns, 233.4000 us/op
WorkloadJitting  1: 1 op, 200900000.00 ns, 200.9000 ms/op

WorkloadPilot    1: 2 op, 217046400.00 ns, 108.5232 ms/op
WorkloadPilot    2: 3 op, 313873300.00 ns, 104.6244 ms/op
WorkloadPilot    3: 4 op, 433279700.00 ns, 108.3199 ms/op
WorkloadPilot    4: 5 op, 559211400.00 ns, 111.8423 ms/op

WorkloadWarmup   1: 5 op, 557880300.00 ns, 111.5761 ms/op
WorkloadWarmup   2: 5 op, 522630400.00 ns, 104.5261 ms/op
WorkloadWarmup   3: 5 op, 533268600.00 ns, 106.6537 ms/op
WorkloadWarmup   4: 5 op, 548373000.00 ns, 109.6746 ms/op
WorkloadWarmup   5: 5 op, 530113200.00 ns, 106.0226 ms/op
WorkloadWarmup   6: 5 op, 517100300.00 ns, 103.4201 ms/op
WorkloadWarmup   7: 5 op, 514943400.00 ns, 102.9887 ms/op
WorkloadWarmup   8: 5 op, 508740800.00 ns, 101.7482 ms/op
WorkloadWarmup   9: 5 op, 522345900.00 ns, 104.4692 ms/op
WorkloadWarmup  10: 5 op, 520852400.00 ns, 104.1705 ms/op

// BeforeActualRun
WorkloadActual   1: 5 op, 497142800.00 ns, 99.4286 ms/op
WorkloadActual   2: 5 op, 551209700.00 ns, 110.2419 ms/op
WorkloadActual   3: 5 op, 540917700.00 ns, 108.1835 ms/op
WorkloadActual   4: 5 op, 533625100.00 ns, 106.7250 ms/op
WorkloadActual   5: 5 op, 532974700.00 ns, 106.5949 ms/op
WorkloadActual   6: 5 op, 531985700.00 ns, 106.3971 ms/op
WorkloadActual   7: 5 op, 512133800.00 ns, 102.4268 ms/op
WorkloadActual   8: 5 op, 543157300.00 ns, 108.6315 ms/op
WorkloadActual   9: 5 op, 545816200.00 ns, 109.1632 ms/op
WorkloadActual  10: 5 op, 518621800.00 ns, 103.7244 ms/op
WorkloadActual  11: 5 op, 540863100.00 ns, 108.1726 ms/op
WorkloadActual  12: 5 op, 525276300.00 ns, 105.0553 ms/op
WorkloadActual  13: 5 op, 544263100.00 ns, 108.8526 ms/op
WorkloadActual  14: 5 op, 529732700.00 ns, 105.9465 ms/op
WorkloadActual  15: 5 op, 543393400.00 ns, 108.6787 ms/op
WorkloadActual  16: 5 op, 549354900.00 ns, 109.8710 ms/op
WorkloadActual  17: 5 op, 535042400.00 ns, 107.0085 ms/op
WorkloadActual  18: 5 op, 541555700.00 ns, 108.3111 ms/op
WorkloadActual  19: 5 op, 520510700.00 ns, 104.1021 ms/op
WorkloadActual  20: 5 op, 536408500.00 ns, 107.2817 ms/op
WorkloadActual  21: 5 op, 527205300.00 ns, 105.4411 ms/op
WorkloadActual  22: 5 op, 533942400.00 ns, 106.7885 ms/op

// AfterActualRun
WorkloadResult   1: 5 op, 497142800.00 ns, 99.4286 ms/op
WorkloadResult   2: 5 op, 551209700.00 ns, 110.2419 ms/op
WorkloadResult   3: 5 op, 540917700.00 ns, 108.1835 ms/op
WorkloadResult   4: 5 op, 533625100.00 ns, 106.7250 ms/op
WorkloadResult   5: 5 op, 532974700.00 ns, 106.5949 ms/op
WorkloadResult   6: 5 op, 531985700.00 ns, 106.3971 ms/op
WorkloadResult   7: 5 op, 512133800.00 ns, 102.4268 ms/op
WorkloadResult   8: 5 op, 543157300.00 ns, 108.6315 ms/op
WorkloadResult   9: 5 op, 545816200.00 ns, 109.1632 ms/op
WorkloadResult  10: 5 op, 518621800.00 ns, 103.7244 ms/op
WorkloadResult  11: 5 op, 540863100.00 ns, 108.1726 ms/op
WorkloadResult  12: 5 op, 525276300.00 ns, 105.0553 ms/op
WorkloadResult  13: 5 op, 544263100.00 ns, 108.8526 ms/op
WorkloadResult  14: 5 op, 529732700.00 ns, 105.9465 ms/op
WorkloadResult  15: 5 op, 543393400.00 ns, 108.6787 ms/op
WorkloadResult  16: 5 op, 549354900.00 ns, 109.8710 ms/op
WorkloadResult  17: 5 op, 535042400.00 ns, 107.0085 ms/op
WorkloadResult  18: 5 op, 541555700.00 ns, 108.3111 ms/op
WorkloadResult  19: 5 op, 520510700.00 ns, 104.1021 ms/op
WorkloadResult  20: 5 op, 536408500.00 ns, 107.2817 ms/op
WorkloadResult  21: 5 op, 527205300.00 ns, 105.4411 ms/op
WorkloadResult  22: 5 op, 533942400.00 ns, 106.7885 ms/op
// GC:  1 0 0 12644224 5
// Threading:  7672 0 5

// AfterAll
// Benchmark Process 33244 has exited with code 0.

Mean = 106.683 ms, StdErr = 0.551 ms (0.52%), N = 22, StdDev = 2.582 ms
Min = 99.429 ms, Q1 = 105.567 ms, Median = 106.898 ms, Q3 = 108.551 ms, Max = 110.242 ms
IQR = 2.984 ms, LowerFence = 101.092 ms, UpperFence = 113.027 ms
ConfidenceInterval = [104.580 ms; 108.786 ms] (CI 99.9%), Margin = 2.103 ms (1.97% of Mean)
Skewness = -1, Kurtosis = 3.68, MValue = 2

// ** Remained 4 (33,3%) benchmark(s) to run. Estimated finish 2025-05-02 12:15 (0h 1m from now) **
Setup power plan (GUID: 8c5e7fda-e8bf-4a96-9a85-a6e23a8c635c FriendlyName: Hoge prestaties)
// **************************
// Benchmark: PriceBenchmark.'REST CalculatePrice': DefaultJob [ConcurrentRequests=200]
// *** Execute ***
// Launch: 1 / 1
// Execute: dotnet d1c32135-65ea-490b-8039-31c9b25c8b97.dll --anonymousPipes 2636 2628 --benchmarkName "Webshop.Backend.Benchmarks.PriceBenchmark.Rest_CalculatePrice(ConcurrentRequests: 200)" --job Default --benchmarkId 8 in C:\HoGent24-25\Bachelorproef\PoC\Bachelorproef\WebshopBachelorproef\Webshop.Backend.Benchmarks\bin\Release\net8.0\d1c32135-65ea-490b-8039-31c9b25c8b97\bin\Release\net8.0
// BeforeAnythingElse

// Benchmark Process Environment Information:
// BenchmarkDotNet v0.14.0
// Runtime=.NET 8.0.8 (8.0.824.36612), X64 RyuJIT AVX2
// GC=Concurrent Workstation
// HardwareIntrinsics=AVX2,AES,BMI1,BMI2,FMA,LZCNT,PCLMUL,POPCNT,AvxVnni,SERIALIZE VectorSize=256
// Job: DefaultJob

OverheadJitting  1: 1 op, 248900.00 ns, 248.9000 us/op
WorkloadJitting  1: 1 op, 153451300.00 ns, 153.4513 ms/op

WorkloadPilot    1: 2 op, 37046800.00 ns, 18.5234 ms/op
WorkloadPilot    2: 3 op, 46319100.00 ns, 15.4397 ms/op
WorkloadPilot    3: 4 op, 61103500.00 ns, 15.2759 ms/op
WorkloadPilot    4: 5 op, 75719500.00 ns, 15.1439 ms/op
WorkloadPilot    5: 6 op, 91071400.00 ns, 15.1786 ms/op
WorkloadPilot    6: 7 op, 109440200.00 ns, 15.6343 ms/op
WorkloadPilot    7: 8 op, 121154500.00 ns, 15.1443 ms/op
WorkloadPilot    8: 9 op, 140057700.00 ns, 15.5620 ms/op
WorkloadPilot    9: 10 op, 144155400.00 ns, 14.4155 ms/op
WorkloadPilot   10: 11 op, 162141700.00 ns, 14.7402 ms/op
WorkloadPilot   11: 12 op, 173276300.00 ns, 14.4397 ms/op
WorkloadPilot   12: 13 op, 179862500.00 ns, 13.8356 ms/op
WorkloadPilot   13: 14 op, 159247200.00 ns, 11.3748 ms/op
WorkloadPilot   14: 15 op, 144568900.00 ns, 9.6379 ms/op
WorkloadPilot   15: 16 op, 136287000.00 ns, 8.5179 ms/op
WorkloadPilot   16: 32 op, 254399900.00 ns, 7.9500 ms/op
WorkloadPilot   17: 64 op, 414792300.00 ns, 6.4811 ms/op
WorkloadPilot   18: 128 op, 828767500.00 ns, 6.4747 ms/op

WorkloadWarmup   1: 128 op, 827398500.00 ns, 6.4641 ms/op
WorkloadWarmup   2: 128 op, 812640400.00 ns, 6.3488 ms/op
WorkloadWarmup   3: 128 op, 821310100.00 ns, 6.4165 ms/op
WorkloadWarmup   4: 128 op, 822859600.00 ns, 6.4286 ms/op
WorkloadWarmup   5: 128 op, 825291600.00 ns, 6.4476 ms/op
WorkloadWarmup   6: 128 op, 817549700.00 ns, 6.3871 ms/op
WorkloadWarmup   7: 128 op, 852027300.00 ns, 6.6565 ms/op
WorkloadWarmup   8: 128 op, 850825500.00 ns, 6.6471 ms/op

// BeforeActualRun
WorkloadActual   1: 128 op, 819832200.00 ns, 6.4049 ms/op
WorkloadActual   2: 128 op, 815504900.00 ns, 6.3711 ms/op
WorkloadActual   3: 128 op, 817171000.00 ns, 6.3841 ms/op
WorkloadActual   4: 128 op, 817882700.00 ns, 6.3897 ms/op
WorkloadActual   5: 128 op, 841813100.00 ns, 6.5767 ms/op
WorkloadActual   6: 128 op, 824324600.00 ns, 6.4400 ms/op
WorkloadActual   7: 128 op, 823588500.00 ns, 6.4343 ms/op
WorkloadActual   8: 128 op, 840713600.00 ns, 6.5681 ms/op
WorkloadActual   9: 128 op, 830159900.00 ns, 6.4856 ms/op
WorkloadActual  10: 128 op, 826174500.00 ns, 6.4545 ms/op
WorkloadActual  11: 128 op, 841160100.00 ns, 6.5716 ms/op
WorkloadActual  12: 128 op, 831089900.00 ns, 6.4929 ms/op
WorkloadActual  13: 128 op, 847950800.00 ns, 6.6246 ms/op
WorkloadActual  14: 128 op, 829079500.00 ns, 6.4772 ms/op
WorkloadActual  15: 128 op, 822971700.00 ns, 6.4295 ms/op

// AfterActualRun
WorkloadResult   1: 128 op, 819832200.00 ns, 6.4049 ms/op
WorkloadResult   2: 128 op, 815504900.00 ns, 6.3711 ms/op
WorkloadResult   3: 128 op, 817171000.00 ns, 6.3841 ms/op
WorkloadResult   4: 128 op, 817882700.00 ns, 6.3897 ms/op
WorkloadResult   5: 128 op, 841813100.00 ns, 6.5767 ms/op
WorkloadResult   6: 128 op, 824324600.00 ns, 6.4400 ms/op
WorkloadResult   7: 128 op, 823588500.00 ns, 6.4343 ms/op
WorkloadResult   8: 128 op, 840713600.00 ns, 6.5681 ms/op
WorkloadResult   9: 128 op, 830159900.00 ns, 6.4856 ms/op
WorkloadResult  10: 128 op, 826174500.00 ns, 6.4545 ms/op
WorkloadResult  11: 128 op, 841160100.00 ns, 6.5716 ms/op
WorkloadResult  12: 128 op, 831089900.00 ns, 6.4929 ms/op
WorkloadResult  13: 128 op, 847950800.00 ns, 6.6246 ms/op
WorkloadResult  14: 128 op, 829079500.00 ns, 6.4772 ms/op
WorkloadResult  15: 128 op, 822971700.00 ns, 6.4295 ms/op
// GC:  7 0 0 89563848 128
// Threading:  73983 0 128

// AfterAll
// Benchmark Process 24692 has exited with code 0.

Mean = 6.474 ms, StdErr = 0.020 ms (0.32%), N = 15, StdDev = 0.079 ms
Min = 6.371 ms, Q1 = 6.417 ms, Median = 6.454 ms, Q3 = 6.530 ms, Max = 6.625 ms
IQR = 0.113 ms, LowerFence = 6.247 ms, UpperFence = 6.700 ms
ConfidenceInterval = [6.389 ms; 6.558 ms] (CI 99.9%), Margin = 0.085 ms (1.31% of Mean)
Skewness = 0.46, Kurtosis = 1.8, MValue = 2

// ** Remained 3 (25,0%) benchmark(s) to run. Estimated finish 2025-05-02 12:15 (0h 0m from now) **
Setup power plan (GUID: 8c5e7fda-e8bf-4a96-9a85-a6e23a8c635c FriendlyName: Hoge prestaties)
// **************************
// Benchmark: PriceBenchmark.'GraphQL CalculatePrice': DefaultJob [ConcurrentRequests=200]
// *** Execute ***
// Launch: 1 / 1
// Execute: dotnet d1c32135-65ea-490b-8039-31c9b25c8b97.dll --anonymousPipes 1384 2604 --benchmarkName "Webshop.Backend.Benchmarks.PriceBenchmark.GraphQL_CalculatePrice(ConcurrentRequests: 200)" --job Default --benchmarkId 9 in C:\HoGent24-25\Bachelorproef\PoC\Bachelorproef\WebshopBachelorproef\Webshop.Backend.Benchmarks\bin\Release\net8.0\d1c32135-65ea-490b-8039-31c9b25c8b97\bin\Release\net8.0
// BeforeAnythingElse

// Benchmark Process Environment Information:
// BenchmarkDotNet v0.14.0
// Runtime=.NET 8.0.8 (8.0.824.36612), X64 RyuJIT AVX2
// GC=Concurrent Workstation
// HardwareIntrinsics=AVX2,AES,BMI1,BMI2,FMA,LZCNT,PCLMUL,POPCNT,AvxVnni,SERIALIZE VectorSize=256
// Job: DefaultJob

OverheadJitting  1: 1 op, 246900.00 ns, 246.9000 us/op
WorkloadJitting  1: 1 op, 168697100.00 ns, 168.6971 ms/op

WorkloadPilot    1: 2 op, 39237700.00 ns, 19.6189 ms/op
WorkloadPilot    2: 3 op, 59331000.00 ns, 19.7770 ms/op
WorkloadPilot    3: 4 op, 77260600.00 ns, 19.3152 ms/op
WorkloadPilot    4: 5 op, 100953900.00 ns, 20.1908 ms/op
WorkloadPilot    5: 6 op, 123427900.00 ns, 20.5713 ms/op
WorkloadPilot    6: 7 op, 137221000.00 ns, 19.6030 ms/op
WorkloadPilot    7: 8 op, 162151900.00 ns, 20.2690 ms/op
WorkloadPilot    8: 9 op, 176773300.00 ns, 19.6415 ms/op
WorkloadPilot    9: 10 op, 199028600.00 ns, 19.9029 ms/op
WorkloadPilot   10: 11 op, 213250200.00 ns, 19.3864 ms/op
WorkloadPilot   11: 12 op, 175885500.00 ns, 14.6571 ms/op
WorkloadPilot   12: 13 op, 156938500.00 ns, 12.0722 ms/op
WorkloadPilot   13: 14 op, 356238800.00 ns, 25.4456 ms/op
WorkloadPilot   14: 15 op, 142445400.00 ns, 9.4964 ms/op
WorkloadPilot   15: 16 op, 160394600.00 ns, 10.0247 ms/op
WorkloadPilot   16: 32 op, 300760600.00 ns, 9.3988 ms/op
WorkloadPilot   17: 64 op, 644678500.00 ns, 10.0731 ms/op

WorkloadWarmup   1: 64 op, 600480400.00 ns, 9.3825 ms/op
WorkloadWarmup   2: 64 op, 599400600.00 ns, 9.3656 ms/op
WorkloadWarmup   3: 64 op, 612894100.00 ns, 9.5765 ms/op
WorkloadWarmup   4: 64 op, 598653800.00 ns, 9.3540 ms/op
WorkloadWarmup   5: 64 op, 595900000.00 ns, 9.3109 ms/op
WorkloadWarmup   6: 64 op, 622762500.00 ns, 9.7307 ms/op
WorkloadWarmup   7: 64 op, 600857900.00 ns, 9.3884 ms/op

// BeforeActualRun
WorkloadActual   1: 64 op, 597495600.00 ns, 9.3359 ms/op
WorkloadActual   2: 64 op, 632973000.00 ns, 9.8902 ms/op
WorkloadActual   3: 64 op, 610369500.00 ns, 9.5370 ms/op
WorkloadActual   4: 64 op, 631549300.00 ns, 9.8680 ms/op
WorkloadActual   5: 64 op, 636600100.00 ns, 9.9469 ms/op
WorkloadActual   6: 64 op, 605659600.00 ns, 9.4634 ms/op
WorkloadActual   7: 64 op, 604448600.00 ns, 9.4445 ms/op
WorkloadActual   8: 64 op, 608229300.00 ns, 9.5036 ms/op
WorkloadActual   9: 64 op, 618614600.00 ns, 9.6659 ms/op
WorkloadActual  10: 64 op, 615750600.00 ns, 9.6211 ms/op
WorkloadActual  11: 64 op, 606565400.00 ns, 9.4776 ms/op
WorkloadActual  12: 64 op, 597499700.00 ns, 9.3359 ms/op
WorkloadActual  13: 64 op, 611486800.00 ns, 9.5545 ms/op
WorkloadActual  14: 64 op, 598538300.00 ns, 9.3522 ms/op
WorkloadActual  15: 64 op, 627779500.00 ns, 9.8091 ms/op
WorkloadActual  16: 64 op, 618458900.00 ns, 9.6634 ms/op
WorkloadActual  17: 64 op, 608011000.00 ns, 9.5002 ms/op

// AfterActualRun
WorkloadResult   1: 64 op, 597495600.00 ns, 9.3359 ms/op
WorkloadResult   2: 64 op, 632973000.00 ns, 9.8902 ms/op
WorkloadResult   3: 64 op, 610369500.00 ns, 9.5370 ms/op
WorkloadResult   4: 64 op, 631549300.00 ns, 9.8680 ms/op
WorkloadResult   5: 64 op, 636600100.00 ns, 9.9469 ms/op
WorkloadResult   6: 64 op, 605659600.00 ns, 9.4634 ms/op
WorkloadResult   7: 64 op, 604448600.00 ns, 9.4445 ms/op
WorkloadResult   8: 64 op, 608229300.00 ns, 9.5036 ms/op
WorkloadResult   9: 64 op, 618614600.00 ns, 9.6659 ms/op
WorkloadResult  10: 64 op, 615750600.00 ns, 9.6211 ms/op
WorkloadResult  11: 64 op, 606565400.00 ns, 9.4776 ms/op
WorkloadResult  12: 64 op, 597499700.00 ns, 9.3359 ms/op
WorkloadResult  13: 64 op, 611486800.00 ns, 9.5545 ms/op
WorkloadResult  14: 64 op, 598538300.00 ns, 9.3522 ms/op
WorkloadResult  15: 64 op, 627779500.00 ns, 9.8091 ms/op
WorkloadResult  16: 64 op, 618458900.00 ns, 9.6634 ms/op
WorkloadResult  17: 64 op, 608011000.00 ns, 9.5002 ms/op
// GC:  4 1 0 51024032 64
// Threading:  35495 5 64

// AfterAll
// Benchmark Process 31732 has exited with code 0.

Mean = 9.586 ms, StdErr = 0.047 ms (0.49%), N = 17, StdDev = 0.195 ms
Min = 9.336 ms, Q1 = 9.463 ms, Median = 9.537 ms, Q3 = 9.666 ms, Max = 9.947 ms
IQR = 0.202 ms, LowerFence = 9.160 ms, UpperFence = 9.969 ms
ConfidenceInterval = [9.396 ms; 9.777 ms] (CI 99.9%), Margin = 0.190 ms (1.98% of Mean)
Skewness = 0.45, Kurtosis = 1.86, MValue = 2

// ** Remained 2 (16,7%) benchmark(s) to run. Estimated finish 2025-05-02 12:15 (0h 0m from now) **
Setup power plan (GUID: 8c5e7fda-e8bf-4a96-9a85-a6e23a8c635c FriendlyName: Hoge prestaties)
// **************************
// Benchmark: PriceBenchmark.'SignalR CalculatePrice': DefaultJob [ConcurrentRequests=200]
// *** Execute ***
// Launch: 1 / 1
// Execute: dotnet d1c32135-65ea-490b-8039-31c9b25c8b97.dll --anonymousPipes 2052 2160 --benchmarkName "Webshop.Backend.Benchmarks.PriceBenchmark.SignalR_CalculatePrice(ConcurrentRequests: 200)" --job Default --benchmarkId 10 in C:\HoGent24-25\Bachelorproef\PoC\Bachelorproef\WebshopBachelorproef\Webshop.Backend.Benchmarks\bin\Release\net8.0\d1c32135-65ea-490b-8039-31c9b25c8b97\bin\Release\net8.0
// BeforeAnythingElse

// Benchmark Process Environment Information:
// BenchmarkDotNet v0.14.0
// Runtime=.NET 8.0.8 (8.0.824.36612), X64 RyuJIT AVX2
// GC=Concurrent Workstation
// HardwareIntrinsics=AVX2,AES,BMI1,BMI2,FMA,LZCNT,PCLMUL,POPCNT,AvxVnni,SERIALIZE VectorSize=256
// Job: DefaultJob

OverheadJitting  1: 1 op, 251700.00 ns, 251.7000 us/op
WorkloadJitting  1: 1 op, 1236735700.00 ns, 1.2367 s/op

OverheadJitting  2: 1 op, 600.00 ns, 600.0000 ns/op
WorkloadJitting  2: 1 op, 1146119000.00 ns, 1.1461 s/op

WorkloadWarmup   1: 1 op, 1169901800.00 ns, 1.1699 s/op
WorkloadWarmup   2: 1 op, 1173924300.00 ns, 1.1739 s/op
WorkloadWarmup   3: 1 op, 1177688700.00 ns, 1.1777 s/op
WorkloadWarmup   4: 1 op, 1204746200.00 ns, 1.2047 s/op
WorkloadWarmup   5: 1 op, 1159138100.00 ns, 1.1591 s/op
WorkloadWarmup   6: 1 op, 1166314300.00 ns, 1.1663 s/op
WorkloadWarmup   7: 1 op, 1199145400.00 ns, 1.1991 s/op
WorkloadWarmup   8: 1 op, 1117617500.00 ns, 1.1176 s/op

// BeforeActualRun
WorkloadActual   1: 1 op, 1134256900.00 ns, 1.1343 s/op
WorkloadActual   2: 1 op, 1141518600.00 ns, 1.1415 s/op
WorkloadActual   3: 1 op, 1134947800.00 ns, 1.1349 s/op
WorkloadActual   4: 1 op, 1194591600.00 ns, 1.1946 s/op
WorkloadActual   5: 1 op, 1185552200.00 ns, 1.1856 s/op
WorkloadActual   6: 1 op, 1212015300.00 ns, 1.2120 s/op
WorkloadActual   7: 1 op, 1154951800.00 ns, 1.1550 s/op
WorkloadActual   8: 1 op, 1140949700.00 ns, 1.1409 s/op
WorkloadActual   9: 1 op, 1201781700.00 ns, 1.2018 s/op
WorkloadActual  10: 1 op, 1221020600.00 ns, 1.2210 s/op
WorkloadActual  11: 1 op, 1155340900.00 ns, 1.1553 s/op
WorkloadActual  12: 1 op, 1142534600.00 ns, 1.1425 s/op
WorkloadActual  13: 1 op, 1180120100.00 ns, 1.1801 s/op
WorkloadActual  14: 1 op, 1163367400.00 ns, 1.1634 s/op
WorkloadActual  15: 1 op, 1170037300.00 ns, 1.1700 s/op
WorkloadActual  16: 1 op, 1179932400.00 ns, 1.1799 s/op
WorkloadActual  17: 1 op, 1163456000.00 ns, 1.1635 s/op
WorkloadActual  18: 1 op, 1165413300.00 ns, 1.1654 s/op
WorkloadActual  19: 1 op, 1174232800.00 ns, 1.1742 s/op

// AfterActualRun
WorkloadResult   1: 1 op, 1134256900.00 ns, 1.1343 s/op
WorkloadResult   2: 1 op, 1141518600.00 ns, 1.1415 s/op
WorkloadResult   3: 1 op, 1134947800.00 ns, 1.1349 s/op
WorkloadResult   4: 1 op, 1194591600.00 ns, 1.1946 s/op
WorkloadResult   5: 1 op, 1185552200.00 ns, 1.1856 s/op
WorkloadResult   6: 1 op, 1212015300.00 ns, 1.2120 s/op
WorkloadResult   7: 1 op, 1154951800.00 ns, 1.1550 s/op
WorkloadResult   8: 1 op, 1140949700.00 ns, 1.1409 s/op
WorkloadResult   9: 1 op, 1201781700.00 ns, 1.2018 s/op
WorkloadResult  10: 1 op, 1221020600.00 ns, 1.2210 s/op
WorkloadResult  11: 1 op, 1155340900.00 ns, 1.1553 s/op
WorkloadResult  12: 1 op, 1142534600.00 ns, 1.1425 s/op
WorkloadResult  13: 1 op, 1180120100.00 ns, 1.1801 s/op
WorkloadResult  14: 1 op, 1163367400.00 ns, 1.1634 s/op
WorkloadResult  15: 1 op, 1170037300.00 ns, 1.1700 s/op
WorkloadResult  16: 1 op, 1179932400.00 ns, 1.1799 s/op
WorkloadResult  17: 1 op, 1163456000.00 ns, 1.1635 s/op
WorkloadResult  18: 1 op, 1165413300.00 ns, 1.1654 s/op
WorkloadResult  19: 1 op, 1174232800.00 ns, 1.1742 s/op
// GC:  0 0 0 680496 1
// Threading:  1007 0 1
// Exceptions:  200

// AfterAll
// Benchmark Process 24156 has exited with code 0.

Mean = 1.169 s, StdErr = 0.006 s (0.50%), N = 19, StdDev = 0.026 s
Min = 1.134 s, Q1 = 1.149 s, Median = 1.165 s, Q3 = 1.183 s, Max = 1.221 s
IQR = 0.034 s, LowerFence = 1.098 s, UpperFence = 1.234 s
ConfidenceInterval = [1.146 s; 1.192 s] (CI 99.9%), Margin = 0.023 s (1.98% of Mean)
Skewness = 0.38, Kurtosis = 2.03, MValue = 2

// ** Remained 1 (8,3%) benchmark(s) to run. Estimated finish 2025-05-02 12:15 (0h 0m from now) **
Setup power plan (GUID: 8c5e7fda-e8bf-4a96-9a85-a6e23a8c635c FriendlyName: Hoge prestaties)
// **************************
// Benchmark: PriceBenchmark.'WebSocket CalculatePrice': DefaultJob [ConcurrentRequests=200]
// *** Execute ***
// Launch: 1 / 1
// Execute: dotnet d1c32135-65ea-490b-8039-31c9b25c8b97.dll --anonymousPipes 2052 2592 --benchmarkName "Webshop.Backend.Benchmarks.PriceBenchmark.WebSocket_CalculatePrice(ConcurrentRequests: 200)" --job Default --benchmarkId 11 in C:\HoGent24-25\Bachelorproef\PoC\Bachelorproef\WebshopBachelorproef\Webshop.Backend.Benchmarks\bin\Release\net8.0\d1c32135-65ea-490b-8039-31c9b25c8b97\bin\Release\net8.0
// BeforeAnythingElse

// Benchmark Process Environment Information:
// BenchmarkDotNet v0.14.0
// Runtime=.NET 8.0.8 (8.0.824.36612), X64 RyuJIT AVX2
// GC=Concurrent Workstation
// HardwareIntrinsics=AVX2,AES,BMI1,BMI2,FMA,LZCNT,PCLMUL,POPCNT,AvxVnni,SERIALIZE VectorSize=256
// Job: DefaultJob

OverheadJitting  1: 1 op, 232800.00 ns, 232.8000 us/op
WorkloadJitting  1: 1 op, 300494000.00 ns, 300.4940 ms/op

WorkloadPilot    1: 2 op, 659949100.00 ns, 329.9746 ms/op

WorkloadWarmup   1: 2 op, 407924300.00 ns, 203.9622 ms/op
WorkloadWarmup   2: 2 op, 398607700.00 ns, 199.3039 ms/op
WorkloadWarmup   3: 2 op, 395613200.00 ns, 197.8066 ms/op
WorkloadWarmup   4: 2 op, 666759800.00 ns, 333.3799 ms/op
WorkloadWarmup   5: 2 op, 405850700.00 ns, 202.9254 ms/op
WorkloadWarmup   6: 2 op, 398446900.00 ns, 199.2235 ms/op
WorkloadWarmup   7: 2 op, 384499900.00 ns, 192.2500 ms/op
WorkloadWarmup   8: 2 op, 401954200.00 ns, 200.9771 ms/op
WorkloadWarmup   9: 2 op, 384938500.00 ns, 192.4693 ms/op

// BeforeActualRun
WorkloadActual   1: 2 op, 384300800.00 ns, 192.1504 ms/op
WorkloadActual   2: 2 op, 382144300.00 ns, 191.0722 ms/op
WorkloadActual   3: 2 op, 381001900.00 ns, 190.5010 ms/op
WorkloadActual   4: 2 op, 380015600.00 ns, 190.0078 ms/op
WorkloadActual   5: 2 op, 383212700.00 ns, 191.6064 ms/op
WorkloadActual   6: 2 op, 386182400.00 ns, 193.0912 ms/op
WorkloadActual   7: 2 op, 381997700.00 ns, 190.9989 ms/op
WorkloadActual   8: 2 op, 385330600.00 ns, 192.6653 ms/op
WorkloadActual   9: 2 op, 413888900.00 ns, 206.9445 ms/op
WorkloadActual  10: 2 op, 403708500.00 ns, 201.8543 ms/op
WorkloadActual  11: 2 op, 428895500.00 ns, 214.4478 ms/op
WorkloadActual  12: 2 op, 407861900.00 ns, 203.9310 ms/op
WorkloadActual  13: 2 op, 418149200.00 ns, 209.0746 ms/op
WorkloadActual  14: 2 op, 410301300.00 ns, 205.1507 ms/op
WorkloadActual  15: 2 op, 408123800.00 ns, 204.0619 ms/op
WorkloadActual  16: 2 op, 400273400.00 ns, 200.1367 ms/op
WorkloadActual  17: 2 op, 406844500.00 ns, 203.4223 ms/op
WorkloadActual  18: 2 op, 405015500.00 ns, 202.5078 ms/op
WorkloadActual  19: 2 op, 405069500.00 ns, 202.5348 ms/op
WorkloadActual  20: 2 op, 402873100.00 ns, 201.4366 ms/op
WorkloadActual  21: 2 op, 406961500.00 ns, 203.4808 ms/op
WorkloadActual  22: 2 op, 413106300.00 ns, 206.5532 ms/op
WorkloadActual  23: 2 op, 422551700.00 ns, 211.2759 ms/op
WorkloadActual  24: 2 op, 395980300.00 ns, 197.9902 ms/op
WorkloadActual  25: 2 op, 409127300.00 ns, 204.5637 ms/op
WorkloadActual  26: 2 op, 412648500.00 ns, 206.3243 ms/op
WorkloadActual  27: 2 op, 406980500.00 ns, 203.4903 ms/op
WorkloadActual  28: 2 op, 400904400.00 ns, 200.4522 ms/op
WorkloadActual  29: 2 op, 411823600.00 ns, 205.9118 ms/op
WorkloadActual  30: 2 op, 413997000.00 ns, 206.9985 ms/op
WorkloadActual  31: 2 op, 407688700.00 ns, 203.8444 ms/op
WorkloadActual  32: 2 op, 392097900.00 ns, 196.0490 ms/op
WorkloadActual  33: 2 op, 420903100.00 ns, 210.4516 ms/op
WorkloadActual  34: 2 op, 409104300.00 ns, 204.5522 ms/op
WorkloadActual  35: 2 op, 423083600.00 ns, 211.5418 ms/op
WorkloadActual  36: 2 op, 400040800.00 ns, 200.0204 ms/op

// AfterActualRun
WorkloadResult   1: 2 op, 384300800.00 ns, 192.1504 ms/op
WorkloadResult   2: 2 op, 382144300.00 ns, 191.0722 ms/op
WorkloadResult   3: 2 op, 381001900.00 ns, 190.5010 ms/op
WorkloadResult   4: 2 op, 380015600.00 ns, 190.0078 ms/op
WorkloadResult   5: 2 op, 383212700.00 ns, 191.6064 ms/op
WorkloadResult   6: 2 op, 386182400.00 ns, 193.0912 ms/op
WorkloadResult   7: 2 op, 381997700.00 ns, 190.9989 ms/op
WorkloadResult   8: 2 op, 385330600.00 ns, 192.6653 ms/op
WorkloadResult   9: 2 op, 413888900.00 ns, 206.9445 ms/op
WorkloadResult  10: 2 op, 403708500.00 ns, 201.8543 ms/op
WorkloadResult  11: 2 op, 428895500.00 ns, 214.4478 ms/op
WorkloadResult  12: 2 op, 407861900.00 ns, 203.9310 ms/op
WorkloadResult  13: 2 op, 418149200.00 ns, 209.0746 ms/op
WorkloadResult  14: 2 op, 410301300.00 ns, 205.1507 ms/op
WorkloadResult  15: 2 op, 408123800.00 ns, 204.0619 ms/op
WorkloadResult  16: 2 op, 400273400.00 ns, 200.1367 ms/op
WorkloadResult  17: 2 op, 406844500.00 ns, 203.4223 ms/op
WorkloadResult  18: 2 op, 405015500.00 ns, 202.5078 ms/op
WorkloadResult  19: 2 op, 405069500.00 ns, 202.5348 ms/op
WorkloadResult  20: 2 op, 402873100.00 ns, 201.4366 ms/op
WorkloadResult  21: 2 op, 406961500.00 ns, 203.4808 ms/op
WorkloadResult  22: 2 op, 413106300.00 ns, 206.5532 ms/op
WorkloadResult  23: 2 op, 422551700.00 ns, 211.2759 ms/op
WorkloadResult  24: 2 op, 395980300.00 ns, 197.9902 ms/op
WorkloadResult  25: 2 op, 409127300.00 ns, 204.5637 ms/op
WorkloadResult  26: 2 op, 412648500.00 ns, 206.3243 ms/op
WorkloadResult  27: 2 op, 406980500.00 ns, 203.4903 ms/op
WorkloadResult  28: 2 op, 400904400.00 ns, 200.4522 ms/op
WorkloadResult  29: 2 op, 411823600.00 ns, 205.9118 ms/op
WorkloadResult  30: 2 op, 413997000.00 ns, 206.9985 ms/op
WorkloadResult  31: 2 op, 407688700.00 ns, 203.8444 ms/op
WorkloadResult  32: 2 op, 392097900.00 ns, 196.0490 ms/op
WorkloadResult  33: 2 op, 420903100.00 ns, 210.4516 ms/op
WorkloadResult  34: 2 op, 409104300.00 ns, 204.5522 ms/op
WorkloadResult  35: 2 op, 423083600.00 ns, 211.5418 ms/op
WorkloadResult  36: 2 op, 400040800.00 ns, 200.0204 ms/op
// GC:  1 0 0 10012632 2
// Threading:  6060 0 2

// AfterAll
// Benchmark Process 6992 has exited with code 0.

Mean = 201.697 ms, StdErr = 1.107 ms (0.55%), N = 36, StdDev = 6.645 ms
Min = 190.008 ms, Q1 = 197.505 ms, Median = 203.452 ms, Q3 = 206.015 ms, Max = 214.448 ms
IQR = 8.510 ms, LowerFence = 184.740 ms, UpperFence = 218.780 ms
ConfidenceInterval = [197.720 ms; 205.674 ms] (CI 99.9%), Margin = 3.977 ms (1.97% of Mean)
Skewness = -0.31, Kurtosis = 2.12, MValue = 2.24

// ** Remained 0 (0,0%) benchmark(s) to run. Estimated finish 2025-05-02 12:15 (0h 0m from now) **
Successfully reverted power plan (GUID: 8c5e7fda-e8bf-4a96-9a85-a6e23a8c635c FriendlyName: Hoge prestaties)
// ***** BenchmarkRunner: Finish  *****

// * Export *
  BenchmarkDotNet.Artifacts\results\Webshop.Backend.Benchmarks.PriceBenchmark-report.csv
  BenchmarkDotNet.Artifacts\results\Webshop.Backend.Benchmarks.PriceBenchmark-report-github.md
  BenchmarkDotNet.Artifacts\results\Webshop.Backend.Benchmarks.PriceBenchmark-report.html

// * Detailed results *
PriceBenchmark.'REST CalculatePrice': DefaultJob [ConcurrentRequests=50]
Runtime = .NET 8.0.8 (8.0.824.36612), X64 RyuJIT AVX2; GC = Concurrent Workstation
Mean = 1.803 ms, StdErr = 0.005 ms (0.26%), N = 13, StdDev = 0.017 ms
Min = 1.774 ms, Q1 = 1.793 ms, Median = 1.806 ms, Q3 = 1.811 ms, Max = 1.838 ms
IQR = 0.018 ms, LowerFence = 1.765 ms, UpperFence = 1.839 ms
ConfidenceInterval = [1.783 ms; 1.823 ms] (CI 99.9%), Margin = 0.020 ms (1.13% of Mean)
Skewness = 0.19, Kurtosis = 2.36, MValue = 2
-------------------- Histogram --------------------
[1.764 ms ; 1.847 ms) | @@@@@@@@@@@@@
---------------------------------------------------

PriceBenchmark.'GraphQL CalculatePrice': DefaultJob [ConcurrentRequests=50]
Runtime = .NET 8.0.8 (8.0.824.36612), X64 RyuJIT AVX2; GC = Concurrent Workstation
Mean = 2.683 ms, StdErr = 0.015 ms (0.55%), N = 31, StdDev = 0.082 ms
Min = 2.556 ms, Q1 = 2.627 ms, Median = 2.656 ms, Q3 = 2.717 ms, Max = 2.841 ms
IQR = 0.090 ms, LowerFence = 2.492 ms, UpperFence = 2.852 ms
ConfidenceInterval = [2.630 ms; 2.737 ms] (CI 99.9%), Margin = 0.054 ms (2.00% of Mean)
Skewness = 0.65, Kurtosis = 2.21, MValue = 2.13
-------------------- Histogram --------------------
[2.522 ms ; 2.593 ms) | @@
[2.593 ms ; 2.675 ms) | @@@@@@@@@@@@@@@@
[2.675 ms ; 2.783 ms) | @@@@@@
[2.783 ms ; 2.851 ms) | @@@@@@@
---------------------------------------------------

PriceBenchmark.'SignalR CalculatePrice': DefaultJob [ConcurrentRequests=50]
Runtime = .NET 8.0.8 (8.0.824.36612), X64 RyuJIT AVX2; GC = Concurrent Workstation
Mean = 267.083 ms, StdErr = 1.298 ms (0.49%), N = 17, StdDev = 5.354 ms
Min = 258.443 ms, Q1 = 262.847 ms, Median = 267.569 ms, Q3 = 270.870 ms, Max = 276.300 ms
IQR = 8.023 ms, LowerFence = 250.812 ms, UpperFence = 282.904 ms
ConfidenceInterval = [261.870 ms; 272.297 ms] (CI 99.9%), Margin = 5.213 ms (1.95% of Mean)
Skewness = 0.11, Kurtosis = 1.68, MValue = 2
-------------------- Histogram --------------------
[257.321 ms ; 262.772 ms) | @@@@
[262.772 ms ; 268.238 ms) | @@@@@@@
[268.238 ms ; 279.033 ms) | @@@@@@
---------------------------------------------------

PriceBenchmark.'WebSocket CalculatePrice': DefaultJob [ConcurrentRequests=50]
Runtime = .NET 8.0.8 (8.0.824.36612), X64 RyuJIT AVX2; GC = Concurrent Workstation
Mean = 56.344 ms, StdErr = 0.231 ms (0.41%), N = 15, StdDev = 0.896 ms
Min = 54.655 ms, Q1 = 55.578 ms, Median = 56.523 ms, Q3 = 57.122 ms, Max = 57.418 ms
IQR = 1.543 ms, LowerFence = 53.263 ms, UpperFence = 59.437 ms
ConfidenceInterval = [55.386 ms; 57.301 ms] (CI 99.9%), Margin = 0.957 ms (1.70% of Mean)
Skewness = -0.36, Kurtosis = 1.64, MValue = 2
-------------------- Histogram --------------------
[54.179 ms ; 56.141 ms) | @@@@@@
[56.141 ms ; 57.540 ms) | @@@@@@@@@
---------------------------------------------------

PriceBenchmark.'REST CalculatePrice': DefaultJob [ConcurrentRequests=100]
Runtime = .NET 8.0.8 (8.0.824.36612), X64 RyuJIT AVX2; GC = Concurrent Workstation
Mean = 3.348 ms, StdErr = 0.012 ms (0.37%), N = 15, StdDev = 0.048 ms
Min = 3.278 ms, Q1 = 3.312 ms, Median = 3.324 ms, Q3 = 3.388 ms, Max = 3.425 ms
IQR = 0.076 ms, LowerFence = 3.198 ms, UpperFence = 3.502 ms
ConfidenceInterval = [3.297 ms; 3.400 ms] (CI 99.9%), Margin = 0.052 ms (1.54% of Mean)
Skewness = 0.23, Kurtosis = 1.38, MValue = 2
-------------------- Histogram --------------------
[3.268 ms ; 3.427 ms) | @@@@@@@@@@@@@@@
---------------------------------------------------

PriceBenchmark.'GraphQL CalculatePrice': DefaultJob [ConcurrentRequests=100]
Runtime = .NET 8.0.8 (8.0.824.36612), X64 RyuJIT AVX2; GC = Concurrent Workstation
Mean = 4.952 ms, StdErr = 0.025 ms (0.51%), N = 20, StdDev = 0.112 ms
Min = 4.833 ms, Q1 = 4.871 ms, Median = 4.914 ms, Q3 = 5.022 ms, Max = 5.235 ms
IQR = 0.151 ms, LowerFence = 4.645 ms, UpperFence = 5.249 ms
ConfidenceInterval = [4.855 ms; 5.050 ms] (CI 99.9%), Margin = 0.097 ms (1.97% of Mean)
Skewness = 1.03, Kurtosis = 3.07, MValue = 2
-------------------- Histogram --------------------
[4.826 ms ; 4.934 ms) | @@@@@@@@@@@
[4.934 ms ; 5.053 ms) | @@@@@@
[5.053 ms ; 5.256 ms) | @@@
---------------------------------------------------

PriceBenchmark.'SignalR CalculatePrice': DefaultJob [ConcurrentRequests=100]
Runtime = .NET 8.0.8 (8.0.824.36612), X64 RyuJIT AVX2; GC = Concurrent Workstation
Mean = 565.148 ms, StdErr = 2.821 ms (0.50%), N = 18, StdDev = 11.971 ms
Min = 545.635 ms, Q1 = 554.730 ms, Median = 562.933 ms, Q3 = 575.995 ms, Max = 582.836 ms
IQR = 21.264 ms, LowerFence = 522.834 ms, UpperFence = 607.891 ms
ConfidenceInterval = [553.961 ms; 576.336 ms] (CI 99.9%), Margin = 11.188 ms (1.98% of Mean)
Skewness = -0.01, Kurtosis = 1.42, MValue = 2
-------------------- Histogram --------------------
[539.640 ms ; 561.866 ms) | @@@@@@@@@
[561.866 ms ; 583.626 ms) | @@@@@@@@@
---------------------------------------------------

PriceBenchmark.'WebSocket CalculatePrice': DefaultJob [ConcurrentRequests=100]
Runtime = .NET 8.0.8 (8.0.824.36612), X64 RyuJIT AVX2; GC = Concurrent Workstation
Mean = 106.683 ms, StdErr = 0.551 ms (0.52%), N = 22, StdDev = 2.582 ms
Min = 99.429 ms, Q1 = 105.567 ms, Median = 106.898 ms, Q3 = 108.551 ms, Max = 110.242 ms
IQR = 2.984 ms, LowerFence = 101.092 ms, UpperFence = 113.027 ms
ConfidenceInterval = [104.580 ms; 108.786 ms] (CI 99.9%), Margin = 2.103 ms (1.97% of Mean)
Skewness = -1, Kurtosis = 3.68, MValue = 2
-------------------- Histogram --------------------
[ 98.219 ms ; 100.638 ms) | @
[100.638 ms ; 103.626 ms) | @
[103.626 ms ; 106.514 ms) | @@@@@@
[106.514 ms ; 108.933 ms) | @@@@@@@@@@@
[108.933 ms ; 111.452 ms) | @@@
---------------------------------------------------

PriceBenchmark.'REST CalculatePrice': DefaultJob [ConcurrentRequests=200]
Runtime = .NET 8.0.8 (8.0.824.36612), X64 RyuJIT AVX2; GC = Concurrent Workstation
Mean = 6.474 ms, StdErr = 0.020 ms (0.32%), N = 15, StdDev = 0.079 ms
Min = 6.371 ms, Q1 = 6.417 ms, Median = 6.454 ms, Q3 = 6.530 ms, Max = 6.625 ms
IQR = 0.113 ms, LowerFence = 6.247 ms, UpperFence = 6.700 ms
ConfidenceInterval = [6.389 ms; 6.558 ms] (CI 99.9%), Margin = 0.085 ms (1.31% of Mean)
Skewness = 0.46, Kurtosis = 1.8, MValue = 2
-------------------- Histogram --------------------
[6.349 ms ; 6.530 ms) | @@@@@@@@@@@
[6.530 ms ; 6.667 ms) | @@@@
---------------------------------------------------

PriceBenchmark.'GraphQL CalculatePrice': DefaultJob [ConcurrentRequests=200]
Runtime = .NET 8.0.8 (8.0.824.36612), X64 RyuJIT AVX2; GC = Concurrent Workstation
Mean = 9.586 ms, StdErr = 0.047 ms (0.49%), N = 17, StdDev = 0.195 ms
Min = 9.336 ms, Q1 = 9.463 ms, Median = 9.537 ms, Q3 = 9.666 ms, Max = 9.947 ms
IQR = 0.202 ms, LowerFence = 9.160 ms, UpperFence = 9.969 ms
ConfidenceInterval = [9.396 ms; 9.777 ms] (CI 99.9%), Margin = 0.190 ms (1.98% of Mean)
Skewness = 0.45, Kurtosis = 1.86, MValue = 2
-------------------- Histogram --------------------
[9.320 ms ; 9.519 ms) | @@@@@@@@
[9.519 ms ; 9.778 ms) | @@@@@
[9.778 ms ; 9.978 ms) | @@@@
---------------------------------------------------

PriceBenchmark.'SignalR CalculatePrice': DefaultJob [ConcurrentRequests=200]
Runtime = .NET 8.0.8 (8.0.824.36612), X64 RyuJIT AVX2; GC = Concurrent Workstation
Mean = 1.169 s, StdErr = 0.006 s (0.50%), N = 19, StdDev = 0.026 s
Min = 1.134 s, Q1 = 1.149 s, Median = 1.165 s, Q3 = 1.183 s, Max = 1.221 s
IQR = 0.034 s, LowerFence = 1.098 s, UpperFence = 1.234 s
ConfidenceInterval = [1.146 s; 1.192 s] (CI 99.9%), Margin = 0.023 s (1.98% of Mean)
Skewness = 0.38, Kurtosis = 2.03, MValue = 2
-------------------- Histogram --------------------
[1.126 s ; 1.155 s) | @@@@@
[1.155 s ; 1.180 s) | @@@@@@@@@
[1.180 s ; 1.206 s) | @@@
[1.206 s ; 1.234 s) | @@
---------------------------------------------------

PriceBenchmark.'WebSocket CalculatePrice': DefaultJob [ConcurrentRequests=200]
Runtime = .NET 8.0.8 (8.0.824.36612), X64 RyuJIT AVX2; GC = Concurrent Workstation
Mean = 201.697 ms, StdErr = 1.107 ms (0.55%), N = 36, StdDev = 6.645 ms
Min = 190.008 ms, Q1 = 197.505 ms, Median = 203.452 ms, Q3 = 206.015 ms, Max = 214.448 ms
IQR = 8.510 ms, LowerFence = 184.740 ms, UpperFence = 218.780 ms
ConfidenceInterval = [197.720 ms; 205.674 ms] (CI 99.9%), Margin = 3.977 ms (1.97% of Mean)
Skewness = -0.31, Kurtosis = 2.12, MValue = 2.24
-------------------- Histogram --------------------
[188.908 ms ; 194.191 ms) | @@@@@@@@
[194.191 ms ; 201.785 ms) | @@@@@@
[201.785 ms ; 207.068 ms) | @@@@@@@@@@@@@@@@@
[207.068 ms ; 217.089 ms) | @@@@@
---------------------------------------------------

// * Summary *

BenchmarkDotNet v0.14.0, Windows 11 (10.0.26100.3775)
12th Gen Intel Core i7-12700H, 1 CPU, 20 logical and 14 physical cores
.NET SDK 8.0.400
  [Host]     : .NET 8.0.8 (8.0.824.36612), X64 RyuJIT AVX2
  DefaultJob : .NET 8.0.8 (8.0.824.36612), X64 RyuJIT AVX2


| Method                     | ConcurrentRequests | Mean         | Error      | StdDev     | Gen0     | Gen1    | Allocated  |
|--------------------------- |------------------- |-------------:|-----------:|-----------:|---------:|--------:|-----------:|
| 'REST CalculatePrice'      | 50                 |     1.803 ms |  0.0204 ms |  0.0171 ms |   7.8125 |       - |  171.18 KB |
| 'GraphQL CalculatePrice'   | 50                 |     2.683 ms |  0.0536 ms |  0.0819 ms |  15.6250 |       - |  195.05 KB |
| 'SignalR CalculatePrice'   | 50                 |   267.083 ms |  5.2134 ms |  5.3537 ms |        - |       - |  173.43 KB |
| 'WebSocket CalculatePrice' | 50                 |    56.344 ms |  0.9574 ms |  0.8955 ms | 111.1111 |       - | 1245.32 KB |
| 'REST CalculatePrice'      | 100                |     3.348 ms |  0.0516 ms |  0.0482 ms |  27.3438 |       - |  341.86 KB |
| 'GraphQL CalculatePrice'   | 100                |     4.952 ms |  0.0974 ms |  0.1121 ms |  31.2500 |       - |  389.88 KB |
| 'SignalR CalculatePrice'   | 100                |   565.148 ms | 11.1875 ms | 11.9705 ms |        - |       - |  352.39 KB |
| 'WebSocket CalculatePrice' | 100                |   106.683 ms |  2.1028 ms |  2.5824 ms | 200.0000 |       - | 2469.58 KB |
| 'REST CalculatePrice'      | 200                |     6.474 ms |  0.0846 ms |  0.0792 ms |  54.6875 |       - |  683.32 KB |
| 'GraphQL CalculatePrice'   | 200                |     9.586 ms |  0.1901 ms |  0.1952 ms |  62.5000 | 15.6250 |  778.56 KB |
| 'SignalR CalculatePrice'   | 200                | 1,169.264 ms | 23.1315 ms | 25.7106 ms |        - |       - |  664.55 KB |
| 'WebSocket CalculatePrice' | 200                |   201.697 ms |  3.9771 ms |  6.6449 ms | 500.0000 |       - | 4888.98 KB |

// * Hints *
Outliers
  PriceBenchmark.'REST CalculatePrice': Default      -> 2 outliers were removed (1.93 ms, 1.93 ms)
  PriceBenchmark.'SignalR CalculatePrice': Default   -> 1 outlier  was  removed (296.33 ms)
  PriceBenchmark.'GraphQL CalculatePrice': Default   -> 1 outlier  was  removed (5.54 ms)
  PriceBenchmark.'WebSocket CalculatePrice': Default -> 1 outlier  was  detected (99.43 ms)

// * Legends *
  ConcurrentRequests : Value of the 'ConcurrentRequests' parameter
  Mean               : Arithmetic mean of all measurements
  Error              : Half of 99.9% confidence interval
  StdDev             : Standard deviation of all measurements
  Gen0               : GC Generation 0 collects per 1000 operations
  Gen1               : GC Generation 1 collects per 1000 operations
  Allocated          : Allocated memory per single operation (managed only, inclusive, 1KB = 1024B)
  1 ms               : 1 Millisecond (0.001 sec)

// * Diagnostic Output - MemoryDiagnoser *


// ***** BenchmarkRunner: End *****
Run time: 00:04:04 (244.69 sec), executed benchmarks: 12

Global total time: 00:04:20 (260.92 sec), executed benchmarks: 12
// * Artifacts cleanup *
Artifacts cleanup is finished
